16:55:22 **** Clean-only build of configuration Debug for project 001Tasks ****
make -j11 clean 
rm -rf ./ThirdParty/SEGGER/SEGGER/Syscalls/SEGGER_RTT_Syscalls_GCC.cyclo ./ThirdParty/SEGGER/SEGGER/Syscalls/SEGGER_RTT_Syscalls_GCC.d ./ThirdParty/SEGGER/SEGGER/Syscalls/SEGGER_RTT_Syscalls_GCC.o ./ThirdParty/SEGGER/SEGGER/Syscalls/SEGGER_RTT_Syscalls_GCC.su
rm -rf ./ThirdParty/SEGGER/SEGGER/SEGGER_RTT.cyclo ./ThirdParty/SEGGER/SEGGER/SEGGER_RTT.d ./ThirdParty/SEGGER/SEGGER/SEGGER_RTT.o ./ThirdParty/SEGGER/SEGGER/SEGGER_RTT.su ./ThirdParty/SEGGER/SEGGER/SEGGER_RTT_ASM_ARMv7M.d ./ThirdParty/SEGGER/SEGGER/SEGGER_RTT_ASM_ARMv7M.o ./ThirdParty/SEGGER/SEGGER/SEGGER_RTT_printf.cyclo ./ThirdParty/SEGGER/SEGGER/SEGGER_RTT_printf.d ./ThirdParty/SEGGER/SEGGER/SEGGER_RTT_printf.o ./ThirdParty/SEGGER/SEGGER/SEGGER_RTT_printf.su ./ThirdParty/SEGGER/SEGGER/SEGGER_SYSVIEW.cyclo ./ThirdParty/SEGGER/SEGGER/SEGGER_SYSVIEW.d ./ThirdParty/SEGGER/SEGGER/SEGGER_SYSVIEW.o ./ThirdParty/SEGGER/SEGGER/SEGGER_SYSVIEW.su
rm -rf ./ThirdParty/SEGGER/OS/SEGGER_SYSVIEW_FreeRTOS.cyclo ./ThirdParty/SEGGER/OS/SEGGER_SYSVIEW_FreeRTOS.d ./ThirdParty/SEGGER/OS/SEGGER_SYSVIEW_FreeRTOS.o ./ThirdParty/SEGGER/OS/SEGGER_SYSVIEW_FreeRTOS.su
rm -rf ./ThirdParty/SEGGER/Config/SEGGER_SYSVIEW_Config_FreeRTOS.cyclo ./ThirdParty/SEGGER/Config/SEGGER_SYSVIEW_Config_FreeRTOS.d ./ThirdParty/SEGGER/Config/SEGGER_SYSVIEW_Config_FreeRTOS.o ./ThirdParty/SEGGER/Config/SEGGER_SYSVIEW_Config_FreeRTOS.su
rm -rf ./ThirdParty/FreeRTOS/portable/MemMang/heap_4.cyclo ./ThirdParty/FreeRTOS/portable/MemMang/heap_4.d ./ThirdParty/FreeRTOS/portable/MemMang/heap_4.o ./ThirdParty/FreeRTOS/portable/MemMang/heap_4.su
rm -rf ./ThirdParty/FreeRTOS/portable/GCC/ARM_CM4F/port.cyclo ./ThirdParty/FreeRTOS/portable/GCC/ARM_CM4F/port.d ./ThirdParty/FreeRTOS/portable/GCC/ARM_CM4F/port.o ./ThirdParty/FreeRTOS/portable/GCC/ARM_CM4F/port.su
rm -rf ./ThirdParty/FreeRTOS/croutine.cyclo ./ThirdParty/FreeRTOS/croutine.d ./ThirdParty/FreeRTOS/croutine.o ./ThirdParty/FreeRTOS/croutine.su ./ThirdParty/FreeRTOS/event_groups.cyclo ./ThirdParty/FreeRTOS/event_groups.d ./ThirdParty/FreeRTOS/event_groups.o ./ThirdParty/FreeRTOS/event_groups.su ./ThirdParty/FreeRTOS/list.cyclo ./ThirdParty/FreeRTOS/list.d ./ThirdParty/FreeRTOS/list.o ./ThirdParty/FreeRTOS/list.su ./ThirdParty/FreeRTOS/queue.cyclo ./ThirdParty/FreeRTOS/queue.d ./ThirdParty/FreeRTOS/queue.o ./ThirdParty/FreeRTOS/queue.su ./ThirdParty/FreeRTOS/stream_buffer.cyclo ./ThirdParty/FreeRTOS/stream_buffer.d ./ThirdParty/FreeRTOS/stream_buffer.o ./ThirdParty/FreeRTOS/stream_buffer.su ./ThirdParty/FreeRTOS/tasks.cyclo ./ThirdParty/FreeRTOS/tasks.d ./ThirdParty/FreeRTOS/tasks.o ./ThirdParty/FreeRTOS/tasks.su ./ThirdParty/FreeRTOS/timers.cyclo ./ThirdParty/FreeRTOS/timers.d ./ThirdParty/FreeRTOS/timers.o ./ThirdParty/FreeRTOS/timers.su
rm -rf ./Drivers/STM32F4xx_HAL_Driver/Src/stm32f4xx_hal.cyclo ./Drivers/STM32F4xx_HAL_Driver/Src/stm32f4xx_hal.d ./Drivers/STM32F4xx_HAL_Driver/Src/stm32f4xx_hal.o ./Drivers/STM32F4xx_HAL_Driver/Src/stm32f4xx_hal.su ./Drivers/STM32F4xx_HAL_Driver/Src/stm32f4xx_hal_cortex.cyclo ./Drivers/STM32F4xx_HAL_Driver/Src/stm32f4xx_hal_cortex.d ./Drivers/STM32F4xx_HAL_Driver/Src/stm32f4xx_hal_cortex.o ./Drivers/STM32F4xx_HAL_Driver/Src/stm32f4xx_hal_cortex.su ./Drivers/STM32F4xx_HAL_Driver/Src/stm32f4xx_hal_dma.cyclo ./Drivers/STM32F4xx_HAL_Driver/Src/stm32f4xx_hal_dma.d ./Drivers/STM32F4xx_HAL_Driver/Src/stm32f4xx_hal_dma.o ./Drivers/STM32F4xx_HAL_Driver/Src/stm32f4xx_hal_dma.su ./Drivers/STM32F4xx_HAL_Driver/Src/stm32f4xx_hal_dma_ex.cyclo ./Drivers/STM32F4xx_HAL_Driver/Src/stm32f4xx_hal_dma_ex.d ./Drivers/STM32F4xx_HAL_Driver/Src/stm32f4xx_hal_dma_ex.o ./Drivers/STM32F4xx_HAL_Driver/Src/stm32f4xx_hal_dma_ex.su ./Drivers/STM32F4xx_HAL_Driver/Src/stm32f4xx_hal_exti.cyclo ./Drivers/STM32F4xx_HAL_Driver/Src/stm32f4xx_hal_exti.d ./Drivers/STM32F4xx_HAL_Driver/Src/stm32f4xx_hal_exti.o ./Drivers/STM32F4xx_HAL_Driver/Src/stm32f4xx_hal_exti.su ./Drivers/STM32F4xx_HAL_Driver/Src/stm32f4xx_hal_flash.cyclo ./Drivers/STM32F4xx_HAL_Driver/Src/stm32f4xx_hal_flash.d ./Drivers/STM32F4xx_HAL_Driver/Src/stm32f4xx_hal_flash.o ./Drivers/STM32F4xx_HAL_Driver/Src/stm32f4xx_hal_flash.su ./Drivers/STM32F4xx_HAL_Driver/Src/stm32f4xx_hal_flash_ex.cyclo ./Drivers/STM32F4xx_HAL_Driver/Src/stm32f4xx_hal_flash_ex.d ./Drivers/STM32F4xx_HAL_Driver/Src/stm32f4xx_hal_flash_ex.o ./Drivers/STM32F4xx_HAL_Driver/Src/stm32f4xx_hal_flash_ex.su ./Drivers/STM32F4xx_HAL_Driver/Src/stm32f4xx_hal_flash_ramfunc.cyclo ./Drivers/STM32F4xx_HAL_Driver/Src/stm32f4xx_hal_flash_ramfunc.d ./Drivers/STM32F4xx_HAL_Driver/Src/stm32f4xx_hal_flash_ramfunc.o ./Drivers/STM32F4xx_HAL_Driver/Src/stm32f4xx_hal_flash_ramfunc.su ./Drivers/STM32F4xx_HAL_Driver/Src/stm32f4xx_hal_gpio.cyclo ./Drivers/STM32F4xx_HAL_Driver/Src/stm32f4xx_hal_gpio.d ./Drivers/STM32F4xx_HAL_Driver/Src/stm32f4xx_hal_gpio.o ./Drivers/STM32F4xx_HAL_Driver/Src/stm32f4xx_hal_gpio.su ./Drivers/STM32F4xx_HAL_Driver/Src/stm32f4xx_hal_pwr.cyclo ./Drivers/STM32F4xx_HAL_Driver/Src/stm32f4xx_hal_pwr.d ./Drivers/STM32F4xx_HAL_Driver/Src/stm32f4xx_hal_pwr.o ./Drivers/STM32F4xx_HAL_Driver/Src/stm32f4xx_hal_pwr.su ./Drivers/STM32F4xx_HAL_Driver/Src/stm32f4xx_hal_pwr_ex.cyclo ./Drivers/STM32F4xx_HAL_Driver/Src/stm32f4xx_hal_pwr_ex.d ./Drivers/STM32F4xx_HAL_Driver/Src/stm32f4xx_hal_pwr_ex.o ./Drivers/STM32F4xx_HAL_Driver/Src/stm32f4xx_hal_pwr_ex.su ./Drivers/STM32F4xx_HAL_Driver/Src/stm32f4xx_hal_rcc.cyclo ./Drivers/STM32F4xx_HAL_Driver/Src/stm32f4xx_hal_rcc.d ./Drivers/STM32F4xx_HAL_Driver/Src/stm32f4xx_hal_rcc.o ./Drivers/STM32F4xx_HAL_Driver/Src/stm32f4xx_hal_rcc.su ./Drivers/STM32F4xx_HAL_Driver/Src/stm32f4xx_hal_rcc_ex.cyclo ./Drivers/STM32F4xx_HAL_Driver/Src/stm32f4xx_hal_rcc_ex.d ./Drivers/STM32F4xx_HAL_Driver/Src/stm32f4xx_hal_rcc_ex.o ./Drivers/STM32F4xx_HAL_Driver/Src/stm32f4xx_hal_rcc_ex.su ./Drivers/STM32F4xx_HAL_Driver/Src/stm32f4xx_hal_tim.cyclo ./Drivers/STM32F4xx_HAL_Driver/Src/stm32f4xx_hal_tim.d ./Drivers/STM32F4xx_HAL_Driver/Src/stm32f4xx_hal_tim.o ./Drivers/STM32F4xx_HAL_Driver/Src/stm32f4xx_hal_tim.su ./Drivers/STM32F4xx_HAL_Driver/Src/stm32f4xx_hal_tim_ex.cyclo ./Drivers/STM32F4xx_HAL_Driver/Src/stm32f4xx_hal_tim_ex.d ./Drivers/STM32F4xx_HAL_Driver/Src/stm32f4xx_hal_tim_ex.o ./Drivers/STM32F4xx_HAL_Driver/Src/stm32f4xx_hal_tim_ex.su
rm -rf ./Core/Startup/startup_stm32f407vgtx.d ./Core/Startup/startup_stm32f407vgtx.o
rm -rf ./Core/Src/main.cyclo ./Core/Src/main.d ./Core/Src/main.o ./Core/Src/main.su ./Core/Src/stm32f4xx_hal_msp.cyclo ./Core/Src/stm32f4xx_hal_msp.d ./Core/Src/stm32f4xx_hal_msp.o ./Core/Src/stm32f4xx_hal_msp.su ./Core/Src/stm32f4xx_hal_timebase_tim.cyclo ./Core/Src/stm32f4xx_hal_timebase_tim.d ./Core/Src/stm32f4xx_hal_timebase_tim.o ./Core/Src/stm32f4xx_hal_timebase_tim.su ./Core/Src/stm32f4xx_it.cyclo ./Core/Src/stm32f4xx_it.d ./Core/Src/stm32f4xx_it.o ./Core/Src/stm32f4xx_it.su ./Core/Src/syscalls.cyclo ./Core/Src/syscalls.d ./Core/Src/syscalls.o ./Core/Src/syscalls.su ./Core/Src/system_stm32f4xx.cyclo ./Core/Src/system_stm32f4xx.d ./Core/Src/system_stm32f4xx.o ./Core/Src/system_stm32f4xx.su
rm -rf 001Tasks.elf 001Tasks.list 001Tasks.map default.size.stdout
 
16:55:45 **** Incremental Build of configuration Debug for project 002Led_Tasks ****
make -j11 all 
arm-none-eabi-size  002Led_Tasks.elf 
   text	   data	    bss	    dec	    hex	filename
  27344	    108	  80724	 108176	  1a690	002Led_Tasks.elf
Finished building: default.size.stdout
 
16:58:03 **** Incremental Build of configuration Debug for project 002Led_Tasks ****
make -j11 all 
arm-none-eabi-gcc "../Core/Src/main.c" -mcpu=cortex-m4 -std=gnu11 -g3 -DDEBUG -DUSE_HAL_DRIVER -DSTM32F407xx -c -I../Core/Inc -I../Drivers/STM32F4xx_HAL_Driver/Inc -I../Drivers/STM32F4xx_HAL_Driver/Inc/Legacy -I../Drivers/CMSIS/Device/ST/STM32F4xx/Include -I../Drivers/CMSIS/Include -I/Users/mauricewashington/projects/udemy/Embedded-C/My_workspace/RTOS/common/ThirdParty/FreeRTOS/include -I/Users/mauricewashington/projects/udemy/Embedded-C/My_workspace/RTOS/common/ThirdParty/FreeRTOS/portable/GCC/ARM_CM4F -I/Users/mauricewashington/projects/udemy/Embedded-C/My_workspace/RTOS/common/ThirdParty/SEGGER/Config -I/Users/mauricewashington/projects/udemy/Embedded-C/My_workspace/RTOS/common/ThirdParty/SEGGER/OS -I/Users/mauricewashington/projects/udemy/Embedded-C/My_workspace/RTOS/common/ThirdParty/SEGGER/SEGGER -I/Users/mauricewashington/projects/udemy/Embedded-C/My_workspace/RTOS/common/ThirdParty/FreeRTOS -O0 -ffunction-sections -fdata-sections -Wall -fstack-usage -fcyclomatic-complexity -MMD -MP -MF"Core/Src/main.d" -MT"Core/Src/main.o" --specs=nano.specs -mfpu=fpv4-sp-d16 -mfloat-abi=hard -mthumb -o "Core/Src/main.o"
../Core/Src/main.c: In function 'main':
../Core/Src/main.c:105:3: error: 'DWT_CTRL' undeclared (first use in this function)
  105 |   DWT_CTRL |= (1 << 0);
      |   ^~~~~~~~
../Core/Src/main.c:105:3: note: each undeclared identifier is reported only once for each function it appears in
make: *** [Core/Src/subdir.mk:37: Core/Src/main.o] Error 1
"make -j11 all" terminated with exit code 2. Build might be incomplete.
16:58:47 **** Incremental Build of configuration Debug for project 002Led_Tasks ****
make -j11 all 
arm-none-eabi-gcc "../Core/Src/main.c" -mcpu=cortex-m4 -std=gnu11 -g3 -DDEBUG -DUSE_HAL_DRIVER -DSTM32F407xx -c -I../Core/Inc -I../Drivers/STM32F4xx_HAL_Driver/Inc -I../Drivers/STM32F4xx_HAL_Driver/Inc/Legacy -I../Drivers/CMSIS/Device/ST/STM32F4xx/Include -I../Drivers/CMSIS/Include -I/Users/mauricewashington/projects/udemy/Embedded-C/My_workspace/RTOS/common/ThirdParty/FreeRTOS/include -I/Users/mauricewashington/projects/udemy/Embedded-C/My_workspace/RTOS/common/ThirdParty/FreeRTOS/portable/GCC/ARM_CM4F -I/Users/mauricewashington/projects/udemy/Embedded-C/My_workspace/RTOS/common/ThirdParty/SEGGER/Config -I/Users/mauricewashington/projects/udemy/Embedded-C/My_workspace/RTOS/common/ThirdParty/SEGGER/OS -I/Users/mauricewashington/projects/udemy/Embedded-C/My_workspace/RTOS/common/ThirdParty/SEGGER/SEGGER -I/Users/mauricewashington/projects/udemy/Embedded-C/My_workspace/RTOS/common/ThirdParty/FreeRTOS -O0 -ffunction-sections -fdata-sections -Wall -fstack-usage -fcyclomatic-complexity -MMD -MP -MF"Core/Src/main.d" -MT"Core/Src/main.o" --specs=nano.specs -mfpu=fpv4-sp-d16 -mfloat-abi=hard -mthumb -o "Core/Src/main.o"
arm-none-eabi-gcc -o "002Led_Tasks.elf" @"objects.list"   -mcpu=cortex-m4 -T"/Users/mauricewashington/projects/udemy/Embedded-C/My_workspace/RTOS/002Led_Tasks/STM32F407VGTX_FLASH.ld" --specs=nosys.specs -Wl,-Map="002Led_Tasks.map" -Wl,--gc-sections -static --specs=nano.specs -mfpu=fpv4-sp-d16 -mfloat-abi=hard -mthumb -Wl,--start-group -lc -lm -Wl,--end-group
Finished building target: 002Led_Tasks.elf
 
arm-none-eabi-size  002Led_Tasks.elf 
arm-none-eabi-objdump -h -S 002Led_Tasks.elf  > "002Led_Tasks.list"
   text	   data	    bss	    dec	    hex	filename
  28628	    108	  84828	 113564	  1bb9c	002Led_Tasks.elf
Finished building: default.size.stdout
 
Finished building: 002Led_Tasks.list
 
16:58:53 **** Incremental Build of configuration Debug for project 002Led_Tasks ****
make -j11 all 
arm-none-eabi-size  002Led_Tasks.elf 
   text	   data	    bss	    dec	    hex	filename
  28628	    108	  84828	 113564	  1bb9c	002Led_Tasks.elf
Finished building: default.size.stdout
 
17:02:24 **** Incremental Build of configuration Debug for project 002Led_Tasks ****
make -j11 all 
arm-none-eabi-gcc "/Users/mauricewashington/projects/udemy/Embedded-C/My_workspace/RTOS/common/ThirdParty/SEGGER/OS/SEGGER_SYSVIEW_FreeRTOS.c" -mcpu=cortex-m4 -std=gnu11 -g3 -DDEBUG -DUSE_HAL_DRIVER -DSTM32F407xx -c -I../Core/Inc -I../Drivers/STM32F4xx_HAL_Driver/Inc -I../Drivers/STM32F4xx_HAL_Driver/Inc/Legacy -I../Drivers/CMSIS/Device/ST/STM32F4xx/Include -I../Drivers/CMSIS/Include -I/Users/mauricewashington/projects/udemy/Embedded-C/My_workspace/RTOS/common/ThirdParty/FreeRTOS/include -I/Users/mauricewashington/projects/udemy/Embedded-C/My_workspace/RTOS/common/ThirdParty/FreeRTOS/portable/GCC/ARM_CM4F -I/Users/mauricewashington/projects/udemy/Embedded-C/My_workspace/RTOS/common/ThirdParty/SEGGER/Config -I/Users/mauricewashington/projects/udemy/Embedded-C/My_workspace/RTOS/common/ThirdParty/SEGGER/OS -I/Users/mauricewashington/projects/udemy/Embedded-C/My_workspace/RTOS/common/ThirdParty/SEGGER/SEGGER -I/Users/mauricewashington/projects/udemy/Embedded-C/My_workspace/RTOS/common/ThirdParty/FreeRTOS -O0 -ffunction-sections -fdata-sections -Wall -fstack-usage -fcyclomatic-complexity -MMD -MP -MF"common/ThirdParty/SEGGER/OS/SEGGER_SYSVIEW_FreeRTOS.d" -MT"common/ThirdParty/SEGGER/OS/SEGGER_SYSVIEW_FreeRTOS.o" --specs=nano.specs -mfpu=fpv4-sp-d16 -mfloat-abi=hard -mthumb -o "common/ThirdParty/SEGGER/OS/SEGGER_SYSVIEW_FreeRTOS.o"
arm-none-eabi-gcc "/Users/mauricewashington/projects/udemy/Embedded-C/My_workspace/RTOS/common/ThirdParty/SEGGER/Config/SEGGER_SYSVIEW_Config_FreeRTOS.c" -mcpu=cortex-m4 -std=gnu11 -g3 -DDEBUG -DUSE_HAL_DRIVER -DSTM32F407xx -c -I../Core/Inc -I../Drivers/STM32F4xx_HAL_Driver/Inc -I../Drivers/STM32F4xx_HAL_Driver/Inc/Legacy -I../Drivers/CMSIS/Device/ST/STM32F4xx/Include -I../Drivers/CMSIS/Include -I/Users/mauricewashington/projects/udemy/Embedded-C/My_workspace/RTOS/common/ThirdParty/FreeRTOS/include -I/Users/mauricewashington/projects/udemy/Embedded-C/My_workspace/RTOS/common/ThirdParty/FreeRTOS/portable/GCC/ARM_CM4F -I/Users/mauricewashington/projects/udemy/Embedded-C/My_workspace/RTOS/common/ThirdParty/SEGGER/Config -I/Users/mauricewashington/projects/udemy/Embedded-C/My_workspace/RTOS/common/ThirdParty/SEGGER/OS -I/Users/mauricewashington/projects/udemy/Embedded-C/My_workspace/RTOS/common/ThirdParty/SEGGER/SEGGER -I/Users/mauricewashington/projects/udemy/Embedded-C/My_workspace/RTOS/common/ThirdParty/FreeRTOS -O0 -ffunction-sections -fdata-sections -Wall -fstack-usage -fcyclomatic-complexity -MMD -MP -MF"common/ThirdParty/SEGGER/Config/SEGGER_SYSVIEW_Config_FreeRTOS.d" -MT"common/ThirdParty/SEGGER/Config/SEGGER_SYSVIEW_Config_FreeRTOS.o" --specs=nano.specs -mfpu=fpv4-sp-d16 -mfloat-abi=hard -mthumb -o "common/ThirdParty/SEGGER/Config/SEGGER_SYSVIEW_Config_FreeRTOS.o"
arm-none-eabi-gcc "/Users/mauricewashington/projects/udemy/Embedded-C/My_workspace/RTOS/common/ThirdParty/FreeRTOS/portable/MemMang/heap_4.c" -mcpu=cortex-m4 -std=gnu11 -g3 -DDEBUG -DUSE_HAL_DRIVER -DSTM32F407xx -c -I../Core/Inc -I../Drivers/STM32F4xx_HAL_Driver/Inc -I../Drivers/STM32F4xx_HAL_Driver/Inc/Legacy -I../Drivers/CMSIS/Device/ST/STM32F4xx/Include -I../Drivers/CMSIS/Include -I/Users/mauricewashington/projects/udemy/Embedded-C/My_workspace/RTOS/common/ThirdParty/FreeRTOS/include -I/Users/mauricewashington/projects/udemy/Embedded-C/My_workspace/RTOS/common/ThirdParty/FreeRTOS/portable/GCC/ARM_CM4F -I/Users/mauricewashington/projects/udemy/Embedded-C/My_workspace/RTOS/common/ThirdParty/SEGGER/Config -I/Users/mauricewashington/projects/udemy/Embedded-C/My_workspace/RTOS/common/ThirdParty/SEGGER/OS -I/Users/mauricewashington/projects/udemy/Embedded-C/My_workspace/RTOS/common/ThirdParty/SEGGER/SEGGER -I/Users/mauricewashington/projects/udemy/Embedded-C/My_workspace/RTOS/common/ThirdParty/FreeRTOS -O0 -ffunction-sections -fdata-sections -Wall -fstack-usage -fcyclomatic-complexity -MMD -MP -MF"common/ThirdParty/FreeRTOS/portable/MemMang/heap_4.d" -MT"common/ThirdParty/FreeRTOS/portable/MemMang/heap_4.o" --specs=nano.specs -mfpu=fpv4-sp-d16 -mfloat-abi=hard -mthumb -o "common/ThirdParty/FreeRTOS/portable/MemMang/heap_4.o"
arm-none-eabi-gcc "/Users/mauricewashington/projects/udemy/Embedded-C/My_workspace/RTOS/common/ThirdParty/FreeRTOS/portable/GCC/ARM_CM4F/port.c" -mcpu=cortex-m4 -std=gnu11 -g3 -DDEBUG -DUSE_HAL_DRIVER -DSTM32F407xx -c -I../Core/Inc -I../Drivers/STM32F4xx_HAL_Driver/Inc -I../Drivers/STM32F4xx_HAL_Driver/Inc/Legacy -I../Drivers/CMSIS/Device/ST/STM32F4xx/Include -I../Drivers/CMSIS/Include -I/Users/mauricewashington/projects/udemy/Embedded-C/My_workspace/RTOS/common/ThirdParty/FreeRTOS/include -I/Users/mauricewashington/projects/udemy/Embedded-C/My_workspace/RTOS/common/ThirdParty/FreeRTOS/portable/GCC/ARM_CM4F -I/Users/mauricewashington/projects/udemy/Embedded-C/My_workspace/RTOS/common/ThirdParty/SEGGER/Config -I/Users/mauricewashington/projects/udemy/Embedded-C/My_workspace/RTOS/common/ThirdParty/SEGGER/OS -I/Users/mauricewashington/projects/udemy/Embedded-C/My_workspace/RTOS/common/ThirdParty/SEGGER/SEGGER -I/Users/mauricewashington/projects/udemy/Embedded-C/My_workspace/RTOS/common/ThirdParty/FreeRTOS -O0 -ffunction-sections -fdata-sections -Wall -fstack-usage -fcyclomatic-complexity -MMD -MP -MF"common/ThirdParty/FreeRTOS/portable/GCC/ARM_CM4F/port.d" -MT"common/ThirdParty/FreeRTOS/portable/GCC/ARM_CM4F/port.o" --specs=nano.specs -mfpu=fpv4-sp-d16 -mfloat-abi=hard -mthumb -o "common/ThirdParty/FreeRTOS/portable/GCC/ARM_CM4F/port.o"
arm-none-eabi-gcc "/Users/mauricewashington/projects/udemy/Embedded-C/My_workspace/RTOS/common/ThirdParty/FreeRTOS/croutine.c" -mcpu=cortex-m4 -std=gnu11 -g3 -DDEBUG -DUSE_HAL_DRIVER -DSTM32F407xx -c -I../Core/Inc -I../Drivers/STM32F4xx_HAL_Driver/Inc -I../Drivers/STM32F4xx_HAL_Driver/Inc/Legacy -I../Drivers/CMSIS/Device/ST/STM32F4xx/Include -I../Drivers/CMSIS/Include -I/Users/mauricewashington/projects/udemy/Embedded-C/My_workspace/RTOS/common/ThirdParty/FreeRTOS/include -I/Users/mauricewashington/projects/udemy/Embedded-C/My_workspace/RTOS/common/ThirdParty/FreeRTOS/portable/GCC/ARM_CM4F -I/Users/mauricewashington/projects/udemy/Embedded-C/My_workspace/RTOS/common/ThirdParty/SEGGER/Config -I/Users/mauricewashington/projects/udemy/Embedded-C/My_workspace/RTOS/common/ThirdParty/SEGGER/OS -I/Users/mauricewashington/projects/udemy/Embedded-C/My_workspace/RTOS/common/ThirdParty/SEGGER/SEGGER -I/Users/mauricewashington/projects/udemy/Embedded-C/My_workspace/RTOS/common/ThirdParty/FreeRTOS -O0 -ffunction-sections -fdata-sections -Wall -fstack-usage -fcyclomatic-complexity -MMD -MP -MF"common/ThirdParty/FreeRTOS/croutine.d" -MT"common/ThirdParty/FreeRTOS/croutine.o" --specs=nano.specs -mfpu=fpv4-sp-d16 -mfloat-abi=hard -mthumb -o "common/ThirdParty/FreeRTOS/croutine.o"
arm-none-eabi-gcc "/Users/mauricewashington/projects/udemy/Embedded-C/My_workspace/RTOS/common/ThirdParty/FreeRTOS/event_groups.c" -mcpu=cortex-m4 -std=gnu11 -g3 -DDEBUG -DUSE_HAL_DRIVER -DSTM32F407xx -c -I../Core/Inc -I../Drivers/STM32F4xx_HAL_Driver/Inc -I../Drivers/STM32F4xx_HAL_Driver/Inc/Legacy -I../Drivers/CMSIS/Device/ST/STM32F4xx/Include -I../Drivers/CMSIS/Include -I/Users/mauricewashington/projects/udemy/Embedded-C/My_workspace/RTOS/common/ThirdParty/FreeRTOS/include -I/Users/mauricewashington/projects/udemy/Embedded-C/My_workspace/RTOS/common/ThirdParty/FreeRTOS/portable/GCC/ARM_CM4F -I/Users/mauricewashington/projects/udemy/Embedded-C/My_workspace/RTOS/common/ThirdParty/SEGGER/Config -I/Users/mauricewashington/projects/udemy/Embedded-C/My_workspace/RTOS/common/ThirdParty/SEGGER/OS -I/Users/mauricewashington/projects/udemy/Embedded-C/My_workspace/RTOS/common/ThirdParty/SEGGER/SEGGER -I/Users/mauricewashington/projects/udemy/Embedded-C/My_workspace/RTOS/common/ThirdParty/FreeRTOS -O0 -ffunction-sections -fdata-sections -Wall -fstack-usage -fcyclomatic-complexity -MMD -MP -MF"common/ThirdParty/FreeRTOS/event_groups.d" -MT"common/ThirdParty/FreeRTOS/event_groups.o" --specs=nano.specs -mfpu=fpv4-sp-d16 -mfloat-abi=hard -mthumb -o "common/ThirdParty/FreeRTOS/event_groups.o"
arm-none-eabi-gcc "/Users/mauricewashington/projects/udemy/Embedded-C/My_workspace/RTOS/common/ThirdParty/FreeRTOS/list.c" -mcpu=cortex-m4 -std=gnu11 -g3 -DDEBUG -DUSE_HAL_DRIVER -DSTM32F407xx -c -I../Core/Inc -I../Drivers/STM32F4xx_HAL_Driver/Inc -I../Drivers/STM32F4xx_HAL_Driver/Inc/Legacy -I../Drivers/CMSIS/Device/ST/STM32F4xx/Include -I../Drivers/CMSIS/Include -I/Users/mauricewashington/projects/udemy/Embedded-C/My_workspace/RTOS/common/ThirdParty/FreeRTOS/include -I/Users/mauricewashington/projects/udemy/Embedded-C/My_workspace/RTOS/common/ThirdParty/FreeRTOS/portable/GCC/ARM_CM4F -I/Users/mauricewashington/projects/udemy/Embedded-C/My_workspace/RTOS/common/ThirdParty/SEGGER/Config -I/Users/mauricewashington/projects/udemy/Embedded-C/My_workspace/RTOS/common/ThirdParty/SEGGER/OS -I/Users/mauricewashington/projects/udemy/Embedded-C/My_workspace/RTOS/common/ThirdParty/SEGGER/SEGGER -I/Users/mauricewashington/projects/udemy/Embedded-C/My_workspace/RTOS/common/ThirdParty/FreeRTOS -O0 -ffunction-sections -fdata-sections -Wall -fstack-usage -fcyclomatic-complexity -MMD -MP -MF"common/ThirdParty/FreeRTOS/list.d" -MT"common/ThirdParty/FreeRTOS/list.o" --specs=nano.specs -mfpu=fpv4-sp-d16 -mfloat-abi=hard -mthumb -o "common/ThirdParty/FreeRTOS/list.o"
arm-none-eabi-gcc "/Users/mauricewashington/projects/udemy/Embedded-C/My_workspace/RTOS/common/ThirdParty/FreeRTOS/queue.c" -mcpu=cortex-m4 -std=gnu11 -g3 -DDEBUG -DUSE_HAL_DRIVER -DSTM32F407xx -c -I../Core/Inc -I../Drivers/STM32F4xx_HAL_Driver/Inc -I../Drivers/STM32F4xx_HAL_Driver/Inc/Legacy -I../Drivers/CMSIS/Device/ST/STM32F4xx/Include -I../Drivers/CMSIS/Include -I/Users/mauricewashington/projects/udemy/Embedded-C/My_workspace/RTOS/common/ThirdParty/FreeRTOS/include -I/Users/mauricewashington/projects/udemy/Embedded-C/My_workspace/RTOS/common/ThirdParty/FreeRTOS/portable/GCC/ARM_CM4F -I/Users/mauricewashington/projects/udemy/Embedded-C/My_workspace/RTOS/common/ThirdParty/SEGGER/Config -I/Users/mauricewashington/projects/udemy/Embedded-C/My_workspace/RTOS/common/ThirdParty/SEGGER/OS -I/Users/mauricewashington/projects/udemy/Embedded-C/My_workspace/RTOS/common/ThirdParty/SEGGER/SEGGER -I/Users/mauricewashington/projects/udemy/Embedded-C/My_workspace/RTOS/common/ThirdParty/FreeRTOS -O0 -ffunction-sections -fdata-sections -Wall -fstack-usage -fcyclomatic-complexity -MMD -MP -MF"common/ThirdParty/FreeRTOS/queue.d" -MT"common/ThirdParty/FreeRTOS/queue.o" --specs=nano.specs -mfpu=fpv4-sp-d16 -mfloat-abi=hard -mthumb -o "common/ThirdParty/FreeRTOS/queue.o"
arm-none-eabi-gcc "/Users/mauricewashington/projects/udemy/Embedded-C/My_workspace/RTOS/common/ThirdParty/FreeRTOS/stream_buffer.c" -mcpu=cortex-m4 -std=gnu11 -g3 -DDEBUG -DUSE_HAL_DRIVER -DSTM32F407xx -c -I../Core/Inc -I../Drivers/STM32F4xx_HAL_Driver/Inc -I../Drivers/STM32F4xx_HAL_Driver/Inc/Legacy -I../Drivers/CMSIS/Device/ST/STM32F4xx/Include -I../Drivers/CMSIS/Include -I/Users/mauricewashington/projects/udemy/Embedded-C/My_workspace/RTOS/common/ThirdParty/FreeRTOS/include -I/Users/mauricewashington/projects/udemy/Embedded-C/My_workspace/RTOS/common/ThirdParty/FreeRTOS/portable/GCC/ARM_CM4F -I/Users/mauricewashington/projects/udemy/Embedded-C/My_workspace/RTOS/common/ThirdParty/SEGGER/Config -I/Users/mauricewashington/projects/udemy/Embedded-C/My_workspace/RTOS/common/ThirdParty/SEGGER/OS -I/Users/mauricewashington/projects/udemy/Embedded-C/My_workspace/RTOS/common/ThirdParty/SEGGER/SEGGER -I/Users/mauricewashington/projects/udemy/Embedded-C/My_workspace/RTOS/common/ThirdParty/FreeRTOS -O0 -ffunction-sections -fdata-sections -Wall -fstack-usage -fcyclomatic-complexity -MMD -MP -MF"common/ThirdParty/FreeRTOS/stream_buffer.d" -MT"common/ThirdParty/FreeRTOS/stream_buffer.o" --specs=nano.specs -mfpu=fpv4-sp-d16 -mfloat-abi=hard -mthumb -o "common/ThirdParty/FreeRTOS/stream_buffer.o"
arm-none-eabi-gcc "/Users/mauricewashington/projects/udemy/Embedded-C/My_workspace/RTOS/common/ThirdParty/FreeRTOS/tasks.c" -mcpu=cortex-m4 -std=gnu11 -g3 -DDEBUG -DUSE_HAL_DRIVER -DSTM32F407xx -c -I../Core/Inc -I../Drivers/STM32F4xx_HAL_Driver/Inc -I../Drivers/STM32F4xx_HAL_Driver/Inc/Legacy -I../Drivers/CMSIS/Device/ST/STM32F4xx/Include -I../Drivers/CMSIS/Include -I/Users/mauricewashington/projects/udemy/Embedded-C/My_workspace/RTOS/common/ThirdParty/FreeRTOS/include -I/Users/mauricewashington/projects/udemy/Embedded-C/My_workspace/RTOS/common/ThirdParty/FreeRTOS/portable/GCC/ARM_CM4F -I/Users/mauricewashington/projects/udemy/Embedded-C/My_workspace/RTOS/common/ThirdParty/SEGGER/Config -I/Users/mauricewashington/projects/udemy/Embedded-C/My_workspace/RTOS/common/ThirdParty/SEGGER/OS -I/Users/mauricewashington/projects/udemy/Embedded-C/My_workspace/RTOS/common/ThirdParty/SEGGER/SEGGER -I/Users/mauricewashington/projects/udemy/Embedded-C/My_workspace/RTOS/common/ThirdParty/FreeRTOS -O0 -ffunction-sections -fdata-sections -Wall -fstack-usage -fcyclomatic-complexity -MMD -MP -MF"common/ThirdParty/FreeRTOS/tasks.d" -MT"common/ThirdParty/FreeRTOS/tasks.o" --specs=nano.specs -mfpu=fpv4-sp-d16 -mfloat-abi=hard -mthumb -o "common/ThirdParty/FreeRTOS/tasks.o"
arm-none-eabi-gcc "/Users/mauricewashington/projects/udemy/Embedded-C/My_workspace/RTOS/common/ThirdParty/FreeRTOS/timers.c" -mcpu=cortex-m4 -std=gnu11 -g3 -DDEBUG -DUSE_HAL_DRIVER -DSTM32F407xx -c -I../Core/Inc -I../Drivers/STM32F4xx_HAL_Driver/Inc -I../Drivers/STM32F4xx_HAL_Driver/Inc/Legacy -I../Drivers/CMSIS/Device/ST/STM32F4xx/Include -I../Drivers/CMSIS/Include -I/Users/mauricewashington/projects/udemy/Embedded-C/My_workspace/RTOS/common/ThirdParty/FreeRTOS/include -I/Users/mauricewashington/projects/udemy/Embedded-C/My_workspace/RTOS/common/ThirdParty/FreeRTOS/portable/GCC/ARM_CM4F -I/Users/mauricewashington/projects/udemy/Embedded-C/My_workspace/RTOS/common/ThirdParty/SEGGER/Config -I/Users/mauricewashington/projects/udemy/Embedded-C/My_workspace/RTOS/common/ThirdParty/SEGGER/OS -I/Users/mauricewashington/projects/udemy/Embedded-C/My_workspace/RTOS/common/ThirdParty/SEGGER/SEGGER -I/Users/mauricewashington/projects/udemy/Embedded-C/My_workspace/RTOS/common/ThirdParty/FreeRTOS -O0 -ffunction-sections -fdata-sections -Wall -fstack-usage -fcyclomatic-complexity -MMD -MP -MF"common/ThirdParty/FreeRTOS/timers.d" -MT"common/ThirdParty/FreeRTOS/timers.o" --specs=nano.specs -mfpu=fpv4-sp-d16 -mfloat-abi=hard -mthumb -o "common/ThirdParty/FreeRTOS/timers.o"
arm-none-eabi-gcc "../Core/Src/main.c" -mcpu=cortex-m4 -std=gnu11 -g3 -DDEBUG -DUSE_HAL_DRIVER -DSTM32F407xx -c -I../Core/Inc -I../Drivers/STM32F4xx_HAL_Driver/Inc -I../Drivers/STM32F4xx_HAL_Driver/Inc/Legacy -I../Drivers/CMSIS/Device/ST/STM32F4xx/Include -I../Drivers/CMSIS/Include -I/Users/mauricewashington/projects/udemy/Embedded-C/My_workspace/RTOS/common/ThirdParty/FreeRTOS/include -I/Users/mauricewashington/projects/udemy/Embedded-C/My_workspace/RTOS/common/ThirdParty/FreeRTOS/portable/GCC/ARM_CM4F -I/Users/mauricewashington/projects/udemy/Embedded-C/My_workspace/RTOS/common/ThirdParty/SEGGER/Config -I/Users/mauricewashington/projects/udemy/Embedded-C/My_workspace/RTOS/common/ThirdParty/SEGGER/OS -I/Users/mauricewashington/projects/udemy/Embedded-C/My_workspace/RTOS/common/ThirdParty/SEGGER/SEGGER -I/Users/mauricewashington/projects/udemy/Embedded-C/My_workspace/RTOS/common/ThirdParty/FreeRTOS -O0 -ffunction-sections -fdata-sections -Wall -fstack-usage -fcyclomatic-complexity -MMD -MP -MF"Core/Src/main.d" -MT"Core/Src/main.o" --specs=nano.specs -mfpu=fpv4-sp-d16 -mfloat-abi=hard -mthumb -o "Core/Src/main.o"
arm-none-eabi-gcc "../Core/Src/stm32f4xx_hal_msp.c" -mcpu=cortex-m4 -std=gnu11 -g3 -DDEBUG -DUSE_HAL_DRIVER -DSTM32F407xx -c -I../Core/Inc -I../Drivers/STM32F4xx_HAL_Driver/Inc -I../Drivers/STM32F4xx_HAL_Driver/Inc/Legacy -I../Drivers/CMSIS/Device/ST/STM32F4xx/Include -I../Drivers/CMSIS/Include -I/Users/mauricewashington/projects/udemy/Embedded-C/My_workspace/RTOS/common/ThirdParty/FreeRTOS/include -I/Users/mauricewashington/projects/udemy/Embedded-C/My_workspace/RTOS/common/ThirdParty/FreeRTOS/portable/GCC/ARM_CM4F -I/Users/mauricewashington/projects/udemy/Embedded-C/My_workspace/RTOS/common/ThirdParty/SEGGER/Config -I/Users/mauricewashington/projects/udemy/Embedded-C/My_workspace/RTOS/common/ThirdParty/SEGGER/OS -I/Users/mauricewashington/projects/udemy/Embedded-C/My_workspace/RTOS/common/ThirdParty/SEGGER/SEGGER -I/Users/mauricewashington/projects/udemy/Embedded-C/My_workspace/RTOS/common/ThirdParty/FreeRTOS -O0 -ffunction-sections -fdata-sections -Wall -fstack-usage -fcyclomatic-complexity -MMD -MP -MF"Core/Src/stm32f4xx_hal_msp.d" -MT"Core/Src/stm32f4xx_hal_msp.o" --specs=nano.specs -mfpu=fpv4-sp-d16 -mfloat-abi=hard -mthumb -o "Core/Src/stm32f4xx_hal_msp.o"
arm-none-eabi-gcc -o "002Led_Tasks.elf" @"objects.list"   -mcpu=cortex-m4 -T"/Users/mauricewashington/projects/udemy/Embedded-C/My_workspace/RTOS/002Led_Tasks/STM32F407VGTX_FLASH.ld" --specs=nosys.specs -Wl,-Map="002Led_Tasks.map" -Wl,--gc-sections -static --specs=nano.specs -mfpu=fpv4-sp-d16 -mfloat-abi=hard -mthumb -Wl,--start-group -lc -lm -Wl,--end-group
Finished building target: 002Led_Tasks.elf
 
arm-none-eabi-size  002Led_Tasks.elf 
arm-none-eabi-objdump -h -S 002Led_Tasks.elf  > "002Led_Tasks.list"
   text	   data	    bss	    dec	    hex	filename
  28772	    108	  84828	 113708	  1bc2c	002Led_Tasks.elf
Finished building: default.size.stdout
 
Finished building: 002Led_Tasks.list
 
17:02:32 **** Incremental Build of configuration Debug for project 002Led_Tasks ****
make -j11 all 
arm-none-eabi-size  002Led_Tasks.elf 
   text	   data	    bss	    dec	    hex	filename
  28772	    108	  84828	 113708	  1bc2c	002Led_Tasks.elf
Finished building: default.size.stdout
 
