Archive member included to satisfy reference by file (symbol)

/opt/homebrew/Cellar/arm-none-eabi-gcc/10.3-2021.10/gcc/bin/../lib/gcc/arm-none-eabi/10.3.1/../../../../arm-none-eabi/lib/thumb/v7e-m/nofp/libc.a(lib_a-exit.o)
                              /opt/homebrew/Cellar/arm-none-eabi-gcc/10.3-2021.10/gcc/bin/../lib/gcc/arm-none-eabi/10.3.1/../../../../arm-none-eabi/lib/thumb/v7e-m/nofp/rdimon-crt0.o (exit)
/opt/homebrew/Cellar/arm-none-eabi-gcc/10.3-2021.10/gcc/bin/../lib/gcc/arm-none-eabi/10.3.1/../../../../arm-none-eabi/lib/thumb/v7e-m/nofp/libc.a(lib_a-impure.o)
                              /opt/homebrew/Cellar/arm-none-eabi-gcc/10.3-2021.10/gcc/bin/../lib/gcc/arm-none-eabi/10.3.1/../../../../arm-none-eabi/lib/thumb/v7e-m/nofp/libc.a(lib_a-exit.o) (_global_impure_ptr)
/opt/homebrew/Cellar/arm-none-eabi-gcc/10.3-2021.10/gcc/bin/../lib/gcc/arm-none-eabi/10.3.1/../../../../arm-none-eabi/lib/thumb/v7e-m/nofp/libc.a(lib_a-init.o)
                              /opt/homebrew/Cellar/arm-none-eabi-gcc/10.3-2021.10/gcc/bin/../lib/gcc/arm-none-eabi/10.3.1/../../../../arm-none-eabi/lib/thumb/v7e-m/nofp/rdimon-crt0.o (__libc_init_array)
/opt/homebrew/Cellar/arm-none-eabi-gcc/10.3-2021.10/gcc/bin/../lib/gcc/arm-none-eabi/10.3.1/../../../../arm-none-eabi/lib/thumb/v7e-m/nofp/libc.a(lib_a-memset.o)
                              /opt/homebrew/Cellar/arm-none-eabi-gcc/10.3-2021.10/gcc/bin/../lib/gcc/arm-none-eabi/10.3.1/../../../../arm-none-eabi/lib/thumb/v7e-m/nofp/rdimon-crt0.o (memset)
/opt/homebrew/Cellar/arm-none-eabi-gcc/10.3-2021.10/gcc/bin/../lib/gcc/arm-none-eabi/10.3.1/../../../../arm-none-eabi/lib/thumb/v7e-m/nofp/libc.a(lib_a-puts.o)
                              main.o (puts)
/opt/homebrew/Cellar/arm-none-eabi-gcc/10.3-2021.10/gcc/bin/../lib/gcc/arm-none-eabi/10.3.1/../../../../arm-none-eabi/lib/thumb/v7e-m/nofp/libc.a(lib_a-strlen.o)
                              /opt/homebrew/Cellar/arm-none-eabi-gcc/10.3-2021.10/gcc/bin/../lib/gcc/arm-none-eabi/10.3.1/../../../../arm-none-eabi/lib/thumb/v7e-m/nofp/libc.a(lib_a-puts.o) (strlen)
/opt/homebrew/Cellar/arm-none-eabi-gcc/10.3-2021.10/gcc/bin/../lib/gcc/arm-none-eabi/10.3.1/../../../../arm-none-eabi/lib/thumb/v7e-m/nofp/libc.a(lib_a-__call_atexit.o)
                              /opt/homebrew/Cellar/arm-none-eabi-gcc/10.3-2021.10/gcc/bin/../lib/gcc/arm-none-eabi/10.3.1/../../../../arm-none-eabi/lib/thumb/v7e-m/nofp/libc.a(lib_a-exit.o) (__call_exitprocs)
/opt/homebrew/Cellar/arm-none-eabi-gcc/10.3-2021.10/gcc/bin/../lib/gcc/arm-none-eabi/10.3.1/../../../../arm-none-eabi/lib/thumb/v7e-m/nofp/libc.a(lib_a-atexit.o)
                              /opt/homebrew/Cellar/arm-none-eabi-gcc/10.3-2021.10/gcc/bin/../lib/gcc/arm-none-eabi/10.3.1/../../../../arm-none-eabi/lib/thumb/v7e-m/nofp/libc.a(lib_a-__call_atexit.o) (atexit)
/opt/homebrew/Cellar/arm-none-eabi-gcc/10.3-2021.10/gcc/bin/../lib/gcc/arm-none-eabi/10.3.1/../../../../arm-none-eabi/lib/thumb/v7e-m/nofp/libc.a(lib_a-findfp.o)
                              /opt/homebrew/Cellar/arm-none-eabi-gcc/10.3-2021.10/gcc/bin/../lib/gcc/arm-none-eabi/10.3.1/../../../../arm-none-eabi/lib/thumb/v7e-m/nofp/libc.a(lib_a-puts.o) (__sinit)
/opt/homebrew/Cellar/arm-none-eabi-gcc/10.3-2021.10/gcc/bin/../lib/gcc/arm-none-eabi/10.3.1/../../../../arm-none-eabi/lib/thumb/v7e-m/nofp/libc.a(lib_a-fini.o)
                              /opt/homebrew/Cellar/arm-none-eabi-gcc/10.3-2021.10/gcc/bin/../lib/gcc/arm-none-eabi/10.3.1/../../../../arm-none-eabi/lib/thumb/v7e-m/nofp/libc.a(lib_a-__call_atexit.o) (__libc_fini_array)
/opt/homebrew/Cellar/arm-none-eabi-gcc/10.3-2021.10/gcc/bin/../lib/gcc/arm-none-eabi/10.3.1/../../../../arm-none-eabi/lib/thumb/v7e-m/nofp/libc.a(lib_a-fvwrite.o)
                              /opt/homebrew/Cellar/arm-none-eabi-gcc/10.3-2021.10/gcc/bin/../lib/gcc/arm-none-eabi/10.3.1/../../../../arm-none-eabi/lib/thumb/v7e-m/nofp/libc.a(lib_a-puts.o) (__sfvwrite_r)
/opt/homebrew/Cellar/arm-none-eabi-gcc/10.3-2021.10/gcc/bin/../lib/gcc/arm-none-eabi/10.3.1/../../../../arm-none-eabi/lib/thumb/v7e-m/nofp/libc.a(lib_a-fwalk.o)
                              /opt/homebrew/Cellar/arm-none-eabi-gcc/10.3-2021.10/gcc/bin/../lib/gcc/arm-none-eabi/10.3.1/../../../../arm-none-eabi/lib/thumb/v7e-m/nofp/libc.a(lib_a-findfp.o) (_fwalk)
/opt/homebrew/Cellar/arm-none-eabi-gcc/10.3-2021.10/gcc/bin/../lib/gcc/arm-none-eabi/10.3.1/../../../../arm-none-eabi/lib/thumb/v7e-m/nofp/libc.a(lib_a-lock.o)
                              /opt/homebrew/Cellar/arm-none-eabi-gcc/10.3-2021.10/gcc/bin/../lib/gcc/arm-none-eabi/10.3.1/../../../../arm-none-eabi/lib/thumb/v7e-m/nofp/libc.a(lib_a-findfp.o) (__retarget_lock_init_recursive)
/opt/homebrew/Cellar/arm-none-eabi-gcc/10.3-2021.10/gcc/bin/../lib/gcc/arm-none-eabi/10.3.1/../../../../arm-none-eabi/lib/thumb/v7e-m/nofp/libc.a(lib_a-mallocr.o)
[...]
Memory Configuration

Name             Origin             Length             Attributes
FLASH            0x0000000008000000 0x0000000000100000 xr
SRAM             0x0000000020000000 0x0000000000020000 xrw
*default*        0x0000000000000000 0xffffffffffffffff

Linker script and memory map

LOAD /opt/homebrew/Cellar/arm-none-eabi-gcc/10.3-2021.10/gcc/bin/../lib/gcc/arm-none-eabi/10.3.1/thumb/v7e-m/nofp/crti.o
LOAD /opt/homebrew/Cellar/arm-none-eabi-gcc/10.3-2021.10/gcc/bin/../lib/gcc/arm-none-eabi/10.3.1/thumb/v7e-m/nofp/crtbegin.o
LOAD /opt/homebrew/Cellar/arm-none-eabi-gcc/10.3-2021.10/gcc/bin/../lib/gcc/arm-none-eabi/10.3.1/../../../../arm-none-eabi/lib/thumb/v7e-m/nofp/rdimon-crt0.o
LOAD main.o
LOAD led.o
LOAD stm32_startup.o
START GROUP
LOAD /opt/homebrew/Cellar/arm-none-eabi-gcc/10.3-2021.10/gcc/bin/../lib/gcc/arm-none-eabi/10.3.1/thumb/v7e-m/nofp/libgcc.a
LOAD /opt/homebrew/Cellar/arm-none-eabi-gcc/10.3-2021.10/gcc/bin/../lib/gcc/arm-none-eabi/10.3.1/../../../../arm-none-eabi/lib/thumb/v7e-m/nofp/libc.a
END GROUP
START GROUP
LOAD /opt/homebrew/Cellar/arm-none-eabi-gcc/10.3-2021.10/gcc/bin/../lib/gcc/arm-none-eabi/10.3.1/thumb/v7e-m/nofp/libgcc.a
LOAD /opt/homebrew/Cellar/arm-none-eabi-gcc/10.3-2021.10/gcc/bin/../lib/gcc/arm-none-eabi/10.3.1/../../../../arm-none-eabi/lib/thumb/v7e-m/nofp/libc.a
LOAD /opt/homebrew/Cellar/arm-none-eabi-gcc/10.3-2021.10/gcc/bin/../lib/gcc/arm-none-eabi/10.3.1/../../../../arm-none-eabi/lib/thumb/v7e-m/nofp/librdimon.a
END GROUP
LOAD /opt/homebrew/Cellar/arm-none-eabi-gcc/10.3-2021.10/gcc/bin/../lib/gcc/arm-none-eabi/10.3.1/thumb/v7e-m/nofp/crtend.o
LOAD /opt/homebrew/Cellar/arm-none-eabi-gcc/10.3-2021.10/gcc/bin/../lib/gcc/arm-none-eabi/10.3.1/thumb/v7e-m/nofp/crtn.o

.text           0x0000000008000000     0x3640
 *(.isr_vector)
 .isr_vector    0x0000000008000000      0x184 stm32_startup.o
                0x0000000008000000                vectors
 *(.text)
 .text          0x0000000008000184        0x0 /opt/homebrew/Cellar/arm-none-eabi-gcc/10.3-2021.10/gcc/bin/../lib/gcc/arm-none-eabi/10.3.1/thumb/v7e-m/nofp/crti.o
 .text          0x0000000008000184       0x40 /opt/homebrew/Cellar/arm-none-eabi-gcc/10.3-2021.10/gcc/bin/../lib/gcc/arm-none-eabi/10.3.1/thumb/v7e-m/nofp/crtbegin.o
 .text          0x00000000080001c4       0xf8 /opt/homebrew/Cellar/arm-none-eabi-gcc/10.3-2021.10/gcc/bin/../lib/gcc/arm-none-eabi/10.3.1/../../../../arm-none-eabi/lib/thumb/v7e-m/nofp/rdimon-crt0.o
                0x00000000080001c4                _stack_init
                0x00000000080001d0                _mainCRTStartup
                0x00000000080001d0                _start
 .text          0x00000000080002bc      0x528 main.o
                0x00000000080002bc                main
                0x00000000080002f8                idle_task
                0x00000000080002fe                task1_handler
                0x000000000800032c                task2_handler
                0x0000000008000358                task3_handler
                0x0000000008000380                task4_handler
                0x00000000080003a8                init_systick_timer
                0x0000000008000418                init_scheduler_stack
                0x0000000008000422                init_tasks_stack
                0x000000000800053c                enable_processor_faults
                0x0000000008000578                get_psp_value
                0x0000000008000598                save_psp_value
                0x00000000080005c0                update_next_task
                0x0000000008000648                switch_sp_to_psp
                0x0000000008000662                schedule
                0x0000000008000688                task_delay
                0x00000000080006e8                PendSV_Handler
                0x000000000800070e                update_global_tick_count
                0x0000000008000728                unblock_tasks
                0x0000000008000788                SysTick_Handler
                0x00000000080007b4                HardFault_Handler
                0x00000000080007c4                MemManage_Handler
                0x00000000080007d4                BusFault_Handler
 .text          0x00000000080007e4       0xfc led.o
                0x00000000080007e4                delay
                0x000000000800080c                led_init_all
                0x0000000008000880                led_on
                0x00000000080008b0                led_off
 .text          0x00000000080008e0       0x90 stm32_startup.o
                0x00000000080008e0                DMA1_Stream3_IRQHandler
                0x00000000080008e0                HASH_RNG_IRQHandler
                0x00000000080008e0                EXTI2_IRQHandler
                0x00000000080008e0                TIM8_CC_IRQHandler
                0x00000000080008e0                DebugMon_Handler
                0x00000000080008e0                TIM1_CC_IRQHandler
                0x00000000080008e0                DMA2_Stream5_IRQHandler
                0x00000000080008e0                DMA1_Stream5_IRQHandler
                0x00000000080008e0                PVD_IRQHandler
                0x00000000080008e0                SDIO_IRQHandler
                0x00000000080008e0                TAMP_STAMP_IRQHandler
                0x00000000080008e0                NMI_Handler
                0x00000000080008e0                CAN2_RX1_IRQHandler
                0x00000000080008e0                EXTI3_IRQHandler
                0x00000000080008e0                TIM8_TRG_COM_TIM14_IRQHandler
                0x00000000080008e0                TIM1_UP_TIM10_IRQHandler
                0x00000000080008e0                TIM8_UP_TIM13_IRQHandler
                0x00000000080008e0                I2C3_ER_IRQHandler
                0x00000000080008e0                EXTI0_IRQHandler
                0x00000000080008e0                I2C2_EV_IRQHandler
                0x00000000080008e0                DMA1_Stream2_IRQHandler
                0x00000000080008e0                CAN1_RX0_IRQHandler
                0x00000000080008e0                FPU_IRQHandler
                0x00000000080008e0                OTG_HS_WKUP_IRQHandler
                0x00000000080008e0                UsageFault_Handler
                0x00000000080008e0                CAN2_SCE_IRQHandler
                0x00000000080008e0                DMA2_Stream2_IRQHandler
                0x00000000080008e0                SPI1_IRQHandler
                0x00000000080008e0                TIM6_DAC_IRQHandler
                0x00000000080008e0                TIM1_BRK_TIM9_IRQHandler
                0x00000000080008e0                DCMI_IRQHandler
                0x00000000080008e0                CAN2_RX0_IRQHandler
                0x00000000080008e0                DMA2_Stream3_IRQHandler
                0x00000000080008e0                USART6_IRQHandler
                0x00000000080008e0                USART3_IRQHandler
                0x00000000080008e0                CRYP_IRQHandler
                0x00000000080008e0                RTC_Alarm_IRQHandler
                0x00000000080008e0                CAN1_RX1_IRQHandler
                0x00000000080008e0                UART5_IRQHandler
                0x00000000080008e0                DMA2_Stream0_IRQHandler
                0x00000000080008e0                TIM4_IRQHandler
                0x00000000080008e0                I2C1_EV_IRQHandler
                0x00000000080008e0                DMA1_Stream6_IRQHandler
                0x00000000080008e0                DMA1_Stream1_IRQHandler
                0x00000000080008e0                UART4_IRQHandler
                0x00000000080008e0                TIM3_IRQHandler
                0x00000000080008e0                RCC_IRQHandler
                0x00000000080008e0                TIM8_BRK_TIM12_IRQHandler
                0x00000000080008e0                Default_Handler
                0x00000000080008e0                EXTI15_10_IRQHandler
                0x00000000080008e0                ADC_IRQHandler
                0x00000000080008e0                DMA1_Stream7_IRQHandler
                0x00000000080008e0                TIM7_IRQHandler
                0x00000000080008e0                CAN2_TX_IRQHandler
                0x00000000080008e0                TIM5_IRQHandler
                0x00000000080008e0                DMA2_Stream7_IRQHandler
                0x00000000080008e0                I2C3_EV_IRQHandler
                0x00000000080008e0                EXTI9_5_IRQHandler
                0x00000000080008e0                RTC_WKUP_IRQHandler
                0x00000000080008e0                ETH_WKUP_IRQHandler
                0x00000000080008e0                SPI2_IRQHandler
                0x00000000080008e0                OTG_HS_EP1_IN_IRQHandler
                0x00000000080008e0                DMA1_Stream0_IRQHandler
                0x00000000080008e0                CAN1_TX_IRQHandler
                0x00000000080008e0                SVC_Handler
                0x00000000080008e0                EXTI4_IRQHandler
                0x00000000080008e0                FSMC_IRQHandler
                0x00000000080008e0                ETH_IRQHandler
                0x00000000080008e0                OTG_HS_EP1_OUT_IRQHandler
                0x00000000080008e0                WWDG_IRQHandler
                0x00000000080008e0                TIM2_IRQHandler
                0x00000000080008e0                OTG_FS_WKUP_IRQHandler
                0x00000000080008e0                TIM1_TRG_COM_TIM11_IRQHandler
                0x00000000080008e0                OTG_HS_IRQHandler
                0x00000000080008e0                EXTI1_IRQHandler
                0x00000000080008e0                USART2_IRQHandler
                0x00000000080008e0                I2C2_ER_IRQHandler
                0x00000000080008e0                DMA2_Stream1_IRQHandler
                0x00000000080008e0                CAN1_SCE_IRQHandler
                0x00000000080008e0                DMA2_Stream4_IRQHandler
                0x00000000080008e0                USART1_IRQHandler
                0x00000000080008e0                OTG_FS_IRQHandler
                0x00000000080008e0                SPI3_IRQHandler
                0x00000000080008e0                DMA1_Stream4_IRQHandler
                0x00000000080008e0                I2C1_ER_IRQHandler
                0x00000000080008e0                DMA2_Stream6_IRQHandler
                0x00000000080008e6                Reset_Handler
 .text          0x0000000008000970        0x0 /opt/homebrew/Cellar/arm-none-eabi-gcc/10.3-2021.10/gcc/bin/../lib/gcc/arm-none-eabi/10.3.1/../../../../arm-none-eabi/lib/thumb/v7e-m/nofp/libc.a(lib_a-exit.o)
 .text          0x0000000008000970        0x0 /opt/homebrew/Cellar/arm-none-eabi-gcc/10.3-2021.10/gcc/bin/../lib/gcc/arm-none-eabi/10.3.1/../../../../arm-none-eabi/lib/thumb/v7e-m/nofp/libc.a(lib_a-impure.o)
 .text          0x0000000008000970        0x0 /opt/homebrew/Cellar/arm-none-eabi-gcc/10.3-2021.10/gcc/bin/../lib/gcc/arm-none-eabi/10.3.1/../../../../arm-none-eabi/lib/thumb/v7e-m/nofp/libc.a(lib_a-init.o)
 .text          0x0000000008000970        0x0 /opt/homebrew/Cellar/arm-none-eabi-gcc/10.3-2021.10/gcc/bin/../lib/gcc/arm-none-eabi/10.3.1/../../../../arm-none-eabi/lib/thumb/v7e-m/nofp/libc.a(lib_a-memset.o)
 .text          0x0000000008000970        0x0 /opt/homebrew/Cellar/arm-none-eabi-gcc/10.3-2021.10/gcc/bin/../lib/gcc/arm-none-eabi/10.3.1/../../../../arm-none-eabi/lib/thumb/v7e-m/nofp/libc.a(lib_a-puts.o)
 *fill*         0x0000000008000970       0x10 
 .text          0x0000000008000980       0xdc /opt/homebrew/Cellar/arm-none-eabi-gcc/10.3-2021.10/gcc/bin/../lib/gcc/arm-none-eabi/10.3.1/../../../../arm-none-eabi/lib/thumb/v7e-m/nofp/libc.a(lib_a-strlen.o)
                0x0000000008000980                strlen
 .text          0x0000000008000a5c        0x0 /opt/homebrew/Cellar/arm-none-eabi-gcc/10.3-2021.10/gcc/bin/../lib/gcc/arm-none-eabi/10.3.1/../../../../arm-none-eabi/lib/thumb/v7e-m/nofp/libc.a(lib_a-__call_atexit.o)
 .text          0x0000000008000a5c        0x0 /opt/homebrew/Cellar/arm-none-eabi-gcc/10.3-2021.10/gcc/bin/../lib/gcc/arm-none-eabi/10.3.1/../../../../arm-none-eabi/lib/thumb/v7e-m/nofp/libc.a(lib_a-atexit.o)
 .text          0x0000000008000a5c        0x0 /opt/homebrew/Cellar/arm-none-eabi-gcc/10.3-2021.10/gcc/bin/../lib/gcc/arm-none-eabi/10.3.1/../../../../arm-none-eabi/lib/thumb/v7e-m/nofp/libc.a(lib_a-findfp.o)
 .text          0x0000000008000a5c        0x0 /opt/homebrew/Cellar/arm-none-eabi-gcc/10.3-2021.10/gcc/bin/../lib/gcc/arm-none-eabi/10.3.1/../../../../arm-none-eabi/lib/thumb/v7e-m/nofp/libc.a(lib_a-fini.o)
 .text          0x0000000008000a5c        0x0 /opt/homebrew/Cellar/arm-none-eabi-gcc/10.3-2021.10/gcc/bin/../lib/gcc/arm-none-eabi/10.3.1/../../../../arm-none-eabi/lib/thumb/v7e-m/nofp/libc.a(lib_a-fvwrite.o)
 .text          0x0000000008000a5c        0x0 /opt/homebrew/Cellar/arm-none-eabi-gcc/10.3-2021.10/gcc/bin/../lib/gcc/arm-none-eabi/10.3.1/../../../../arm-none-eabi/lib/thumb/v7e-m/nofp/libc.a(lib_a-fwalk.o)
 .text          0x0000000008000a5c        0x0 /opt/homebrew/Cellar/arm-none-eabi-gcc/10.3-2021.10/gcc/bin/../lib/gcc/arm-none-eabi/10.3.1/../../../../arm-none-eabi/lib/thumb/v7e-m/nofp/libc.a(lib_a-lock.o)
 .text          0x0000000008000a5c        0x0 /opt/homebrew/Cellar/arm-none-eabi-gcc/10.3-2021.10/gcc/bin/../lib/gcc/arm-none-eabi/10.3.1/../../../../arm-none-eabi/lib/thumb/v7e-m/nofp/libc.a(lib_a-mallocr.o)
 *fill*         0x0000000008000a5c        0x4 
 .text          0x0000000008000a60       0xa0 /opt/homebrew/Cellar/arm-none-eabi-gcc/10.3-2021.10/gcc/bin/../lib/gcc/arm-none-eabi/10.3.1/../../../../arm-none-eabi/lib/thumb/v7e-m/nofp/libc.a(lib_a-memchr.o)
                0x0000000008000a60                memchr
 .text          0x0000000008000b00      0x134 /opt/homebrew/Cellar/arm-none-eabi-gcc/10.3-2021.10/gcc/bin/../lib/gcc/arm-none-eabi/10.3.1/../../../../arm-none-eabi/lib/thumb/v7e-m/nofp/libc.a(lib_a-memcpy.o)
                0x0000000008000b00                memcpy
 .text          0x0000000008000c34        0x0 /opt/homebrew/Cellar/arm-none-eabi-gcc/10.3-2021.10/gcc/bin/../lib/gcc/arm-none-eabi/10.3.1/../../../../arm-none-eabi/lib/thumb/v7e-m/nofp/libc.a(lib_a-memmove.o)
 .text          0x0000000008000c34        0x0 /opt/homebrew/Cellar/arm-none-eabi-gcc/10.3-2021.10/gcc/bin/../lib/gcc/arm-none-eabi/10.3.1/../../../../arm-none-eabi/lib/thumb/v7e-m/nofp/libc.a(lib_a-mlock.o)
 .text          0x0000000008000c34        0x0 /opt/homebrew/Cellar/arm-none-eabi-gcc/10.3-2021.10/gcc/bin/../lib/gcc/arm-none-eabi/10.3.1/../../../../arm-none-eabi/lib/thumb/v7e-m/nofp/libc.a(lib_a-reallocr.o)
 .text          0x0000000008000c34        0x0 /opt/homebrew/Cellar/arm-none-eabi-gcc/10.3-2021.10/gcc/bin/../lib/gcc/arm-none-eabi/10.3.1/../../../../arm-none-eabi/lib/thumb/v7e-m/nofp/libc.a(lib_a-sbrkr.o)
 .text          0x0000000008000c34        0x0 /opt/homebrew/Cellar/arm-none-eabi-gcc/10.3-2021.10/gcc/bin/../lib/gcc/arm-none-eabi/10.3.1/../../../../arm-none-eabi/lib/thumb/v7e-m/nofp/libc.a(lib_a-stdio.o)
 .text          0x0000000008000c34        0x0 /opt/homebrew/Cellar/arm-none-eabi-gcc/10.3-2021.10/gcc/bin/../lib/gcc/arm-none-eabi/10.3.1/../../../../arm-none-eabi/lib/thumb/v7e-m/nofp/libc.a(lib_a-writer.o)
 .text          0x0000000008000c34        0x0 /opt/homebrew/Cellar/arm-none-eabi-gcc/10.3-2021.10/gcc/bin/../lib/gcc/arm-none-eabi/10.3.1/../../../../arm-none-eabi/lib/thumb/v7e-m/nofp/libc.a(lib_a-wsetup.o)
 .text          0x0000000008000c34        0x0 /opt/homebrew/Cellar/arm-none-eabi-gcc/10.3-2021.10/gcc/bin/../lib/gcc/arm-none-eabi/10.3.1/../../../../arm-none-eabi/lib/thumb/v7e-m/nofp/libc.a(lib_a-__atexit.o)
 .text          0x0000000008000c34        0x0 /opt/homebrew/Cellar/arm-none-eabi-gcc/10.3-2021.10/gcc/bin/../lib/gcc/arm-none-eabi/10.3.1/../../../../arm-none-eabi/lib/thumb/v7e-m/nofp/libc.a(lib_a-closer.o)
 .text          0x0000000008000c34        0x0 /opt/homebrew/Cellar/arm-none-eabi-gcc/10.3-2021.10/gcc/bin/../lib/gcc/arm-none-eabi/10.3.1/../../../../arm-none-eabi/lib/thumb/v7e-m/nofp/libc.a(lib_a-fclose.o)
 .text          0x0000000008000c34        0x0 /opt/homebrew/Cellar/arm-none-eabi-gcc/10.3-2021.10/gcc/bin/../lib/gcc/arm-none-eabi/10.3.1/../../../../arm-none-eabi/lib/thumb/v7e-m/nofp/libc.a(lib_a-fflush.o)
 .text          0x0000000008000c34        0x0 /opt/homebrew/Cellar/arm-none-eabi-gcc/10.3-2021.10/gcc/bin/../lib/gcc/arm-none-eabi/10.3.1/../../../../arm-none-eabi/lib/thumb/v7e-m/nofp/libc.a(lib_a-freer.o)
 .text          0x0000000008000c34        0x0 /opt/homebrew/Cellar/arm-none-eabi-gcc/10.3-2021.10/gcc/bin/../lib/gcc/arm-none-eabi/10.3.1/../../../../arm-none-eabi/lib/thumb/v7e-m/nofp/libc.a(lib_a-lseekr.o)
 .text          0x0000000008000c34        0x0 /opt/homebrew/Cellar/arm-none-eabi-gcc/10.3-2021.10/gcc/bin/../lib/gcc/arm-none-eabi/10.3.1/../../../../arm-none-eabi/lib/thumb/v7e-m/nofp/libc.a(lib_a-makebuf.o)
 .text          0x0000000008000c34        0x0 /opt/homebrew/Cellar/arm-none-eabi-gcc/10.3-2021.10/gcc/bin/../lib/gcc/arm-none-eabi/10.3.1/../../../../arm-none-eabi/lib/thumb/v7e-m/nofp/libc.a(lib_a-readr.o)
 .text          0x0000000008000c34        0x0 /opt/homebrew/Cellar/arm-none-eabi-gcc/10.3-2021.10/gcc/bin/../lib/gcc/arm-none-eabi/10.3.1/../../../../arm-none-eabi/lib/thumb/v7e-m/nofp/libc.a(lib_a-reent.o)
 .text          0x0000000008000c34        0x0 /opt/homebrew/Cellar/arm-none-eabi-gcc/10.3-2021.10/gcc/bin/../lib/gcc/arm-none-eabi/10.3.1/../../../../arm-none-eabi/lib/thumb/v7e-m/nofp/libc.a(lib_a-fstatr.o)
 .text          0x0000000008000c34        0x0 /opt/homebrew/Cellar/arm-none-eabi-gcc/10.3-2021.10/gcc/bin/../lib/gcc/arm-none-eabi/10.3.1/../../../../arm-none-eabi/lib/thumb/v7e-m/nofp/libc.a(lib_a-isattyr.o)
 .text          0x0000000008000c34        0x0 /opt/homebrew/Cellar/arm-none-eabi-gcc/10.3-2021.10/gcc/bin/../lib/gcc/arm-none-eabi/10.3.1/../../../../arm-none-eabi/lib/thumb/v7e-m/nofp/librdimon.a(rdimon-syscalls.o)
 .text          0x0000000008000c34        0x0 /opt/homebrew/Cellar/arm-none-eabi-gcc/10.3-2021.10/gcc/bin/../lib/gcc/arm-none-eabi/10.3.1/../../../../arm-none-eabi/lib/thumb/v7e-m/nofp/librdimon.a(rdimon-_exit.o)
 .text          0x0000000008000c34        0x0 /opt/homebrew/Cellar/arm-none-eabi-gcc/10.3-2021.10/gcc/bin/../lib/gcc/arm-none-eabi/10.3.1/../../../../arm-none-eabi/lib/thumb/v7e-m/nofp/librdimon.a(rdimon-_kill.o)
 .text          0x0000000008000c34        0x0 /opt/homebrew/Cellar/arm-none-eabi-gcc/10.3-2021.10/gcc/bin/../lib/gcc/arm-none-eabi/10.3.1/../../../../arm-none-eabi/lib/thumb/v7e-m/nofp/libc.a(lib_a-errno.o)
 .text          0x0000000008000c34        0x0 /opt/homebrew/Cellar/arm-none-eabi-gcc/10.3-2021.10/gcc/bin/../lib/gcc/arm-none-eabi/10.3.1/thumb/v7e-m/nofp/crtend.o
 .text          0x0000000008000c34        0x0 /opt/homebrew/Cellar/arm-none-eabi-gcc/10.3-2021.10/gcc/bin/../lib/gcc/arm-none-eabi/10.3.1/thumb/v7e-m/nofp/crtn.o
 *(.text.*)
 .text.exit     0x0000000008000c34       0x20 /opt/homebrew/Cellar/arm-none-eabi-gcc/10.3-2021.10/gcc/bin/../lib/gcc/arm-none-eabi/10.3.1/../../../../arm-none-eabi/lib/thumb/v7e-m/nofp/libc.a(lib_a-exit.o)
                0x0000000008000c34                exit
 .text.__libc_init_array
                0x0000000008000c54       0x48 /opt/homebrew/Cellar/arm-none-eabi-gcc/10.3-2021.10/gcc/bin/../lib/gcc/arm-none-eabi/10.3.1/../../../../arm-none-eabi/lib/thumb/v7e-m/nofp/libc.a(lib_a-init.o)
                0x0000000008000c54                __libc_init_array
 .text.memset   0x0000000008000c9c       0xa4 /opt/homebrew/Cellar/arm-none-eabi-gcc/10.3-2021.10/gcc/bin/../lib/gcc/arm-none-eabi/10.3.1/../../../../arm-none-eabi/lib/thumb/v7e-m/nofp/libc.a(lib_a-memset.o)
                0x0000000008000c9c                memset
 .text._puts_r  0x0000000008000d40       0x9c /opt/homebrew/Cellar/arm-none-eabi-gcc/10.3-2021.10/gcc/bin/../lib/gcc/arm-none-eabi/10.3.1/../../../../arm-none-eabi/lib/thumb/v7e-m/nofp/libc.a(lib_a-puts.o)
                0x0000000008000d40                _puts_r
 .text.puts     0x0000000008000ddc       0x10 /opt/homebrew/Cellar/arm-none-eabi-gcc/10.3-2021.10/gcc/bin/../lib/gcc/arm-none-eabi/10.3.1/../../../../arm-none-eabi/lib/thumb/v7e-m/nofp/libc.a(lib_a-puts.o)
                0x0000000008000ddc                puts
 .text.startup.register_fini
                0x0000000008000dec       0x14 /opt/homebrew/Cellar/arm-none-eabi-gcc/10.3-2021.10/gcc/bin/../lib/gcc/arm-none-eabi/10.3.1/../../../../arm-none-eabi/lib/thumb/v7e-m/nofp/libc.a(lib_a-__call_atexit.o)
 .text.__call_exitprocs
                0x0000000008000e00       0xc4 /opt/homebrew/Cellar/arm-none-eabi-gcc/10.3-2021.10/gcc/bin/../lib/gcc/arm-none-eabi/10.3.1/../../../../arm-none-eabi/lib/thumb/v7e-m/nofp/libc.a(lib_a-__call_atexit.o)
                0x0000000008000e00                __call_exitprocs
 .text.atexit   0x0000000008000ec4        0xc /opt/homebrew/Cellar/arm-none-eabi-gcc/10.3-2021.10/gcc/bin/../lib/gcc/arm-none-eabi/10.3.1/../../../../arm-none-eabi/lib/thumb/v7e-m/nofp/libc.a(lib_a-atexit.o)
                0x0000000008000ec4                atexit
 .text._cleanup_r
                0x0000000008000ed0        0xc /opt/homebrew/Cellar/arm-none-eabi-gcc/10.3-2021.10/gcc/bin/../lib/gcc/arm-none-eabi/10.3.1/../../../../arm-none-eabi/lib/thumb/v7e-m/nofp/libc.a(lib_a-findfp.o)
                0x0000000008000ed0                _cleanup_r
 .text.__fp_lock
                0x0000000008000edc       0x1c /opt/homebrew/Cellar/arm-none-eabi-gcc/10.3-2021.10/gcc/bin/../lib/gcc/arm-none-eabi/10.3.1/../../../../arm-none-eabi/lib/thumb/v7e-m/nofp/libc.a(lib_a-findfp.o)
 .text.__fp_unlock
                0x0000000008000ef8       0x1c /opt/homebrew/Cellar/arm-none-eabi-gcc/10.3-2021.10/gcc/bin/../lib/gcc/arm-none-eabi/10.3.1/../../../../arm-none-eabi/lib/thumb/v7e-m/nofp/libc.a(lib_a-findfp.o)
 .text.__sfmoreglue
                0x0000000008000f14       0x30 /opt/homebrew/Cellar/arm-none-eabi-gcc/10.3-2021.10/gcc/bin/../lib/gcc/arm-none-eabi/10.3.1/../../../../arm-none-eabi/lib/thumb/v7e-m/nofp/libc.a(lib_a-findfp.o)
                0x0000000008000f14                __sfmoreglue
 .text._cleanup
                0x0000000008000f44       0x14 /opt/homebrew/Cellar/arm-none-eabi-gcc/10.3-2021.10/gcc/bin/../lib/gcc/arm-none-eabi/10.3.1/../../../../arm-none-eabi/lib/thumb/v7e-m/nofp/libc.a(lib_a-findfp.o)
                0x0000000008000f44                _cleanup
 .text.__sinit  0x0000000008000f58      0x10c /opt/homebrew/Cellar/arm-none-eabi-gcc/10.3-2021.10/gcc/bin/../lib/gcc/arm-none-eabi/10.3.1/../../../../arm-none-eabi/lib/thumb/v7e-m/nofp/libc.a(lib_a-findfp.o)
                0x0000000008000f58                __sinit
 .text.__sfp    0x0000000008001064       0xc8 /opt/homebrew/Cellar/arm-none-eabi-gcc/10.3-2021.10/gcc/bin/../lib/gcc/arm-none-eabi/10.3.1/../../../../arm-none-eabi/lib/thumb/v7e-m/nofp/libc.a(lib_a-findfp.o)
                0x0000000008001064                __sfp
 .text.__sfp_lock_acquire
                0x000000000800112c        0xc /opt/homebrew/Cellar/arm-none-eabi-gcc/10.3-2021.10/gcc/bin/../lib/gcc/arm-none-eabi/10.3.1/../../../../arm-none-eabi/lib/thumb/v7e-m/nofp/libc.a(lib_a-findfp.o)
                0x000000000800112c                __sfp_lock_acquire
 .text.__sfp_lock_release
                0x0000000008001138        0xc /opt/homebrew/Cellar/arm-none-eabi-gcc/10.3-2021.10/gcc/bin/../lib/gcc/arm-none-eabi/10.3.1/../../../../arm-none-eabi/lib/thumb/v7e-m/nofp/libc.a(lib_a-findfp.o)
                0x0000000008001138                __sfp_lock_release
 .text.__sinit_lock_acquire
                0x0000000008001144        0xc /opt/homebrew/Cellar/arm-none-eabi-gcc/10.3-2021.10/gcc/bin/../lib/gcc/arm-none-eabi/10.3.1/../../../../arm-none-eabi/lib/thumb/v7e-m/nofp/libc.a(lib_a-findfp.o)
                0x0000000008001144                __sinit_lock_acquire
 .text.__sinit_lock_release
                0x0000000008001150        0xc /opt/homebrew/Cellar/arm-none-eabi-gcc/10.3-2021.10/gcc/bin/../lib/gcc/arm-none-eabi/10.3.1/../../../../arm-none-eabi/lib/thumb/v7e-m/nofp/libc.a(lib_a-findfp.o)
                0x0000000008001150                __sinit_lock_release
 .text.__fp_lock_all
                0x000000000800115c       0x24 /opt/homebrew/Cellar/arm-none-eabi-gcc/10.3-2021.10/gcc/bin/../lib/gcc/arm-none-eabi/10.3.1/../../../../arm-none-eabi/lib/thumb/v7e-m/nofp/libc.a(lib_a-findfp.o)
                0x000000000800115c                __fp_lock_all
 .text.__fp_unlock_all
                0x0000000008001180       0x24 /opt/homebrew/Cellar/arm-none-eabi-gcc/10.3-2021.10/gcc/bin/../lib/gcc/arm-none-eabi/10.3.1/../../../../arm-none-eabi/lib/thumb/v7e-m/nofp/libc.a(lib_a-findfp.o)
                0x0000000008001180                __fp_unlock_all
 .text.__libc_fini_array
                0x00000000080011a4       0x2c /opt/homebrew/Cellar/arm-none-eabi-gcc/10.3-2021.10/gcc/bin/../lib/gcc/arm-none-eabi/10.3.1/../../../../arm-none-eabi/lib/thumb/v7e-m/nofp/libc.a(lib_a-fini.o)
                0x00000000080011a4                __libc_fini_array
 .text.__sfvwrite_r
                0x00000000080011d0      0x2e8 /opt/homebrew/Cellar/arm-none-eabi-gcc/10.3-2021.10/gcc/bin/../lib/gcc/arm-none-eabi/10.3.1/../../../../arm-none-eabi/lib/thumb/v7e-m/nofp/libc.a(lib_a-fvwrite.o)
                0x00000000080011d0                __sfvwrite_r
 .text._fwalk   0x00000000080014b8       0x40 /opt/homebrew/Cellar/arm-none-eabi-gcc/10.3-2021.10/gcc/bin/../lib/gcc/arm-none-eabi/10.3.1/../../../../arm-none-eabi/lib/thumb/v7e-m/nofp/libc.a(lib_a-fwalk.o)
                0x00000000080014b8                _fwalk
 .text._fwalk_reent
                0x00000000080014f8       0x48 /opt/homebrew/Cellar/arm-none-eabi-gcc/10.3-2021.10/gcc/bin/../lib/gcc/arm-none-eabi/10.3.1/../../../../arm-none-eabi/lib/thumb/v7e-m/nofp/libc.a(lib_a-fwalk.o)
                0x00000000080014f8                _fwalk_reent
 .text.__retarget_lock_init
                0x0000000008001540        0x4 /opt/homebrew/Cellar/arm-none-eabi-gcc/10.3-2021.10/gcc/bin/../lib/gcc/arm-none-eabi/10.3.1/../../../../arm-none-eabi/lib/thumb/v7e-m/nofp/libc.a(lib_a-lock.o)
                0x0000000008001540                __retarget_lock_init
 .text.__retarget_lock_init_recursive
                0x0000000008001544        0x4 /opt/homebrew/Cellar/arm-none-eabi-gcc/10.3-2021.10/gcc/bin/../lib/gcc/arm-none-eabi/10.3.1/../../../../arm-none-eabi/lib/thumb/v7e-m/nofp/libc.a(lib_a-lock.o)
                0x0000000008001544                __retarget_lock_init_recursive
 .text.__retarget_lock_close
                0x0000000008001548        0x4 /opt/homebrew/Cellar/arm-none-eabi-gcc/10.3-2021.10/gcc/bin/../lib/gcc/arm-none-eabi/10.3.1/../../../../arm-none-eabi/lib/thumb/v7e-m/nofp/libc.a(lib_a-lock.o)
                0x0000000008001548                __retarget_lock_close
 .text.__retarget_lock_close_recursive
                0x000000000800154c        0x4 /opt/homebrew/Cellar/arm-none-eabi-gcc/10.3-2021.10/gcc/bin/../lib/gcc/arm-none-eabi/10.3.1/../../../../arm-none-eabi/lib/thumb/v7e-m/nofp/libc.a(lib_a-lock.o)
                0x000000000800154c                __retarget_lock_close_recursive
 .text.__retarget_lock_acquire
                0x0000000008001550        0x4 /opt/homebrew/Cellar/arm-none-eabi-gcc/10.3-2021.10/gcc/bin/../lib/gcc/arm-none-eabi/10.3.1/../../../../arm-none-eabi/lib/thumb/v7e-m/nofp/libc.a(lib_a-lock.o)
                0x0000000008001550                __retarget_lock_acquire
 .text.__retarget_lock_acquire_recursive
                0x0000000008001554        0x4 /opt/homebrew/Cellar/arm-none-eabi-gcc/10.3-2021.10/gcc/bin/../lib/gcc/arm-none-eabi/10.3.1/../../../../arm-none-eabi/lib/thumb/v7e-m/nofp/libc.a(lib_a-lock.o)
                0x0000000008001554                __retarget_lock_acquire_recursive
 .text.__retarget_lock_try_acquire
                0x0000000008001558        0x4 /opt/homebrew/Cellar/arm-none-eabi-gcc/10.3-2021.10/gcc/bin/../lib/gcc/arm-none-eabi/10.3.1/../../../../arm-none-eabi/lib/thumb/v7e-m/nofp/libc.a(lib_a-lock.o)
                0x0000000008001558                __retarget_lock_try_acquire
 .text.__retarget_lock_try_acquire_recursive
                0x000000000800155c        0x4 /opt/homebrew/Cellar/arm-none-eabi-gcc/10.3-2021.10/gcc/bin/../lib/gcc/arm-none-eabi/10.3.1/../../../../arm-none-eabi/lib/thumb/v7e-m/nofp/libc.a(lib_a-lock.o)
                0x000000000800155c                __retarget_lock_try_acquire_recursive
 .text.__retarget_lock_release
                0x0000000008001560        0x4 /opt/homebrew/Cellar/arm-none-eabi-gcc/10.3-2021.10/gcc/bin/../lib/gcc/arm-none-eabi/10.3.1/../../../../arm-none-eabi/lib/thumb/v7e-m/nofp/libc.a(lib_a-lock.o)
                0x0000000008001560                __retarget_lock_release
 .text.__retarget_lock_release_recursive
                0x0000000008001564        0x4 /opt/homebrew/Cellar/arm-none-eabi-gcc/10.3-2021.10/gcc/bin/../lib/gcc/arm-none-eabi/10.3.1/../../../../arm-none-eabi/lib/thumb/v7e-m/nofp/libc.a(lib_a-lock.o)
                0x0000000008001564                __retarget_lock_release_recursive
 .text._malloc_r
                0x0000000008001568      0x560 /opt/homebrew/Cellar/arm-none-eabi-gcc/10.3-2021.10/gcc/bin/../lib/gcc/arm-none-eabi/10.3.1/../../../../arm-none-eabi/lib/thumb/v7e-m/nofp/libc.a(lib_a-mallocr.o)
                0x0000000008001568                _malloc_r
 .text.memmove  0x0000000008001ac8       0xf8 /opt/homebrew/Cellar/arm-none-eabi-gcc/10.3-2021.10/gcc/bin/../lib/gcc/arm-none-eabi/10.3.1/../../../../arm-none-eabi/lib/thumb/v7e-m/nofp/libc.a(lib_a-memmove.o)
                0x0000000008001ac8                memmove
 .text.__malloc_lock
                0x0000000008001bc0        0xc /opt/homebrew/Cellar/arm-none-eabi-gcc/10.3-2021.10/gcc/bin/../lib/gcc/arm-none-eabi/10.3.1/../../../../arm-none-eabi/lib/thumb/v7e-m/nofp/libc.a(lib_a-mlock.o)
                0x0000000008001bc0                __malloc_lock
 .text.__malloc_unlock
                0x0000000008001bcc        0xc /opt/homebrew/Cellar/arm-none-eabi-gcc/10.3-2021.10/gcc/bin/../lib/gcc/arm-none-eabi/10.3.1/../../../../arm-none-eabi/lib/thumb/v7e-m/nofp/libc.a(lib_a-mlock.o)
                0x0000000008001bcc                __malloc_unlock
 .text._realloc_r
                0x0000000008001bd8      0x3d8 /opt/homebrew/Cellar/arm-none-eabi-gcc/10.3-2021.10/gcc/bin/../lib/gcc/arm-none-eabi/10.3.1/../../../../arm-none-eabi/lib/thumb/v7e-m/nofp/libc.a(lib_a-reallocr.o)
                0x0000000008001bd8                _realloc_r
 .text._sbrk_r  0x0000000008001fb0       0x24 /opt/homebrew/Cellar/arm-none-eabi-gcc/10.3-2021.10/gcc/bin/../lib/gcc/arm-none-eabi/10.3.1/../../../../arm-none-eabi/lib/thumb/v7e-m/nofp/libc.a(lib_a-sbrkr.o)
                0x0000000008001fb0                _sbrk_r
 .text.__sread  0x0000000008001fd4       0x24 /opt/homebrew/Cellar/arm-none-eabi-gcc/10.3-2021.10/gcc/bin/../lib/gcc/arm-none-eabi/10.3.1/../../../../arm-none-eabi/lib/thumb/v7e-m/nofp/libc.a(lib_a-stdio.o)
                0x0000000008001fd4                __sread
 .text.__seofread
                0x0000000008001ff8        0x4 /opt/homebrew/Cellar/arm-none-eabi-gcc/10.3-2021.10/gcc/bin/../lib/gcc/arm-none-eabi/10.3.1/../../../../arm-none-eabi/lib/thumb/v7e-m/nofp/libc.a(lib_a-stdio.o)
                0x0000000008001ff8                __seofread
 .text.__swrite
                0x0000000008001ffc       0x40 /opt/homebrew/Cellar/arm-none-eabi-gcc/10.3-2021.10/gcc/bin/../lib/gcc/arm-none-eabi/10.3.1/../../../../arm-none-eabi/lib/thumb/v7e-m/nofp/libc.a(lib_a-stdio.o)
                0x0000000008001ffc                __swrite
 .text.__sseek  0x000000000800203c       0x20 /opt/homebrew/Cellar/arm-none-eabi-gcc/10.3-2021.10/gcc/bin/../lib/gcc/arm-none-eabi/10.3.1/../../../../arm-none-eabi/lib/thumb/v7e-m/nofp/libc.a(lib_a-stdio.o)
                0x000000000800203c                __sseek
 .text.__sclose
                0x000000000800205c        0x8 /opt/homebrew/Cellar/arm-none-eabi-gcc/10.3-2021.10/gcc/bin/../lib/gcc/arm-none-eabi/10.3.1/../../../../arm-none-eabi/lib/thumb/v7e-m/nofp/libc.a(lib_a-stdio.o)
                0x000000000800205c                __sclose
 .text._write_r
                0x0000000008002064       0x2c /opt/homebrew/Cellar/arm-none-eabi-gcc/10.3-2021.10/gcc/bin/../lib/gcc/arm-none-eabi/10.3.1/../../../../arm-none-eabi/lib/thumb/v7e-m/nofp/libc.a(lib_a-writer.o)
                0x0000000008002064                _write_r
 .text.__swsetup_r
                0x0000000008002090       0xd4 /opt/homebrew/Cellar/arm-none-eabi-gcc/10.3-2021.10/gcc/bin/../lib/gcc/arm-none-eabi/10.3.1/../../../../arm-none-eabi/lib/thumb/v7e-m/nofp/libc.a(lib_a-wsetup.o)
                0x0000000008002090                __swsetup_r
 .text.__register_exitproc
                0x0000000008002164       0x8c /opt/homebrew/Cellar/arm-none-eabi-gcc/10.3-2021.10/gcc/bin/../lib/gcc/arm-none-eabi/10.3.1/../../../../arm-none-eabi/lib/thumb/v7e-m/nofp/libc.a(lib_a-__atexit.o)
                0x0000000008002164                __register_exitproc
 .text._close_r
                0x00000000080021f0       0x24 /opt/homebrew/Cellar/arm-none-eabi-gcc/10.3-2021.10/gcc/bin/../lib/gcc/arm-none-eabi/10.3.1/../../../../arm-none-eabi/lib/thumb/v7e-m/nofp/libc.a(lib_a-closer.o)
                0x00000000080021f0                _close_r
 .text._fclose_r
                0x0000000008002214       0xcc /opt/homebrew/Cellar/arm-none-eabi-gcc/10.3-2021.10/gcc/bin/../lib/gcc/arm-none-eabi/10.3.1/../../../../arm-none-eabi/lib/thumb/v7e-m/nofp/libc.a(lib_a-fclose.o)
                0x0000000008002214                _fclose_r
 .text.fclose   0x00000000080022e0       0x10 /opt/homebrew/Cellar/arm-none-eabi-gcc/10.3-2021.10/gcc/bin/../lib/gcc/arm-none-eabi/10.3.1/../../../../arm-none-eabi/lib/thumb/v7e-m/nofp/libc.a(lib_a-fclose.o)
                0x00000000080022e0                fclose
 .text.__sflush_r
                0x00000000080022f0      0x120 /opt/homebrew/Cellar/arm-none-eabi-gcc/10.3-2021.10/gcc/bin/../lib/gcc/arm-none-eabi/10.3.1/../../../../arm-none-eabi/lib/thumb/v7e-m/nofp/libc.a(lib_a-fflush.o)
                0x00000000080022f0                __sflush_r
 .text._fflush_r
                0x0000000008002410       0x5c /opt/homebrew/Cellar/arm-none-eabi-gcc/10.3-2021.10/gcc/bin/../lib/gcc/arm-none-eabi/10.3.1/../../../../arm-none-eabi/lib/thumb/v7e-m/nofp/libc.a(lib_a-fflush.o)
                0x0000000008002410                _fflush_r
 .text.fflush   0x000000000800246c       0x74 /opt/homebrew/Cellar/arm-none-eabi-gcc/10.3-2021.10/gcc/bin/../lib/gcc/arm-none-eabi/10.3.1/../../../../arm-none-eabi/lib/thumb/v7e-m/nofp/libc.a(lib_a-fflush.o)
                0x000000000800246c                fflush
 .text._malloc_trim_r
                0x00000000080024e0       0xa0 /opt/homebrew/Cellar/arm-none-eabi-gcc/10.3-2021.10/gcc/bin/../lib/gcc/arm-none-eabi/10.3.1/../../../../arm-none-eabi/lib/thumb/v7e-m/nofp/libc.a(lib_a-freer.o)
                0x00000000080024e0                _malloc_trim_r
 .text._free_r  0x0000000008002580      0x20c /opt/homebrew/Cellar/arm-none-eabi-gcc/10.3-2021.10/gcc/bin/../lib/gcc/arm-none-eabi/10.3.1/../../../../arm-none-eabi/lib/thumb/v7e-m/nofp/libc.a(lib_a-freer.o)
                0x0000000008002580                _free_r
 .text._lseek_r
                0x000000000800278c       0x2c /opt/homebrew/Cellar/arm-none-eabi-gcc/10.3-2021.10/gcc/bin/../lib/gcc/arm-none-eabi/10.3.1/../../../../arm-none-eabi/lib/thumb/v7e-m/nofp/libc.a(lib_a-lseekr.o)
                0x000000000800278c                _lseek_r
 .text.__smakebuf_r
                0x00000000080027b8       0xe0 /opt/homebrew/Cellar/arm-none-eabi-gcc/10.3-2021.10/gcc/bin/../lib/gcc/arm-none-eabi/10.3.1/../../../../arm-none-eabi/lib/thumb/v7e-m/nofp/libc.a(lib_a-makebuf.o)
                0x00000000080027b8                __smakebuf_r
 .text.__swhatbuf_r
                0x0000000008002898       0x60 /opt/homebrew/Cellar/arm-none-eabi-gcc/10.3-2021.10/gcc/bin/../lib/gcc/arm-none-eabi/10.3.1/../../../../arm-none-eabi/lib/thumb/v7e-m/nofp/libc.a(lib_a-makebuf.o)
                0x0000000008002898                __swhatbuf_r
 .text._read_r  0x00000000080028f8       0x2c /opt/homebrew/Cellar/arm-none-eabi-gcc/10.3-2021.10/gcc/bin/../lib/gcc/arm-none-eabi/10.3.1/../../../../arm-none-eabi/lib/thumb/v7e-m/nofp/libc.a(lib_a-readr.o)
                0x00000000080028f8                _read_r
 .text.cleanup_glue
                0x0000000008002924       0x48 /opt/homebrew/Cellar/arm-none-eabi-gcc/10.3-2021.10/gcc/bin/../lib/gcc/arm-none-eabi/10.3.1/../../../../arm-none-eabi/lib/thumb/v7e-m/nofp/libc.a(lib_a-reent.o)
                0x0000000008002924                cleanup_glue
 .text._reclaim_reent
                0x000000000800296c       0x90 /opt/homebrew/Cellar/arm-none-eabi-gcc/10.3-2021.10/gcc/bin/../lib/gcc/arm-none-eabi/10.3.1/../../../../arm-none-eabi/lib/thumb/v7e-m/nofp/libc.a(lib_a-reent.o)
                0x000000000800296c                _reclaim_reent
 .text._fstat_r
                0x00000000080029fc       0x2c /opt/homebrew/Cellar/arm-none-eabi-gcc/10.3-2021.10/gcc/bin/../lib/gcc/arm-none-eabi/10.3.1/../../../../arm-none-eabi/lib/thumb/v7e-m/nofp/libc.a(lib_a-fstatr.o)
                0x00000000080029fc                _fstat_r
 .text._isatty_r
                0x0000000008002a28       0x24 /opt/homebrew/Cellar/arm-none-eabi-gcc/10.3-2021.10/gcc/bin/../lib/gcc/arm-none-eabi/10.3.1/../../../../arm-none-eabi/lib/thumb/v7e-m/nofp/libc.a(lib_a-isattyr.o)
                0x0000000008002a28                _isatty_r
 .text._swiread
                0x0000000008002a4c       0x3c /opt/homebrew/Cellar/arm-none-eabi-gcc/10.3-2021.10/gcc/bin/../lib/gcc/arm-none-eabi/10.3.1/../../../../arm-none-eabi/lib/thumb/v7e-m/nofp/librdimon.a(rdimon-syscalls.o)
                0x0000000008002a4c                _swiread
 .text._read    0x0000000008002a88       0x90 /opt/homebrew/Cellar/arm-none-eabi-gcc/10.3-2021.10/gcc/bin/../lib/gcc/arm-none-eabi/10.3.1/../../../../arm-none-eabi/lib/thumb/v7e-m/nofp/librdimon.a(rdimon-syscalls.o)
                0x0000000008002a88                _read
 .text._swilseek
                0x0000000008002b18       0xe4 /opt/homebrew/Cellar/arm-none-eabi-gcc/10.3-2021.10/gcc/bin/../lib/gcc/arm-none-eabi/10.3.1/../../../../arm-none-eabi/lib/thumb/v7e-m/nofp/librdimon.a(rdimon-syscalls.o)
                0x0000000008002b18                _swilseek
 .text._lseek   0x0000000008002bfc        0x4 /opt/homebrew/Cellar/arm-none-eabi-gcc/10.3-2021.10/gcc/bin/../lib/gcc/arm-none-eabi/10.3.1/../../../../arm-none-eabi/lib/thumb/v7e-m/nofp/librdimon.a(rdimon-syscalls.o)
                0x0000000008002bfc                _lseek
 .text._swiwrite
                0x0000000008002c00       0x3c /opt/homebrew/Cellar/arm-none-eabi-gcc/10.3-2021.10/gcc/bin/../lib/gcc/arm-none-eabi/10.3.1/../../../../arm-none-eabi/lib/thumb/v7e-m/nofp/librdimon.a(rdimon-syscalls.o)
                0x0000000008002c00                _swiwrite
 .text._write   0x0000000008002c3c       0xbc /opt/homebrew/Cellar/arm-none-eabi-gcc/10.3-2021.10/gcc/bin/../lib/gcc/arm-none-eabi/10.3.1/../../../../arm-none-eabi/lib/thumb/v7e-m/nofp/librdimon.a(rdimon-syscalls.o)
                0x0000000008002c3c                _write
 .text._swiclose
                0x0000000008002cf8       0x38 /opt/homebrew/Cellar/arm-none-eabi-gcc/10.3-2021.10/gcc/bin/../lib/gcc/arm-none-eabi/10.3.1/../../../../arm-none-eabi/lib/thumb/v7e-m/nofp/librdimon.a(rdimon-syscalls.o)
                0x0000000008002cf8                _swiclose
 .text._close   0x0000000008002d30       0x98 /opt/homebrew/Cellar/arm-none-eabi-gcc/10.3-2021.10/gcc/bin/../lib/gcc/arm-none-eabi/10.3.1/../../../../arm-none-eabi/lib/thumb/v7e-m/nofp/librdimon.a(rdimon-syscalls.o)
                0x0000000008002d30                _close
 .text._getpid  0x0000000008002dc8        0x4 /opt/homebrew/Cellar/arm-none-eabi-gcc/10.3-2021.10/gcc/bin/../lib/gcc/arm-none-eabi/10.3.1/../../../../arm-none-eabi/lib/thumb/v7e-m/nofp/librdimon.a(rdimon-syscalls.o)
                0x0000000008002dc8                _getpid
 .text._sbrk    0x0000000008002dcc       0x48 /opt/homebrew/Cellar/arm-none-eabi-gcc/10.3-2021.10/gcc/bin/../lib/gcc/arm-none-eabi/10.3.1/../../../../arm-none-eabi/lib/thumb/v7e-m/nofp/librdimon.a(rdimon-syscalls.o)
                0x0000000008002dcc                _sbrk
 .text._swistat
                0x0000000008002e14       0x80 /opt/homebrew/Cellar/arm-none-eabi-gcc/10.3-2021.10/gcc/bin/../lib/gcc/arm-none-eabi/10.3.1/../../../../arm-none-eabi/lib/thumb/v7e-m/nofp/librdimon.a(rdimon-syscalls.o)
                0x0000000008002e14                _swistat
 .text._fstat   0x0000000008002e94       0x1c /opt/homebrew/Cellar/arm-none-eabi-gcc/10.3-2021.10/gcc/bin/../lib/gcc/arm-none-eabi/10.3.1/../../../../arm-none-eabi/lib/thumb/v7e-m/nofp/librdimon.a(rdimon-syscalls.o)
                0x0000000008002e94                _fstat
 .text._stat    0x0000000008002eb0       0x3c /opt/homebrew/Cellar/arm-none-eabi-gcc/10.3-2021.10/gcc/bin/../lib/gcc/arm-none-eabi/10.3.1/../../../../arm-none-eabi/lib/thumb/v7e-m/nofp/librdimon.a(rdimon-syscalls.o)
                0x0000000008002eb0                _stat
 .text._swiopen
                0x0000000008002eec       0xcc /opt/homebrew/Cellar/arm-none-eabi-gcc/10.3-2021.10/gcc/bin/../lib/gcc/arm-none-eabi/10.3.1/../../../../arm-none-eabi/lib/thumb/v7e-m/nofp/librdimon.a(rdimon-syscalls.o)
                0x0000000008002eec                _swiopen
 .text._open    0x0000000008002fb8       0x14 /opt/homebrew/Cellar/arm-none-eabi-gcc/10.3-2021.10/gcc/bin/../lib/gcc/arm-none-eabi/10.3.1/../../../../arm-none-eabi/lib/thumb/v7e-m/nofp/librdimon.a(rdimon-syscalls.o)
                0x0000000008002fb8                _open
 .text._get_semihosting_exts
                0x0000000008002fcc      0x110 /opt/homebrew/Cellar/arm-none-eabi-gcc/10.3-2021.10/gcc/bin/../lib/gcc/arm-none-eabi/10.3.1/../../../../arm-none-eabi/lib/thumb/v7e-m/nofp/librdimon.a(rdimon-syscalls.o)
                0x0000000008002fcc                _get_semihosting_exts
 .text._has_ext_exit_extended
                0x00000000080030dc       0x48 /opt/homebrew/Cellar/arm-none-eabi-gcc/10.3-2021.10/gcc/bin/../lib/gcc/arm-none-eabi/10.3.1/../../../../arm-none-eabi/lib/thumb/v7e-m/nofp/librdimon.a(rdimon-syscalls.o)
                0x00000000080030dc                _has_ext_exit_extended
 .text._has_ext_stdout_stderr
                0x0000000008003124       0x48 /opt/homebrew/Cellar/arm-none-eabi-gcc/10.3-2021.10/gcc/bin/../lib/gcc/arm-none-eabi/10.3.1/../../../../arm-none-eabi/lib/thumb/v7e-m/nofp/librdimon.a(rdimon-syscalls.o)
                0x0000000008003124                _has_ext_stdout_stderr
 .text.initialise_monitor_handles
                0x000000000800316c      0x158 /opt/homebrew/Cellar/arm-none-eabi-gcc/10.3-2021.10/gcc/bin/../lib/gcc/arm-none-eabi/10.3.1/../../../../arm-none-eabi/lib/thumb/v7e-m/nofp/librdimon.a(rdimon-syscalls.o)
                0x000000000800316c                initialise_monitor_handles
 .text._link    0x00000000080032c4       0x10 /opt/homebrew/Cellar/arm-none-eabi-gcc/10.3-2021.10/gcc/bin/../lib/gcc/arm-none-eabi/10.3.1/../../../../arm-none-eabi/lib/thumb/v7e-m/nofp/librdimon.a(rdimon-syscalls.o)
                0x00000000080032c4                _link
 .text._unlink  0x00000000080032d4       0x40 /opt/homebrew/Cellar/arm-none-eabi-gcc/10.3-2021.10/gcc/bin/../lib/gcc/arm-none-eabi/10.3.1/../../../../arm-none-eabi/lib/thumb/v7e-m/nofp/librdimon.a(rdimon-syscalls.o)
                0x00000000080032d4                _unlink
 .text._gettimeofday
                0x0000000008003314       0x28 /opt/homebrew/Cellar/arm-none-eabi-gcc/10.3-2021.10/gcc/bin/../lib/gcc/arm-none-eabi/10.3.1/../../../../arm-none-eabi/lib/thumb/v7e-m/nofp/librdimon.a(rdimon-syscalls.o)
                0x0000000008003314                _gettimeofday
 .text._clock   0x000000000800333c       0x14 /opt/homebrew/Cellar/arm-none-eabi-gcc/10.3-2021.10/gcc/bin/../lib/gcc/arm-none-eabi/10.3.1/../../../../arm-none-eabi/lib/thumb/v7e-m/nofp/librdimon.a(rdimon-syscalls.o)
                0x000000000800333c                _clock
 .text._times   0x0000000008003350       0x20 /opt/homebrew/Cellar/arm-none-eabi-gcc/10.3-2021.10/gcc/bin/../lib/gcc/arm-none-eabi/10.3.1/../../../../arm-none-eabi/lib/thumb/v7e-m/nofp/librdimon.a(rdimon-syscalls.o)
                0x0000000008003350                _times
 .text._isatty  0x0000000008003370       0x68 /opt/homebrew/Cellar/arm-none-eabi-gcc/10.3-2021.10/gcc/bin/../lib/gcc/arm-none-eabi/10.3.1/../../../../arm-none-eabi/lib/thumb/v7e-m/nofp/librdimon.a(rdimon-syscalls.o)
                0x0000000008003370                _isatty
 .text._system  0x00000000080033d8       0x5c /opt/homebrew/Cellar/arm-none-eabi-gcc/10.3-2021.10/gcc/bin/../lib/gcc/arm-none-eabi/10.3.1/../../../../arm-none-eabi/lib/thumb/v7e-m/nofp/librdimon.a(rdimon-syscalls.o)
                0x00000000080033d8                _system
 .text._rename  0x0000000008003434       0x54 /opt/homebrew/Cellar/arm-none-eabi-gcc/10.3-2021.10/gcc/bin/../lib/gcc/arm-none-eabi/10.3.1/../../../../arm-none-eabi/lib/thumb/v7e-m/nofp/librdimon.a(rdimon-syscalls.o)
                0x0000000008003434                _rename
 .text._exit    0x0000000008003488       0x14 /opt/homebrew/Cellar/arm-none-eabi-gcc/10.3-2021.10/gcc/bin/../lib/gcc/arm-none-eabi/10.3.1/../../../../arm-none-eabi/lib/thumb/v7e-m/nofp/librdimon.a(rdimon-_exit.o)
                0x0000000008003488                _exit
 .text._kill_shared
                0x000000000800349c       0x30 /opt/homebrew/Cellar/arm-none-eabi-gcc/10.3-2021.10/gcc/bin/../lib/gcc/arm-none-eabi/10.3.1/../../../../arm-none-eabi/lib/thumb/v7e-m/nofp/librdimon.a(rdimon-_kill.o)
                0x000000000800349c                _kill_shared
 .text._kill    0x00000000080034cc       0x1c /opt/homebrew/Cellar/arm-none-eabi-gcc/10.3-2021.10/gcc/bin/../lib/gcc/arm-none-eabi/10.3.1/../../../../arm-none-eabi/lib/thumb/v7e-m/nofp/librdimon.a(rdimon-_kill.o)
                0x00000000080034cc                _kill
 .text.__errno  0x00000000080034e8        0xc /opt/homebrew/Cellar/arm-none-eabi-gcc/10.3-2021.10/gcc/bin/../lib/gcc/arm-none-eabi/10.3.1/../../../../arm-none-eabi/lib/thumb/v7e-m/nofp/libc.a(lib_a-errno.o)
                0x00000000080034e8                __errno
 *(.init)
 .init          0x00000000080034f4        0x4 /opt/homebrew/Cellar/arm-none-eabi-gcc/10.3-2021.10/gcc/bin/../lib/gcc/arm-none-eabi/10.3.1/thumb/v7e-m/nofp/crti.o
                0x00000000080034f4                _init
 .init          0x00000000080034f8        0x8 /opt/homebrew/Cellar/arm-none-eabi-gcc/10.3-2021.10/gcc/bin/../lib/gcc/arm-none-eabi/10.3.1/thumb/v7e-m/nofp/crtn.o
 *(.fini)
 .fini          0x0000000008003500        0x4 /opt/homebrew/Cellar/arm-none-eabi-gcc/10.3-2021.10/gcc/bin/../lib/gcc/arm-none-eabi/10.3.1/thumb/v7e-m/nofp/crti.o
                0x0000000008003500                _fini
 .fini          0x0000000008003504        0x8 /opt/homebrew/Cellar/arm-none-eabi-gcc/10.3-2021.10/gcc/bin/../lib/gcc/arm-none-eabi/10.3.1/thumb/v7e-m/nofp/crtn.o
 *(.rodata)
 .rodata        0x000000000800350c       0x24 /opt/homebrew/Cellar/arm-none-eabi-gcc/10.3-2021.10/gcc/bin/../lib/gcc/arm-none-eabi/10.3.1/thumb/v7e-m/nofp/crtbegin.o
 .rodata        0x0000000008003530       0xc8 main.o
                0x0000000008003530                const_v_1
                0x0000000008003534                const_v_2
                0x0000000008003538                const_v_3
 .rodata        0x00000000080035f8       0x24 /opt/homebrew/Cellar/arm-none-eabi-gcc/10.3-2021.10/gcc/bin/../lib/gcc/arm-none-eabi/10.3.1/thumb/v7e-m/nofp/crtend.o
 *(.rodata.*)
 .rodata._global_impure_ptr
                0x000000000800361c        0x4 /opt/homebrew/Cellar/arm-none-eabi-gcc/10.3-2021.10/gcc/bin/../lib/gcc/arm-none-eabi/10.3.1/../../../../arm-none-eabi/lib/thumb/v7e-m/nofp/libc.a(lib_a-impure.o)
                0x000000000800361c                _global_impure_ptr
 .rodata._puts_r.str1.4
                0x0000000008003620        0x2 /opt/homebrew/Cellar/arm-none-eabi-gcc/10.3-2021.10/gcc/bin/../lib/gcc/arm-none-eabi/10.3.1/../../../../arm-none-eabi/lib/thumb/v7e-m/nofp/libc.a(lib_a-puts.o)
 *fill*         0x0000000008003622        0x2 
 .rodata._get_semihosting_exts.str1.4
                0x0000000008003624       0x16 /opt/homebrew/Cellar/arm-none-eabi-gcc/10.3-2021.10/gcc/bin/../lib/gcc/arm-none-eabi/10.3.1/../../../../arm-none-eabi/lib/thumb/v7e-m/nofp/librdimon.a(rdimon-syscalls.o)
 *fill*         0x000000000800363a        0x2 
 .rodata.initialise_monitor_handles.str1.4
                0x000000000800363c        0x4 /opt/homebrew/Cellar/arm-none-eabi-gcc/10.3-2021.10/gcc/bin/../lib/gcc/arm-none-eabi/10.3.1/../../../../arm-none-eabi/lib/thumb/v7e-m/nofp/librdimon.a(rdimon-syscalls.o)
                0x0000000008003640                . = ALIGN (0x4)
                0x0000000008003640                _etext = .
                0x000000000800364c                _la_data = LOADADDR (.data)

.glue_7         0x0000000008003640        0x0
 .glue_7        0x0000000008003640        0x0 linker stubs

.glue_7t        0x0000000008003640        0x0
 .glue_7t       0x0000000008003640        0x0 linker stubs

.vfp11_veneer   0x0000000008003640        0x0
 .vfp11_veneer  0x0000000008003640        0x0 linker stubs

.v4_bx          0x0000000008003640        0x0
 .v4_bx         0x0000000008003640        0x0 linker stubs

.iplt           0x0000000008003640        0x0
 .iplt          0x0000000008003640        0x0 /opt/homebrew/Cellar/arm-none-eabi-gcc/10.3-2021.10/gcc/bin/../lib/gcc/arm-none-eabi/10.3.1/thumb/v7e-m/nofp/crtbegin.o

.eh_frame       0x0000000008003640        0x4
 .eh_frame      0x0000000008003640        0x0 /opt/homebrew/Cellar/arm-none-eabi-gcc/10.3-2021.10/gcc/bin/../lib/gcc/arm-none-eabi/10.3.1/thumb/v7e-m/nofp/crtbegin.o
 .eh_frame      0x0000000008003640        0x4 /opt/homebrew/Cellar/arm-none-eabi-gcc/10.3-2021.10/gcc/bin/../lib/gcc/arm-none-eabi/10.3.1/thumb/v7e-m/nofp/crtend.o

.ARM.extab      0x0000000008003644        0x0
 .ARM.extab     0x0000000008003644        0x0 /opt/homebrew/Cellar/arm-none-eabi-gcc/10.3-2021.10/gcc/bin/../lib/gcc/arm-none-eabi/10.3.1/../../../../arm-none-eabi/lib/thumb/v7e-m/nofp/rdimon-crt0.o

.ARM.exidx      0x0000000008003644        0x8
 .ARM.exidx     0x0000000008003644        0x8 /opt/homebrew/Cellar/arm-none-eabi-gcc/10.3-2021.10/gcc/bin/../lib/gcc/arm-none-eabi/10.3.1/../../../../arm-none-eabi/lib/thumb/v7e-m/nofp/rdimon-crt0.o
                                         0x10 (size before relaxing)

.rel.dyn        0x000000000800364c        0x0
 .rel.iplt      0x000000000800364c        0x0 /opt/homebrew/Cellar/arm-none-eabi-gcc/10.3-2021.10/gcc/bin/../lib/gcc/arm-none-eabi/10.3.1/thumb/v7e-m/nofp/crtbegin.o

.data           0x0000000020000000      0x970 load address 0x000000000800364c
                0x0000000020000000                _sdata = .
 *(.data)
 .data          0x0000000020000000        0x0 /opt/homebrew/Cellar/arm-none-eabi-gcc/10.3-2021.10/gcc/bin/../lib/gcc/arm-none-eabi/10.3.1/thumb/v7e-m/nofp/crti.o
 .data          0x0000000020000000        0x4 /opt/homebrew/Cellar/arm-none-eabi-gcc/10.3-2021.10/gcc/bin/../lib/gcc/arm-none-eabi/10.3.1/thumb/v7e-m/nofp/crtbegin.o
                0x0000000020000000                __dso_handle
 .data          0x0000000020000004      0x118 /opt/homebrew/Cellar/arm-none-eabi-gcc/10.3-2021.10/gcc/bin/../lib/gcc/arm-none-eabi/10.3.1/../../../../arm-none-eabi/lib/thumb/v7e-m/nofp/rdimon-crt0.o
                0x000000002000000c                __stack_base__
 .data          0x000000002000011c        0x1 main.o
                0x000000002000011c                current_task
 .data          0x000000002000011d        0x0 led.o
 .data          0x000000002000011d        0x0 stm32_startup.o
 .data          0x000000002000011d        0x0 /opt/homebrew/Cellar/arm-none-eabi-gcc/10.3-2021.10/gcc/bin/../lib/gcc/arm-none-eabi/10.3.1/../../../../arm-none-eabi/lib/thumb/v7e-m/nofp/libc.a(lib_a-exit.o)
 .data          0x000000002000011d        0x0 /opt/homebrew/Cellar/arm-none-eabi-gcc/10.3-2021.10/gcc/bin/../lib/gcc/arm-none-eabi/10.3.1/../../../../arm-none-eabi/lib/thumb/v7e-m/nofp/libc.a(lib_a-impure.o)
 .data          0x000000002000011d        0x0 /opt/homebrew/Cellar/arm-none-eabi-gcc/10.3-2021.10/gcc/bin/../lib/gcc/arm-none-eabi/10.3.1/../../../../arm-none-eabi/lib/thumb/v7e-m/nofp/libc.a(lib_a-init.o)
 .data          0x000000002000011d        0x0 /opt/homebrew/Cellar/arm-none-eabi-gcc/10.3-2021.10/gcc/bin/../lib/gcc/arm-none-eabi/10.3.1/../../../../arm-none-eabi/lib/thumb/v7e-m/nofp/libc.a(lib_a-memset.o)
 .data          0x000000002000011d        0x0 /opt/homebrew/Cellar/arm-none-eabi-gcc/10.3-2021.10/gcc/bin/../lib/gcc/arm-none-eabi/10.3.1/../../../../arm-none-eabi/lib/thumb/v7e-m/nofp/libc.a(lib_a-puts.o)
 .data          0x000000002000011d        0x0 /opt/homebrew/Cellar/arm-none-eabi-gcc/10.3-2021.10/gcc/bin/../lib/gcc/arm-none-eabi/10.3.1/../../../../arm-none-eabi/lib/thumb/v7e-m/nofp/libc.a(lib_a-strlen.o)
 .data          0x000000002000011d        0x0 /opt/homebrew/Cellar/arm-none-eabi-gcc/10.3-2021.10/gcc/bin/../lib/gcc/arm-none-eabi/10.3.1/../../../../arm-none-eabi/lib/thumb/v7e-m/nofp/libc.a(lib_a-__call_atexit.o)
 .data          0x000000002000011d        0x0 /opt/homebrew/Cellar/arm-none-eabi-gcc/10.3-2021.10/gcc/bin/../lib/gcc/arm-none-eabi/10.3.1/../../../../arm-none-eabi/lib/thumb/v7e-m/nofp/libc.a(lib_a-atexit.o)
 .data          0x000000002000011d        0x0 /opt/homebrew/Cellar/arm-none-eabi-gcc/10.3-2021.10/gcc/bin/../lib/gcc/arm-none-eabi/10.3.1/../../../../arm-none-eabi/lib/thumb/v7e-m/nofp/libc.a(lib_a-findfp.o)
 .data          0x000000002000011d        0x0 /opt/homebrew/Cellar/arm-none-eabi-gcc/10.3-2021.10/gcc/bin/../lib/gcc/arm-none-eabi/10.3.1/../../../../arm-none-eabi/lib/thumb/v7e-m/nofp/libc.a(lib_a-fini.o)
 .data          0x000000002000011d        0x0 /opt/homebrew/Cellar/arm-none-eabi-gcc/10.3-2021.10/gcc/bin/../lib/gcc/arm-none-eabi/10.3.1/../../../../arm-none-eabi/lib/thumb/v7e-m/nofp/libc.a(lib_a-fvwrite.o)
 .data          0x000000002000011d        0x0 /opt/homebrew/Cellar/arm-none-eabi-gcc/10.3-2021.10/gcc/bin/../lib/gcc/arm-none-eabi/10.3.1/../../../../arm-none-eabi/lib/thumb/v7e-m/nofp/libc.a(lib_a-fwalk.o)
 .data          0x000000002000011d        0x0 /opt/homebrew/Cellar/arm-none-eabi-gcc/10.3-2021.10/gcc/bin/../lib/gcc/arm-none-eabi/10.3.1/../../../../arm-none-eabi/lib/thumb/v7e-m/nofp/libc.a(lib_a-lock.o)
 .data          0x000000002000011d        0x0 /opt/homebrew/Cellar/arm-none-eabi-gcc/10.3-2021.10/gcc/bin/../lib/gcc/arm-none-eabi/10.3.1/../../../../arm-none-eabi/lib/thumb/v7e-m/nofp/libc.a(lib_a-mallocr.o)
 .data          0x000000002000011d        0x0 /opt/homebrew/Cellar/arm-none-eabi-gcc/10.3-2021.10/gcc/bin/../lib/gcc/arm-none-eabi/10.3.1/../../../../arm-none-eabi/lib/thumb/v7e-m/nofp/libc.a(lib_a-memchr.o)
 .data          0x000000002000011d        0x0 /opt/homebrew/Cellar/arm-none-eabi-gcc/10.3-2021.10/gcc/bin/../lib/gcc/arm-none-eabi/10.3.1/../../../../arm-none-eabi/lib/thumb/v7e-m/nofp/libc.a(lib_a-memcpy.o)
 .data          0x000000002000011d        0x0 /opt/homebrew/Cellar/arm-none-eabi-gcc/10.3-2021.10/gcc/bin/../lib/gcc/arm-none-eabi/10.3.1/../../../../arm-none-eabi/lib/thumb/v7e-m/nofp/libc.a(lib_a-memmove.o)
 .data          0x000000002000011d        0x0 /opt/homebrew/Cellar/arm-none-eabi-gcc/10.3-2021.10/gcc/bin/../lib/gcc/arm-none-eabi/10.3.1/../../../../arm-none-eabi/lib/thumb/v7e-m/nofp/libc.a(lib_a-mlock.o)
 .data          0x000000002000011d        0x0 /opt/homebrew/Cellar/arm-none-eabi-gcc/10.3-2021.10/gcc/bin/../lib/gcc/arm-none-eabi/10.3.1/../../../../arm-none-eabi/lib/thumb/v7e-m/nofp/libc.a(lib_a-reallocr.o)
 .data          0x000000002000011d        0x0 /opt/homebrew/Cellar/arm-none-eabi-gcc/10.3-2021.10/gcc/bin/../lib/gcc/arm-none-eabi/10.3.1/../../../../arm-none-eabi/lib/thumb/v7e-m/nofp/libc.a(lib_a-sbrkr.o)
 .data          0x000000002000011d        0x0 /opt/homebrew/Cellar/arm-none-eabi-gcc/10.3-2021.10/gcc/bin/../lib/gcc/arm-none-eabi/10.3.1/../../../../arm-none-eabi/lib/thumb/v7e-m/nofp/libc.a(lib_a-stdio.o)
 .data          0x000000002000011d        0x0 /opt/homebrew/Cellar/arm-none-eabi-gcc/10.3-2021.10/gcc/bin/../lib/gcc/arm-none-eabi/10.3.1/../../../../arm-none-eabi/lib/thumb/v7e-m/nofp/libc.a(lib_a-writer.o)
 .data          0x000000002000011d        0x0 /opt/homebrew/Cellar/arm-none-eabi-gcc/10.3-2021.10/gcc/bin/../lib/gcc/arm-none-eabi/10.3.1/../../../../arm-none-eabi/lib/thumb/v7e-m/nofp/libc.a(lib_a-wsetup.o)
 .data          0x000000002000011d        0x0 /opt/homebrew/Cellar/arm-none-eabi-gcc/10.3-2021.10/gcc/bin/../lib/gcc/arm-none-eabi/10.3.1/../../../../arm-none-eabi/lib/thumb/v7e-m/nofp/libc.a(lib_a-__atexit.o)
 .data          0x000000002000011d        0x0 /opt/homebrew/Cellar/arm-none-eabi-gcc/10.3-2021.10/gcc/bin/../lib/gcc/arm-none-eabi/10.3.1/../../../../arm-none-eabi/lib/thumb/v7e-m/nofp/libc.a(lib_a-closer.o)
 .data          0x000000002000011d        0x0 /opt/homebrew/Cellar/arm-none-eabi-gcc/10.3-2021.10/gcc/bin/../lib/gcc/arm-none-eabi/10.3.1/../../../../arm-none-eabi/lib/thumb/v7e-m/nofp/libc.a(lib_a-fclose.o)
 .data          0x000000002000011d        0x0 /opt/homebrew/Cellar/arm-none-eabi-gcc/10.3-2021.10/gcc/bin/../lib/gcc/arm-none-eabi/10.3.1/../../../../arm-none-eabi/lib/thumb/v7e-m/nofp/libc.a(lib_a-fflush.o)
 .data          0x000000002000011d        0x0 /opt/homebrew/Cellar/arm-none-eabi-gcc/10.3-2021.10/gcc/bin/../lib/gcc/arm-none-eabi/10.3.1/../../../../arm-none-eabi/lib/thumb/v7e-m/nofp/libc.a(lib_a-freer.o)
 .data          0x000000002000011d        0x0 /opt/homebrew/Cellar/arm-none-eabi-gcc/10.3-2021.10/gcc/bin/../lib/gcc/arm-none-eabi/10.3.1/../../../../arm-none-eabi/lib/thumb/v7e-m/nofp/libc.a(lib_a-lseekr.o)
 .data          0x000000002000011d        0x0 /opt/homebrew/Cellar/arm-none-eabi-gcc/10.3-2021.10/gcc/bin/../lib/gcc/arm-none-eabi/10.3.1/../../../../arm-none-eabi/lib/thumb/v7e-m/nofp/libc.a(lib_a-makebuf.o)
 .data          0x000000002000011d        0x0 /opt/homebrew/Cellar/arm-none-eabi-gcc/10.3-2021.10/gcc/bin/../lib/gcc/arm-none-eabi/10.3.1/../../../../arm-none-eabi/lib/thumb/v7e-m/nofp/libc.a(lib_a-readr.o)
 .data          0x000000002000011d        0x0 /opt/homebrew/Cellar/arm-none-eabi-gcc/10.3-2021.10/gcc/bin/../lib/gcc/arm-none-eabi/10.3.1/../../../../arm-none-eabi/lib/thumb/v7e-m/nofp/libc.a(lib_a-reent.o)
 .data          0x000000002000011d        0x0 /opt/homebrew/Cellar/arm-none-eabi-gcc/10.3-2021.10/gcc/bin/../lib/gcc/arm-none-eabi/10.3.1/../../../../arm-none-eabi/lib/thumb/v7e-m/nofp/libc.a(lib_a-fstatr.o)
 .data          0x000000002000011d        0x0 /opt/homebrew/Cellar/arm-none-eabi-gcc/10.3-2021.10/gcc/bin/../lib/gcc/arm-none-eabi/10.3.1/../../../../arm-none-eabi/lib/thumb/v7e-m/nofp/libc.a(lib_a-isattyr.o)
 .data          0x000000002000011d        0x0 /opt/homebrew/Cellar/arm-none-eabi-gcc/10.3-2021.10/gcc/bin/../lib/gcc/arm-none-eabi/10.3.1/../../../../arm-none-eabi/lib/thumb/v7e-m/nofp/librdimon.a(rdimon-syscalls.o)
 .data          0x000000002000011d        0x0 /opt/homebrew/Cellar/arm-none-eabi-gcc/10.3-2021.10/gcc/bin/../lib/gcc/arm-none-eabi/10.3.1/../../../../arm-none-eabi/lib/thumb/v7e-m/nofp/librdimon.a(rdimon-_exit.o)
 .data          0x000000002000011d        0x0 /opt/homebrew/Cellar/arm-none-eabi-gcc/10.3-2021.10/gcc/bin/../lib/gcc/arm-none-eabi/10.3.1/../../../../arm-none-eabi/lib/thumb/v7e-m/nofp/librdimon.a(rdimon-_kill.o)
 .data          0x000000002000011d        0x0 /opt/homebrew/Cellar/arm-none-eabi-gcc/10.3-2021.10/gcc/bin/../lib/gcc/arm-none-eabi/10.3.1/../../../../arm-none-eabi/lib/thumb/v7e-m/nofp/libc.a(lib_a-errno.o)
 .data          0x000000002000011d        0x0 /opt/homebrew/Cellar/arm-none-eabi-gcc/10.3-2021.10/gcc/bin/../lib/gcc/arm-none-eabi/10.3.1/thumb/v7e-m/nofp/crtend.o
 .data          0x000000002000011d        0x0 /opt/homebrew/Cellar/arm-none-eabi-gcc/10.3-2021.10/gcc/bin/../lib/gcc/arm-none-eabi/10.3.1/thumb/v7e-m/nofp/crtn.o
 *(.data.*)
 *fill*         0x000000002000011d        0x3 
 .data._impure_ptr
                0x0000000020000120        0x4 /opt/homebrew/Cellar/arm-none-eabi-gcc/10.3-2021.10/gcc/bin/../lib/gcc/arm-none-eabi/10.3.1/../../../../arm-none-eabi/lib/thumb/v7e-m/nofp/libc.a(lib_a-impure.o)
                0x0000000020000120                _impure_ptr
 *fill*         0x0000000020000124        0x4 
 .data.impure_data
                0x0000000020000128      0x428 /opt/homebrew/Cellar/arm-none-eabi-gcc/10.3-2021.10/gcc/bin/../lib/gcc/arm-none-eabi/10.3.1/../../../../arm-none-eabi/lib/thumb/v7e-m/nofp/libc.a(lib_a-impure.o)
 .data.__atexit_recursive_mutex
                0x0000000020000550        0x4 /opt/homebrew/Cellar/arm-none-eabi-gcc/10.3-2021.10/gcc/bin/../lib/gcc/arm-none-eabi/10.3.1/../../../../arm-none-eabi/lib/thumb/v7e-m/nofp/libc.a(lib_a-__call_atexit.o)
                0x0000000020000550                __atexit_recursive_mutex
 .data.__malloc_av_
                0x0000000020000554      0x408 /opt/homebrew/Cellar/arm-none-eabi-gcc/10.3-2021.10/gcc/bin/../lib/gcc/arm-none-eabi/10.3.1/../../../../arm-none-eabi/lib/thumb/v7e-m/nofp/libc.a(lib_a-mallocr.o)
                0x0000000020000554                __malloc_av_
 .data.__malloc_sbrk_base
                0x000000002000095c        0x4 /opt/homebrew/Cellar/arm-none-eabi-gcc/10.3-2021.10/gcc/bin/../lib/gcc/arm-none-eabi/10.3.1/../../../../arm-none-eabi/lib/thumb/v7e-m/nofp/libc.a(lib_a-mallocr.o)
                0x000000002000095c                __malloc_sbrk_base
 .data.__malloc_trim_threshold
                0x0000000020000960        0x4 /opt/homebrew/Cellar/arm-none-eabi-gcc/10.3-2021.10/gcc/bin/../lib/gcc/arm-none-eabi/10.3.1/../../../../arm-none-eabi/lib/thumb/v7e-m/nofp/libc.a(lib_a-mallocr.o)
                0x0000000020000960                __malloc_trim_threshold
 .data.__heap_limit
                0x0000000020000964        0x4 /opt/homebrew/Cellar/arm-none-eabi-gcc/10.3-2021.10/gcc/bin/../lib/gcc/arm-none-eabi/10.3.1/../../../../arm-none-eabi/lib/thumb/v7e-m/nofp/librdimon.a(rdimon-syscalls.o)
                0x0000000020000964                __heap_limit
 .data.supports_ext_exit_extended
                0x0000000020000968        0x4 /opt/homebrew/Cellar/arm-none-eabi-gcc/10.3-2021.10/gcc/bin/../lib/gcc/arm-none-eabi/10.3.1/../../../../arm-none-eabi/lib/thumb/v7e-m/nofp/librdimon.a(rdimon-syscalls.o)
 .data.supports_ext_stdout_stderr
                0x000000002000096c        0x4 /opt/homebrew/Cellar/arm-none-eabi-gcc/10.3-2021.10/gcc/bin/../lib/gcc/arm-none-eabi/10.3.1/../../../../arm-none-eabi/lib/thumb/v7e-m/nofp/librdimon.a(rdimon-syscalls.o)
                0x0000000020000970                _edata = .
                0x0000000020000970                . = ALIGN (0x4)

.init_array     0x0000000020000970        0x4 load address 0x0000000008003fbc
 .init_array    0x0000000020000970        0x4 /opt/homebrew/Cellar/arm-none-eabi-gcc/10.3-2021.10/gcc/bin/../lib/gcc/arm-none-eabi/10.3.1/thumb/v7e-m/nofp/crtbegin.o

.fini_array     0x0000000020000974        0x4 load address 0x0000000008003fc0
 .fini_array    0x0000000020000974        0x4 /opt/homebrew/Cellar/arm-none-eabi-gcc/10.3-2021.10/gcc/bin/../lib/gcc/arm-none-eabi/10.3.1/thumb/v7e-m/nofp/crtbegin.o

.igot.plt       0x0000000020000978        0x0 load address 0x0000000008003fc4
 .igot.plt      0x0000000020000978        0x0 /opt/homebrew/Cellar/arm-none-eabi-gcc/10.3-2021.10/gcc/bin/../lib/gcc/arm-none-eabi/10.3.1/thumb/v7e-m/nofp/crtbegin.o

.init_array.00000
                0x0000000020000978        0x4 load address 0x0000000008003fc4
 .init_array.00000
                0x0000000020000978        0x4 /opt/homebrew/Cellar/arm-none-eabi-gcc/10.3-2021.10/gcc/bin/../lib/gcc/arm-none-eabi/10.3.1/../../../../arm-none-eabi/lib/thumb/v7e-m/nofp/libc.a(lib_a-__call_atexit.o)

.bss            0x000000002000097c      0x17c load address 0x0000000008003fc8
                0x000000002000097c                _sbss = .
                0x000000002000097c                __bss_start__ = _sbss
 *(.bss)
 .bss           0x000000002000097c        0x0 /opt/homebrew/Cellar/arm-none-eabi-gcc/10.3-2021.10/gcc/bin/../lib/gcc/arm-none-eabi/10.3.1/thumb/v7e-m/nofp/crti.o
 .bss           0x000000002000097c       0x1c /opt/homebrew/Cellar/arm-none-eabi-gcc/10.3-2021.10/gcc/bin/../lib/gcc/arm-none-eabi/10.3.1/thumb/v7e-m/nofp/crtbegin.o
 .bss           0x0000000020000998        0x0 /opt/homebrew/Cellar/arm-none-eabi-gcc/10.3-2021.10/gcc/bin/../lib/gcc/arm-none-eabi/10.3.1/../../../../arm-none-eabi/lib/thumb/v7e-m/nofp/rdimon-crt0.o
 .bss           0x0000000020000998       0x54 main.o
                0x0000000020000998                global_tick_count
                0x000000002000099c                user_tasks
 .bss           0x00000000200009ec        0x0 led.o
 .bss           0x00000000200009ec        0x0 stm32_startup.o
 .bss           0x00000000200009ec        0x0 /opt/homebrew/Cellar/arm-none-eabi-gcc/10.3-2021.10/gcc/bin/../lib/gcc/arm-none-eabi/10.3.1/../../../../arm-none-eabi/lib/thumb/v7e-m/nofp/libc.a(lib_a-exit.o)
 .bss           0x00000000200009ec        0x0 /opt/homebrew/Cellar/arm-none-eabi-gcc/10.3-2021.10/gcc/bin/../lib/gcc/arm-none-eabi/10.3.1/../../../../arm-none-eabi/lib/thumb/v7e-m/nofp/libc.a(lib_a-impure.o)
 .bss           0x00000000200009ec        0x0 /opt/homebrew/Cellar/arm-none-eabi-gcc/10.3-2021.10/gcc/bin/../lib/gcc/arm-none-eabi/10.3.1/../../../../arm-none-eabi/lib/thumb/v7e-m/nofp/libc.a(lib_a-init.o)
 .bss           0x00000000200009ec        0x0 /opt/homebrew/Cellar/arm-none-eabi-gcc/10.3-2021.10/gcc/bin/../lib/gcc/arm-none-eabi/10.3.1/../../../../arm-none-eabi/lib/thumb/v7e-m/nofp/libc.a(lib_a-memset.o)
 .bss           0x00000000200009ec        0x0 /opt/homebrew/Cellar/arm-none-eabi-gcc/10.3-2021.10/gcc/bin/../lib/gcc/arm-none-eabi/10.3.1/../../../../arm-none-eabi/lib/thumb/v7e-m/nofp/libc.a(lib_a-puts.o)
 .bss           0x00000000200009ec        0x0 /opt/homebrew/Cellar/arm-none-eabi-gcc/10.3-2021.10/gcc/bin/../lib/gcc/arm-none-eabi/10.3.1/../../../../arm-none-eabi/lib/thumb/v7e-m/nofp/libc.a(lib_a-strlen.o)
 .bss           0x00000000200009ec        0x0 /opt/homebrew/Cellar/arm-none-eabi-gcc/10.3-2021.10/gcc/bin/../lib/gcc/arm-none-eabi/10.3.1/../../../../arm-none-eabi/lib/thumb/v7e-m/nofp/libc.a(lib_a-__call_atexit.o)
 .bss           0x00000000200009ec        0x0 /opt/homebrew/Cellar/arm-none-eabi-gcc/10.3-2021.10/gcc/bin/../lib/gcc/arm-none-eabi/10.3.1/../../../../arm-none-eabi/lib/thumb/v7e-m/nofp/libc.a(lib_a-atexit.o)
 .bss           0x00000000200009ec        0x0 /opt/homebrew/Cellar/arm-none-eabi-gcc/10.3-2021.10/gcc/bin/../lib/gcc/arm-none-eabi/10.3.1/../../../../arm-none-eabi/lib/thumb/v7e-m/nofp/libc.a(lib_a-findfp.o)
 .bss           0x00000000200009ec        0x0 /opt/homebrew/Cellar/arm-none-eabi-gcc/10.3-2021.10/gcc/bin/../lib/gcc/arm-none-eabi/10.3.1/../../../../arm-none-eabi/lib/thumb/v7e-m/nofp/libc.a(lib_a-fini.o)
 .bss           0x00000000200009ec        0x0 /opt/homebrew/Cellar/arm-none-eabi-gcc/10.3-2021.10/gcc/bin/../lib/gcc/arm-none-eabi/10.3.1/../../../../arm-none-eabi/lib/thumb/v7e-m/nofp/libc.a(lib_a-fvwrite.o)
 .bss           0x00000000200009ec        0x0 /opt/homebrew/Cellar/arm-none-eabi-gcc/10.3-2021.10/gcc/bin/../lib/gcc/arm-none-eabi/10.3.1/../../../../arm-none-eabi/lib/thumb/v7e-m/nofp/libc.a(lib_a-fwalk.o)
 .bss           0x00000000200009ec        0x0 /opt/homebrew/Cellar/arm-none-eabi-gcc/10.3-2021.10/gcc/bin/../lib/gcc/arm-none-eabi/10.3.1/../../../../arm-none-eabi/lib/thumb/v7e-m/nofp/libc.a(lib_a-lock.o)
 .bss           0x00000000200009ec        0x0 /opt/homebrew/Cellar/arm-none-eabi-gcc/10.3-2021.10/gcc/bin/../lib/gcc/arm-none-eabi/10.3.1/../../../../arm-none-eabi/lib/thumb/v7e-m/nofp/libc.a(lib_a-mallocr.o)
 .bss           0x00000000200009ec        0x0 /opt/homebrew/Cellar/arm-none-eabi-gcc/10.3-2021.10/gcc/bin/../lib/gcc/arm-none-eabi/10.3.1/../../../../arm-none-eabi/lib/thumb/v7e-m/nofp/libc.a(lib_a-memchr.o)
 .bss           0x00000000200009ec        0x0 /opt/homebrew/Cellar/arm-none-eabi-gcc/10.3-2021.10/gcc/bin/../lib/gcc/arm-none-eabi/10.3.1/../../../../arm-none-eabi/lib/thumb/v7e-m/nofp/libc.a(lib_a-memcpy.o)
 .bss           0x00000000200009ec        0x0 /opt/homebrew/Cellar/arm-none-eabi-gcc/10.3-2021.10/gcc/bin/../lib/gcc/arm-none-eabi/10.3.1/../../../../arm-none-eabi/lib/thumb/v7e-m/nofp/libc.a(lib_a-memmove.o)
 .bss           0x00000000200009ec        0x0 /opt/homebrew/Cellar/arm-none-eabi-gcc/10.3-2021.10/gcc/bin/../lib/gcc/arm-none-eabi/10.3.1/../../../../arm-none-eabi/lib/thumb/v7e-m/nofp/libc.a(lib_a-mlock.o)
 .bss           0x00000000200009ec        0x0 /opt/homebrew/Cellar/arm-none-eabi-gcc/10.3-2021.10/gcc/bin/../lib/gcc/arm-none-eabi/10.3.1/../../../../arm-none-eabi/lib/thumb/v7e-m/nofp/libc.a(lib_a-reallocr.o)
 .bss           0x00000000200009ec        0x0 /opt/homebrew/Cellar/arm-none-eabi-gcc/10.3-2021.10/gcc/bin/../lib/gcc/arm-none-eabi/10.3.1/../../../../arm-none-eabi/lib/thumb/v7e-m/nofp/libc.a(lib_a-sbrkr.o)
 .bss           0x00000000200009ec        0x0 /opt/homebrew/Cellar/arm-none-eabi-gcc/10.3-2021.10/gcc/bin/../lib/gcc/arm-none-eabi/10.3.1/../../../../arm-none-eabi/lib/thumb/v7e-m/nofp/libc.a(lib_a-stdio.o)
 .bss           0x00000000200009ec        0x0 /opt/homebrew/Cellar/arm-none-eabi-gcc/10.3-2021.10/gcc/bin/../lib/gcc/arm-none-eabi/10.3.1/../../../../arm-none-eabi/lib/thumb/v7e-m/nofp/libc.a(lib_a-writer.o)
 .bss           0x00000000200009ec        0x0 /opt/homebrew/Cellar/arm-none-eabi-gcc/10.3-2021.10/gcc/bin/../lib/gcc/arm-none-eabi/10.3.1/../../../../arm-none-eabi/lib/thumb/v7e-m/nofp/libc.a(lib_a-wsetup.o)
 .bss           0x00000000200009ec        0x0 /opt/homebrew/Cellar/arm-none-eabi-gcc/10.3-2021.10/gcc/bin/../lib/gcc/arm-none-eabi/10.3.1/../../../../arm-none-eabi/lib/thumb/v7e-m/nofp/libc.a(lib_a-__atexit.o)
 .bss           0x00000000200009ec        0x0 /opt/homebrew/Cellar/arm-none-eabi-gcc/10.3-2021.10/gcc/bin/../lib/gcc/arm-none-eabi/10.3.1/../../../../arm-none-eabi/lib/thumb/v7e-m/nofp/libc.a(lib_a-closer.o)
 .bss           0x00000000200009ec        0x0 /opt/homebrew/Cellar/arm-none-eabi-gcc/10.3-2021.10/gcc/bin/../lib/gcc/arm-none-eabi/10.3.1/../../../../arm-none-eabi/lib/thumb/v7e-m/nofp/libc.a(lib_a-fclose.o)
 .bss           0x00000000200009ec        0x0 /opt/homebrew/Cellar/arm-none-eabi-gcc/10.3-2021.10/gcc/bin/../lib/gcc/arm-none-eabi/10.3.1/../../../../arm-none-eabi/lib/thumb/v7e-m/nofp/libc.a(lib_a-fflush.o)
 .bss           0x00000000200009ec        0x0 /opt/homebrew/Cellar/arm-none-eabi-gcc/10.3-2021.10/gcc/bin/../lib/gcc/arm-none-eabi/10.3.1/../../../../arm-none-eabi/lib/thumb/v7e-m/nofp/libc.a(lib_a-freer.o)
 .bss           0x00000000200009ec        0x0 /opt/homebrew/Cellar/arm-none-eabi-gcc/10.3-2021.10/gcc/bin/../lib/gcc/arm-none-eabi/10.3.1/../../../../arm-none-eabi/lib/thumb/v7e-m/nofp/libc.a(lib_a-lseekr.o)
 .bss           0x00000000200009ec        0x0 /opt/homebrew/Cellar/arm-none-eabi-gcc/10.3-2021.10/gcc/bin/../lib/gcc/arm-none-eabi/10.3.1/../../../../arm-none-eabi/lib/thumb/v7e-m/nofp/libc.a(lib_a-makebuf.o)
 .bss           0x00000000200009ec        0x0 /opt/homebrew/Cellar/arm-none-eabi-gcc/10.3-2021.10/gcc/bin/../lib/gcc/arm-none-eabi/10.3.1/../../../../arm-none-eabi/lib/thumb/v7e-m/nofp/libc.a(lib_a-readr.o)
 .bss           0x00000000200009ec        0x0 /opt/homebrew/Cellar/arm-none-eabi-gcc/10.3-2021.10/gcc/bin/../lib/gcc/arm-none-eabi/10.3.1/../../../../arm-none-eabi/lib/thumb/v7e-m/nofp/libc.a(lib_a-reent.o)
 .bss           0x00000000200009ec        0x0 /opt/homebrew/Cellar/arm-none-eabi-gcc/10.3-2021.10/gcc/bin/../lib/gcc/arm-none-eabi/10.3.1/../../../../arm-none-eabi/lib/thumb/v7e-m/nofp/libc.a(lib_a-fstatr.o)
 .bss           0x00000000200009ec        0x0 /opt/homebrew/Cellar/arm-none-eabi-gcc/10.3-2021.10/gcc/bin/../lib/gcc/arm-none-eabi/10.3.1/../../../../arm-none-eabi/lib/thumb/v7e-m/nofp/libc.a(lib_a-isattyr.o)
 .bss           0x00000000200009ec        0x0 /opt/homebrew/Cellar/arm-none-eabi-gcc/10.3-2021.10/gcc/bin/../lib/gcc/arm-none-eabi/10.3.1/../../../../arm-none-eabi/lib/thumb/v7e-m/nofp/librdimon.a(rdimon-syscalls.o)
 .bss           0x00000000200009ec        0x0 /opt/homebrew/Cellar/arm-none-eabi-gcc/10.3-2021.10/gcc/bin/../lib/gcc/arm-none-eabi/10.3.1/../../../../arm-none-eabi/lib/thumb/v7e-m/nofp/librdimon.a(rdimon-_exit.o)
 .bss           0x00000000200009ec        0x0 /opt/homebrew/Cellar/arm-none-eabi-gcc/10.3-2021.10/gcc/bin/../lib/gcc/arm-none-eabi/10.3.1/../../../../arm-none-eabi/lib/thumb/v7e-m/nofp/librdimon.a(rdimon-_kill.o)
 .bss           0x00000000200009ec        0x0 /opt/homebrew/Cellar/arm-none-eabi-gcc/10.3-2021.10/gcc/bin/../lib/gcc/arm-none-eabi/10.3.1/../../../../arm-none-eabi/lib/thumb/v7e-m/nofp/libc.a(lib_a-errno.o)
 .bss           0x00000000200009ec        0x0 /opt/homebrew/Cellar/arm-none-eabi-gcc/10.3-2021.10/gcc/bin/../lib/gcc/arm-none-eabi/10.3.1/thumb/v7e-m/nofp/crtend.o
 .bss           0x00000000200009ec        0x0 /opt/homebrew/Cellar/arm-none-eabi-gcc/10.3-2021.10/gcc/bin/../lib/gcc/arm-none-eabi/10.3.1/thumb/v7e-m/nofp/crtn.o
 *(.bss.*)
 .bss.__lock___arc4random_mutex
                0x00000000200009ec        0x1 /opt/homebrew/Cellar/arm-none-eabi-gcc/10.3-2021.10/gcc/bin/../lib/gcc/arm-none-eabi/10.3.1/../../../../arm-none-eabi/lib/thumb/v7e-m/nofp/libc.a(lib_a-lock.o)
                0x00000000200009ec                __lock___arc4random_mutex
 *fill*         0x00000000200009ed        0x3 
 .bss.__lock___at_quick_exit_mutex
                0x00000000200009f0        0x1 /opt/homebrew/Cellar/arm-none-eabi-gcc/10.3-2021.10/gcc/bin/../lib/gcc/arm-none-eabi/10.3.1/../../../../arm-none-eabi/lib/thumb/v7e-m/nofp/libc.a(lib_a-lock.o)
                0x00000000200009f0                __lock___at_quick_exit_mutex
 *fill*         0x00000000200009f1        0x3 
 .bss.__lock___atexit_recursive_mutex
                0x00000000200009f4        0x1 /opt/homebrew/Cellar/arm-none-eabi-gcc/10.3-2021.10/gcc/bin/../lib/gcc/arm-none-eabi/10.3.1/../../../../arm-none-eabi/lib/thumb/v7e-m/nofp/libc.a(lib_a-lock.o)
                0x00000000200009f4                __lock___atexit_recursive_mutex
 *fill*         0x00000000200009f5        0x3 
 .bss.__lock___dd_hash_mutex
                0x00000000200009f8        0x1 /opt/homebrew/Cellar/arm-none-eabi-gcc/10.3-2021.10/gcc/bin/../lib/gcc/arm-none-eabi/10.3.1/../../../../arm-none-eabi/lib/thumb/v7e-m/nofp/libc.a(lib_a-lock.o)
                0x00000000200009f8                __lock___dd_hash_mutex
 *fill*         0x00000000200009f9        0x3 
 .bss.__lock___env_recursive_mutex
                0x00000000200009fc        0x1 /opt/homebrew/Cellar/arm-none-eabi-gcc/10.3-2021.10/gcc/bin/../lib/gcc/arm-none-eabi/10.3.1/../../../../arm-none-eabi/lib/thumb/v7e-m/nofp/libc.a(lib_a-lock.o)
                0x00000000200009fc                __lock___env_recursive_mutex
 *fill*         0x00000000200009fd        0x3 
 .bss.__lock___malloc_recursive_mutex
                0x0000000020000a00        0x1 /opt/homebrew/Cellar/arm-none-eabi-gcc/10.3-2021.10/gcc/bin/../lib/gcc/arm-none-eabi/10.3.1/../../../../arm-none-eabi/lib/thumb/v7e-m/nofp/libc.a(lib_a-lock.o)
                0x0000000020000a00                __lock___malloc_recursive_mutex
 *fill*         0x0000000020000a01        0x3 
 .bss.__lock___sfp_recursive_mutex
                0x0000000020000a04        0x1 /opt/homebrew/Cellar/arm-none-eabi-gcc/10.3-2021.10/gcc/bin/../lib/gcc/arm-none-eabi/10.3.1/../../../../arm-none-eabi/lib/thumb/v7e-m/nofp/libc.a(lib_a-lock.o)
                0x0000000020000a04                __lock___sfp_recursive_mutex
 *fill*         0x0000000020000a05        0x3 
 .bss.__lock___sinit_recursive_mutex
                0x0000000020000a08        0x1 /opt/homebrew/Cellar/arm-none-eabi-gcc/10.3-2021.10/gcc/bin/../lib/gcc/arm-none-eabi/10.3.1/../../../../arm-none-eabi/lib/thumb/v7e-m/nofp/libc.a(lib_a-lock.o)
                0x0000000020000a08                __lock___sinit_recursive_mutex
 *fill*         0x0000000020000a09        0x3 
 .bss.__lock___tz_mutex
                0x0000000020000a0c        0x1 /opt/homebrew/Cellar/arm-none-eabi-gcc/10.3-2021.10/gcc/bin/../lib/gcc/arm-none-eabi/10.3.1/../../../../arm-none-eabi/lib/thumb/v7e-m/nofp/libc.a(lib_a-lock.o)
                0x0000000020000a0c                __lock___tz_mutex
 *fill*         0x0000000020000a0d        0x3 
 .bss.__malloc_current_mallinfo
                0x0000000020000a10       0x28 /opt/homebrew/Cellar/arm-none-eabi-gcc/10.3-2021.10/gcc/bin/../lib/gcc/arm-none-eabi/10.3.1/../../../../arm-none-eabi/lib/thumb/v7e-m/nofp/libc.a(lib_a-mallocr.o)
                0x0000000020000a10                __malloc_current_mallinfo
 .bss.__malloc_max_sbrked_mem
                0x0000000020000a38        0x4 /opt/homebrew/Cellar/arm-none-eabi-gcc/10.3-2021.10/gcc/bin/../lib/gcc/arm-none-eabi/10.3.1/../../../../arm-none-eabi/lib/thumb/v7e-m/nofp/libc.a(lib_a-mallocr.o)
                0x0000000020000a38                __malloc_max_sbrked_mem
 .bss.__malloc_max_total_mem
                0x0000000020000a3c        0x4 /opt/homebrew/Cellar/arm-none-eabi-gcc/10.3-2021.10/gcc/bin/../lib/gcc/arm-none-eabi/10.3.1/../../../../arm-none-eabi/lib/thumb/v7e-m/nofp/libc.a(lib_a-mallocr.o)
                0x0000000020000a3c                __malloc_max_total_mem
 .bss.__malloc_top_pad
                0x0000000020000a40        0x4 /opt/homebrew/Cellar/arm-none-eabi-gcc/10.3-2021.10/gcc/bin/../lib/gcc/arm-none-eabi/10.3.1/../../../../arm-none-eabi/lib/thumb/v7e-m/nofp/libc.a(lib_a-mallocr.o)
                0x0000000020000a40                __malloc_top_pad
 .bss.errno     0x0000000020000a44        0x4 /opt/homebrew/Cellar/arm-none-eabi-gcc/10.3-2021.10/gcc/bin/../lib/gcc/arm-none-eabi/10.3.1/../../../../arm-none-eabi/lib/thumb/v7e-m/nofp/libc.a(lib_a-reent.o)
                0x0000000020000a44                errno
 .bss.heap_end.0
                0x0000000020000a48        0x4 /opt/homebrew/Cellar/arm-none-eabi-gcc/10.3-2021.10/gcc/bin/../lib/gcc/arm-none-eabi/10.3.1/../../../../arm-none-eabi/lib/thumb/v7e-m/nofp/librdimon.a(rdimon-syscalls.o)
 .bss.monitor_stderr
                0x0000000020000a4c        0x4 /opt/homebrew/Cellar/arm-none-eabi-gcc/10.3-2021.10/gcc/bin/../lib/gcc/arm-none-eabi/10.3.1/../../../../arm-none-eabi/lib/thumb/v7e-m/nofp/librdimon.a(rdimon-syscalls.o)
 .bss.monitor_stdin
                0x0000000020000a50        0x4 /opt/homebrew/Cellar/arm-none-eabi-gcc/10.3-2021.10/gcc/bin/../lib/gcc/arm-none-eabi/10.3.1/../../../../arm-none-eabi/lib/thumb/v7e-m/nofp/librdimon.a(rdimon-syscalls.o)
 .bss.monitor_stdout
                0x0000000020000a54        0x4 /opt/homebrew/Cellar/arm-none-eabi-gcc/10.3-2021.10/gcc/bin/../lib/gcc/arm-none-eabi/10.3.1/../../../../arm-none-eabi/lib/thumb/v7e-m/nofp/librdimon.a(rdimon-syscalls.o)
 .bss.openfiles
                0x0000000020000a58       0xa0 /opt/homebrew/Cellar/arm-none-eabi-gcc/10.3-2021.10/gcc/bin/../lib/gcc/arm-none-eabi/10.3.1/../../../../arm-none-eabi/lib/thumb/v7e-m/nofp/librdimon.a(rdimon-syscalls.o)
                0x0000000020000af8                . = ALIGN (0x4)
                0x0000000020000af8                _ebss = .
                0x0000000020000af8                __bss_end__ = _ebss
                0x0000000020000af8                . = ALIGN (0x4)
                0x0000000020000af8                end = .
                0x0000000020000af8                __end__ = .
OUTPUT(final_sh.elf elf32-littlearm)
LOAD linker stubs

.ARM.attributes
                0x0000000000000000       0x2a
 .ARM.attributes
                0x0000000000000000       0x1e /opt/homebrew/Cellar/arm-none-eabi-gcc/10.3-2021.10/gcc/bin/../lib/gcc/arm-none-eabi/10.3.1/thumb/v7e-m/nofp/crti.o
 .ARM.attributes
                0x000000000000001e       0x2e /opt/homebrew/Cellar/arm-none-eabi-gcc/10.3-2021.10/gcc/bin/../lib/gcc/arm-none-eabi/10.3.1/thumb/v7e-m/nofp/crtbegin.o
 .ARM.attributes
                0x000000000000004c       0x1c /opt/homebrew/Cellar/arm-none-eabi-gcc/10.3-2021.10/gcc/bin/../lib/gcc/arm-none-eabi/10.3.1/../../../../arm-none-eabi/lib/thumb/v7e-m/nofp/rdimon-crt0.o
 .ARM.attributes
                0x0000000000000068       0x2e main.o
 .ARM.attributes
                0x0000000000000096       0x2e led.o
 .ARM.attributes
                0x00000000000000c4       0x2e stm32_startup.o
 .ARM.attributes
                0x00000000000000f2       0x2e /opt/homebrew/Cellar/arm-none-eabi-gcc/10.3-2021.10/gcc/bin/../lib/gcc/arm-none-eabi/10.3.1/../../../../arm-none-eabi/lib/thumb/v7e-m/nofp/libc.a(lib_a-exit.o)
 .ARM.attributes
                0x0000000000000120       0x2e /opt/homebrew/Cellar/arm-none-eabi-gcc/10.3-2021.10/gcc/bin/../lib/gcc/arm-none-eabi/10.3.1/../../../../arm-none-eabi/lib/thumb/v7e-m/nofp/libc.a(lib_a-impure.o)
 .ARM.attributes
                0x000000000000014e       0x2e /opt/homebrew/Cellar/arm-none-eabi-gcc/10.3-2021.10/gcc/bin/../lib/gcc/arm-none-eabi/10.3.1/../../../../arm-none-eabi/lib/thumb/v7e-m/nofp/libc.a(lib_a-init.o)
 .ARM.attributes
                0x000000000000017c       0x2e /opt/homebrew/Cellar/arm-none-eabi-gcc/10.3-2021.10/gcc/bin/../lib/gcc/arm-none-eabi/10.3.1/../../../../arm-none-eabi/lib/thumb/v7e-m/nofp/libc.a(lib_a-memset.o)
 .ARM.attributes
                0x00000000000001aa       0x2e /opt/homebrew/Cellar/arm-none-eabi-gcc/10.3-2021.10/gcc/bin/../lib/gcc/arm-none-eabi/10.3.1/../../../../arm-none-eabi/lib/thumb/v7e-m/nofp/libc.a(lib_a-puts.o)
 .ARM.attributes
                0x00000000000001d8       0x1c /opt/homebrew/Cellar/arm-none-eabi-gcc/10.3-2021.10/gcc/bin/../lib/gcc/arm-none-eabi/10.3.1/../../../../arm-none-eabi/lib/thumb/v7e-m/nofp/libc.a(lib_a-strlen.o)
 .ARM.attributes
                0x00000000000001f4       0x2e /opt/homebrew/Cellar/arm-none-eabi-gcc/10.3-2021.10/gcc/bin/../lib/gcc/arm-none-eabi/10.3.1/../../../../arm-none-eabi/lib/thumb/v7e-m/nofp/libc.a(lib_a-__call_atexit.o)
 .ARM.attributes
                0x0000000000000222       0x2e /opt/homebrew/Cellar/arm-none-eabi-gcc/10.3-2021.10/gcc/bin/../lib/gcc/arm-none-eabi/10.3.1/../../../../arm-none-eabi/lib/thumb/v7e-m/nofp/libc.a(lib_a-atexit.o)
 .ARM.attributes
                0x0000000000000250       0x2e /opt/homebrew/Cellar/arm-none-eabi-gcc/10.3-2021.10/gcc/bin/../lib/gcc/arm-none-eabi/10.3.1/../../../../arm-none-eabi/lib/thumb/v7e-m/nofp/libc.a(lib_a-findfp.o)
 .ARM.attributes
                0x000000000000027e       0x2e /opt/homebrew/Cellar/arm-none-eabi-gcc/10.3-2021.10/gcc/bin/../lib/gcc/arm-none-eabi/10.3.1/../../../../arm-none-eabi/lib/thumb/v7e-m/nofp/libc.a(lib_a-fini.o)
 .ARM.attributes
                0x00000000000002ac       0x2e /opt/homebrew/Cellar/arm-none-eabi-gcc/10.3-2021.10/gcc/bin/../lib/gcc/arm-none-eabi/10.3.1/../../../../arm-none-eabi/lib/thumb/v7e-m/nofp/libc.a(lib_a-fvwrite.o)
 .ARM.attributes
                0x00000000000002da       0x2e /opt/homebrew/Cellar/arm-none-eabi-gcc/10.3-2021.10/gcc/bin/../lib/gcc/arm-none-eabi/10.3.1/../../../../arm-none-eabi/lib/thumb/v7e-m/nofp/libc.a(lib_a-fwalk.o)
 .ARM.attributes
                0x0000000000000308       0x2e /opt/homebrew/Cellar/arm-none-eabi-gcc/10.3-2021.10/gcc/bin/../lib/gcc/arm-none-eabi/10.3.1/../../../../arm-none-eabi/lib/thumb/v7e-m/nofp/libc.a(lib_a-lock.o)
 .ARM.attributes
                0x0000000000000336       0x2e /opt/homebrew/Cellar/arm-none-eabi-gcc/10.3-2021.10/gcc/bin/../lib/gcc/arm-none-eabi/10.3.1/../../../../arm-none-eabi/lib/thumb/v7e-m/nofp/libc.a(lib_a-mallocr.o)
 .ARM.attributes
                0x0000000000000364       0x1c /opt/homebrew/Cellar/arm-none-eabi-gcc/10.3-2021.10/gcc/bin/../lib/gcc/arm-none-eabi/10.3.1/../../../../arm-none-eabi/lib/thumb/v7e-m/nofp/libc.a(lib_a-memchr.o)
 .ARM.attributes
                0x0000000000000380       0x1c /opt/homebrew/Cellar/arm-none-eabi-gcc/10.3-2021.10/gcc/bin/../lib/gcc/arm-none-eabi/10.3.1/../../../../arm-none-eabi/lib/thumb/v7e-m/nofp/libc.a(lib_a-memcpy.o)
 .ARM.attributes
                0x000000000000039c       0x2e /opt/homebrew/Cellar/arm-none-eabi-gcc/10.3-2021.10/gcc/bin/../lib/gcc/arm-none-eabi/10.3.1/../../../../arm-none-eabi/lib/thumb/v7e-m/nofp/libc.a(lib_a-memmove.o)
 .ARM.attributes
                0x00000000000003ca       0x2e /opt/homebrew/Cellar/arm-none-eabi-gcc/10.3-2021.10/gcc/bin/../lib/gcc/arm-none-eabi/10.3.1/../../../../arm-none-eabi/lib/thumb/v7e-m/nofp/libc.a(lib_a-mlock.o)
 .ARM.attributes
                0x00000000000003f8       0x2e /opt/homebrew/Cellar/arm-none-eabi-gcc/10.3-2021.10/gcc/bin/../lib/gcc/arm-none-eabi/10.3.1/../../../../arm-none-eabi/lib/thumb/v7e-m/nofp/libc.a(lib_a-reallocr.o)
 .ARM.attributes
                0x0000000000000426       0x2e /opt/homebrew/Cellar/arm-none-eabi-gcc/10.3-2021.10/gcc/bin/../lib/gcc/arm-none-eabi/10.3.1/../../../../arm-none-eabi/lib/thumb/v7e-m/nofp/libc.a(lib_a-sbrkr.o)
 .ARM.attributes
                0x0000000000000454       0x2e /opt/homebrew/Cellar/arm-none-eabi-gcc/10.3-2021.10/gcc/bin/../lib/gcc/arm-none-eabi/10.3.1/../../../../arm-none-eabi/lib/thumb/v7e-m/nofp/libc.a(lib_a-stdio.o)
 .ARM.attributes
                0x0000000000000482       0x2e /opt/homebrew/Cellar/arm-none-eabi-gcc/10.3-2021.10/gcc/bin/../lib/gcc/arm-none-eabi/10.3.1/../../../../arm-none-eabi/lib/thumb/v7e-m/nofp/libc.a(lib_a-writer.o)
 .ARM.attributes
                0x00000000000004b0       0x2e /opt/homebrew/Cellar/arm-none-eabi-gcc/10.3-2021.10/gcc/bin/../lib/gcc/arm-none-eabi/10.3.1/../../../../arm-none-eabi/lib/thumb/v7e-m/nofp/libc.a(lib_a-wsetup.o)
 .ARM.attributes
                0x00000000000004de       0x2e /opt/homebrew/Cellar/arm-none-eabi-gcc/10.3-2021.10/gcc/bin/../lib/gcc/arm-none-eabi/10.3.1/../../../../arm-none-eabi/lib/thumb/v7e-m/nofp/libc.a(lib_a-__atexit.o)
 .ARM.attributes
                0x000000000000050c       0x2e /opt/homebrew/Cellar/arm-none-eabi-gcc/10.3-2021.10/gcc/bin/../lib/gcc/arm-none-eabi/10.3.1/../../../../arm-none-eabi/lib/thumb/v7e-m/nofp/libc.a(lib_a-closer.o)
 .ARM.attributes
                0x000000000000053a       0x2e /opt/homebrew/Cellar/arm-none-eabi-gcc/10.3-2021.10/gcc/bin/../lib/gcc/arm-none-eabi/10.3.1/../../../../arm-none-eabi/lib/thumb/v7e-m/nofp/libc.a(lib_a-fclose.o)
 .ARM.attributes
                0x0000000000000568       0x2e /opt/homebrew/Cellar/arm-none-eabi-gcc/10.3-2021.10/gcc/bin/../lib/gcc/arm-none-eabi/10.3.1/../../../../arm-none-eabi/lib/thumb/v7e-m/nofp/libc.a(lib_a-fflush.o)
 .ARM.attributes
                0x0000000000000596       0x2e /opt/homebrew/Cellar/arm-none-eabi-gcc/10.3-2021.10/gcc/bin/../lib/gcc/arm-none-eabi/10.3.1/../../../../arm-none-eabi/lib/thumb/v7e-m/nofp/libc.a(lib_a-freer.o)
 .ARM.attributes
                0x00000000000005c4       0x2e /opt/homebrew/Cellar/arm-none-eabi-gcc/10.3-2021.10/gcc/bin/../lib/gcc/arm-none-eabi/10.3.1/../../../../arm-none-eabi/lib/thumb/v7e-m/nofp/libc.a(lib_a-lseekr.o)
 .ARM.attributes
                0x00000000000005f2       0x2e /opt/homebrew/Cellar/arm-none-eabi-gcc/10.3-2021.10/gcc/bin/../lib/gcc/arm-none-eabi/10.3.1/../../../../arm-none-eabi/lib/thumb/v7e-m/nofp/libc.a(lib_a-makebuf.o)
 .ARM.attributes
                0x0000000000000620       0x2e /opt/homebrew/Cellar/arm-none-eabi-gcc/10.3-2021.10/gcc/bin/../lib/gcc/arm-none-eabi/10.3.1/../../../../arm-none-eabi/lib/thumb/v7e-m/nofp/libc.a(lib_a-readr.o)
 .ARM.attributes
                0x000000000000064e       0x2e /opt/homebrew/Cellar/arm-none-eabi-gcc/10.3-2021.10/gcc/bin/../lib/gcc/arm-none-eabi/10.3.1/../../../../arm-none-eabi/lib/thumb/v7e-m/nofp/libc.a(lib_a-reent.o)
 .ARM.attributes
                0x000000000000067c       0x2e /opt/homebrew/Cellar/arm-none-eabi-gcc/10.3-2021.10/gcc/bin/../lib/gcc/arm-none-eabi/10.3.1/../../../../arm-none-eabi/lib/thumb/v7e-m/nofp/libc.a(lib_a-fstatr.o)
 .ARM.attributes
                0x00000000000006aa       0x2e /opt/homebrew/Cellar/arm-none-eabi-gcc/10.3-2021.10/gcc/bin/../lib/gcc/arm-none-eabi/10.3.1/../../../../arm-none-eabi/lib/thumb/v7e-m/nofp/libc.a(lib_a-isattyr.o)
 .ARM.attributes
                0x00000000000006d8       0x2e /opt/homebrew/Cellar/arm-none-eabi-gcc/10.3-2021.10/gcc/bin/../lib/gcc/arm-none-eabi/10.3.1/../../../../arm-none-eabi/lib/thumb/v7e-m/nofp/librdimon.a(rdimon-syscalls.o)
 .ARM.attributes
                0x0000000000000706       0x2e /opt/homebrew/Cellar/arm-none-eabi-gcc/10.3-2021.10/gcc/bin/../lib/gcc/arm-none-eabi/10.3.1/../../../../arm-none-eabi/lib/thumb/v7e-m/nofp/librdimon.a(rdimon-_exit.o)
 .ARM.attributes
                0x0000000000000734       0x2e /opt/homebrew/Cellar/arm-none-eabi-gcc/10.3-2021.10/gcc/bin/../lib/gcc/arm-none-eabi/10.3.1/../../../../arm-none-eabi/lib/thumb/v7e-m/nofp/librdimon.a(rdimon-_kill.o)
 .ARM.attributes
                0x0000000000000762       0x2e /opt/homebrew/Cellar/arm-none-eabi-gcc/10.3-2021.10/gcc/bin/../lib/gcc/arm-none-eabi/10.3.1/../../../../arm-none-eabi/lib/thumb/v7e-m/nofp/libc.a(lib_a-errno.o)
 .ARM.attributes
                0x0000000000000790       0x2e /opt/homebrew/Cellar/arm-none-eabi-gcc/10.3-2021.10/gcc/bin/../lib/gcc/arm-none-eabi/10.3.1/thumb/v7e-m/nofp/crtend.o
 .ARM.attributes
                0x00000000000007be       0x1e /opt/homebrew/Cellar/arm-none-eabi-gcc/10.3-2021.10/gcc/bin/../lib/gcc/arm-none-eabi/10.3.1/thumb/v7e-m/nofp/crtn.o

.comment        0x0000000000000000       0x49
 .comment       0x0000000000000000       0x49 main.o
                                         0x4a (size before relaxing)
 .comment       0x0000000000000049       0x4a led.o
 .comment       0x0000000000000049       0x4a stm32_startup.o

.debug_frame    0x0000000000000000      0xe04
 .debug_frame   0x0000000000000000       0x28 /opt/homebrew/Cellar/arm-none-eabi-gcc/10.3-2021.10/gcc/bin/../lib/gcc/arm-none-eabi/10.3.1/../../../../arm-none-eabi/lib/thumb/v7e-m/nofp/libc.a(lib_a-exit.o)
 .debug_frame   0x0000000000000028       0x2c /opt/homebrew/Cellar/arm-none-eabi-gcc/10.3-2021.10/gcc/bin/../lib/gcc/arm-none-eabi/10.3.1/../../../../arm-none-eabi/lib/thumb/v7e-m/nofp/libc.a(lib_a-init.o)
 .debug_frame   0x0000000000000054       0x2c /opt/homebrew/Cellar/arm-none-eabi-gcc/10.3-2021.10/gcc/bin/../lib/gcc/arm-none-eabi/10.3.1/../../../../arm-none-eabi/lib/thumb/v7e-m/nofp/libc.a(lib_a-memset.o)
 .debug_frame   0x0000000000000080       0x4c /opt/homebrew/Cellar/arm-none-eabi-gcc/10.3-2021.10/gcc/bin/../lib/gcc/arm-none-eabi/10.3.1/../../../../arm-none-eabi/lib/thumb/v7e-m/nofp/libc.a(lib_a-puts.o)
 .debug_frame   0x00000000000000cc       0x5c /opt/homebrew/Cellar/arm-none-eabi-gcc/10.3-2021.10/gcc/bin/../lib/gcc/arm-none-eabi/10.3.1/../../../../arm-none-eabi/lib/thumb/v7e-m/nofp/libc.a(lib_a-__call_atexit.o)
 .debug_frame   0x0000000000000128       0x20 /opt/homebrew/Cellar/arm-none-eabi-gcc/10.3-2021.10/gcc/bin/../lib/gcc/arm-none-eabi/10.3.1/../../../../arm-none-eabi/lib/thumb/v7e-m/nofp/libc.a(lib_a-atexit.o)
 .debug_frame   0x0000000000000148      0x154 /opt/homebrew/Cellar/arm-none-eabi-gcc/10.3-2021.10/gcc/bin/../lib/gcc/arm-none-eabi/10.3.1/../../../../arm-none-eabi/lib/thumb/v7e-m/nofp/libc.a(lib_a-findfp.o)
 .debug_frame   0x000000000000029c       0x34 /opt/homebrew/Cellar/arm-none-eabi-gcc/10.3-2021.10/gcc/bin/../lib/gcc/arm-none-eabi/10.3.1/../../../../arm-none-eabi/lib/thumb/v7e-m/nofp/libc.a(lib_a-fini.o)
 .debug_frame   0x00000000000002d0       0x64 /opt/homebrew/Cellar/arm-none-eabi-gcc/10.3-2021.10/gcc/bin/../lib/gcc/arm-none-eabi/10.3.1/../../../../arm-none-eabi/lib/thumb/v7e-m/nofp/libc.a(lib_a-fvwrite.o)
 .debug_frame   0x0000000000000334       0x54 /opt/homebrew/Cellar/arm-none-eabi-gcc/10.3-2021.10/gcc/bin/../lib/gcc/arm-none-eabi/10.3.1/../../../../arm-none-eabi/lib/thumb/v7e-m/nofp/libc.a(lib_a-fwalk.o)
 .debug_frame   0x0000000000000388       0xb0 /opt/homebrew/Cellar/arm-none-eabi-gcc/10.3-2021.10/gcc/bin/../lib/gcc/arm-none-eabi/10.3.1/../../../../arm-none-eabi/lib/thumb/v7e-m/nofp/libc.a(lib_a-lock.o)
 .debug_frame   0x0000000000000438       0x4c /opt/homebrew/Cellar/arm-none-eabi-gcc/10.3-2021.10/gcc/bin/../lib/gcc/arm-none-eabi/10.3.1/../../../../arm-none-eabi/lib/thumb/v7e-m/nofp/libc.a(lib_a-mallocr.o)
 .debug_frame   0x0000000000000484       0x40 /opt/homebrew/Cellar/arm-none-eabi-gcc/10.3-2021.10/gcc/bin/../lib/gcc/arm-none-eabi/10.3.1/../../../../arm-none-eabi/lib/thumb/v7e-m/nofp/libc.a(lib_a-memmove.o)
 .debug_frame   0x00000000000004c4       0x30 /opt/homebrew/Cellar/arm-none-eabi-gcc/10.3-2021.10/gcc/bin/../lib/gcc/arm-none-eabi/10.3.1/../../../../arm-none-eabi/lib/thumb/v7e-m/nofp/libc.a(lib_a-mlock.o)
 .debug_frame   0x00000000000004f4       0x48 /opt/homebrew/Cellar/arm-none-eabi-gcc/10.3-2021.10/gcc/bin/../lib/gcc/arm-none-eabi/10.3.1/../../../../arm-none-eabi/lib/thumb/v7e-m/nofp/libc.a(lib_a-reallocr.o)
 .debug_frame   0x000000000000053c       0x2c /opt/homebrew/Cellar/arm-none-eabi-gcc/10.3-2021.10/gcc/bin/../lib/gcc/arm-none-eabi/10.3.1/../../../../arm-none-eabi/lib/thumb/v7e-m/nofp/libc.a(lib_a-sbrkr.o)
 .debug_frame   0x0000000000000568       0x8c /opt/homebrew/Cellar/arm-none-eabi-gcc/10.3-2021.10/gcc/bin/../lib/gcc/arm-none-eabi/10.3.1/../../../../arm-none-eabi/lib/thumb/v7e-m/nofp/libc.a(lib_a-stdio.o)
 .debug_frame   0x00000000000005f4       0x2c /opt/homebrew/Cellar/arm-none-eabi-gcc/10.3-2021.10/gcc/bin/../lib/gcc/arm-none-eabi/10.3.1/../../../../arm-none-eabi/lib/thumb/v7e-m/nofp/libc.a(lib_a-writer.o)
 .debug_frame   0x0000000000000620       0x2c /opt/homebrew/Cellar/arm-none-eabi-gcc/10.3-2021.10/gcc/bin/../lib/gcc/arm-none-eabi/10.3.1/../../../../arm-none-eabi/lib/thumb/v7e-m/nofp/libc.a(lib_a-wsetup.o)
 .debug_frame   0x000000000000064c       0x34 /opt/homebrew/Cellar/arm-none-eabi-gcc/10.3-2021.10/gcc/bin/../lib/gcc/arm-none-eabi/10.3.1/../../../../arm-none-eabi/lib/thumb/v7e-m/nofp/libc.a(lib_a-__atexit.o)
 .debug_frame   0x0000000000000680       0x2c /opt/homebrew/Cellar/arm-none-eabi-gcc/10.3-2021.10/gcc/bin/../lib/gcc/arm-none-eabi/10.3.1/../../../../arm-none-eabi/lib/thumb/v7e-m/nofp/libc.a(lib_a-closer.o)
 .debug_frame   0x00000000000006ac       0x3c /opt/homebrew/Cellar/arm-none-eabi-gcc/10.3-2021.10/gcc/bin/../lib/gcc/arm-none-eabi/10.3.1/../../../../arm-none-eabi/lib/thumb/v7e-m/nofp/libc.a(lib_a-fclose.o)
 .debug_frame   0x00000000000006e8       0x70 /opt/homebrew/Cellar/arm-none-eabi-gcc/10.3-2021.10/gcc/bin/../lib/gcc/arm-none-eabi/10.3.1/../../../../arm-none-eabi/lib/thumb/v7e-m/nofp/libc.a(lib_a-fflush.o)