13:45:17 **** Clean-only build of configuration Debug for project 000TestProject ****
make -j11 clean 
rm -rf ./Startup/startup_stm32f407vgtx.d ./Startup/startup_stm32f407vgtx.o
rm -rf ./Src/main.cyclo ./Src/main.d ./Src/main.o ./Src/main.su ./Src/syscalls.cyclo ./Src/syscalls.d ./Src/syscalls.o ./Src/syscalls.su ./Src/sysmem.cyclo ./Src/sysmem.d ./Src/sysmem.o ./Src/sysmem.su
rm -rf 000TestProject.elf 000TestProject.list 000TestProject.map default.size.stdout
 
14:28:12 **** Clean-only build of configuration Debug for project stm32f4xx_drivers ****
make -j11 clean 
rm -rf ./drivers/src/stm32f407xx_gpio_driver.cyclo ./drivers/src/stm32f407xx_gpio_driver.d ./drivers/src/stm32f407xx_gpio_driver.o ./drivers/src/stm32f407xx_gpio_driver.su ./drivers/src/stm32f407xx_spi_driver.cyclo ./drivers/src/stm32f407xx_spi_driver.d ./drivers/src/stm32f407xx_spi_driver.o ./drivers/src/stm32f407xx_spi_driver.su
rm -rf ./Startup/startup_stm32f407vgtx.d ./Startup/startup_stm32f407vgtx.o
rm -rf ./Src/009spi_message_rcv_IT.cyclo ./Src/009spi_message_rcv_IT.d ./Src/009spi_message_rcv_IT.o ./Src/009spi_message_rcv_IT.su ./Src/syscalls.cyclo ./Src/syscalls.d ./Src/syscalls.o ./Src/syscalls.su ./Src/sysmem.cyclo ./Src/sysmem.d ./Src/sysmem.o ./Src/sysmem.su
rm -rf default.size.stdout stm32f4xx_drivers.elf stm32f4xx_drivers.list stm32f4xx_drivers.map
 
14:28:13 **** Build of configuration Debug for project stm32f4xx_drivers ****
make -j11 all 
arm-none-eabi-gcc "../drivers/src/stm32f407xx_gpio_driver.c" -mcpu=cortex-m4 -std=gnu11 -g3 -DDEBUG -DSTM32 -DSTM32F407G_DISC1 -DSTM32F4 -DSTM32F407VGTx -c -I../Inc -I"/Users/mauricewashington/projects/udemy/Embedded-C/My_workspace/target/stm32f4xx_drivers/drivers/inc" -O0 -ffunction-sections -fdata-sections -Wall -fstack-usage -fcyclomatic-complexity -MMD -MP -MF"drivers/src/stm32f407xx_gpio_driver.d" -MT"drivers/src/stm32f407xx_gpio_driver.o" --specs=nano.specs -mfpu=fpv4-sp-d16 -mfloat-abi=hard -mthumb -o "drivers/src/stm32f407xx_gpio_driver.o"
arm-none-eabi-gcc "../drivers/src/stm32f407xx_i2c_driver.c" -mcpu=cortex-m4 -std=gnu11 -g3 -DDEBUG -DSTM32 -DSTM32F407G_DISC1 -DSTM32F4 -DSTM32F407VGTx -c -I../Inc -I"/Users/mauricewashington/projects/udemy/Embedded-C/My_workspace/target/stm32f4xx_drivers/drivers/inc" -O0 -ffunction-sections -fdata-sections -Wall -fstack-usage -fcyclomatic-complexity -MMD -MP -MF"drivers/src/stm32f407xx_i2c_driver.d" -MT"drivers/src/stm32f407xx_i2c_driver.o" --specs=nano.specs -mfpu=fpv4-sp-d16 -mfloat-abi=hard -mthumb -o "drivers/src/stm32f407xx_i2c_driver.o"
arm-none-eabi-gcc "../drivers/src/stm32f407xx_spi_driver.c" -mcpu=cortex-m4 -std=gnu11 -g3 -DDEBUG -DSTM32 -DSTM32F407G_DISC1 -DSTM32F4 -DSTM32F407VGTx -c -I../Inc -I"/Users/mauricewashington/projects/udemy/Embedded-C/My_workspace/target/stm32f4xx_drivers/drivers/inc" -O0 -ffunction-sections -fdata-sections -Wall -fstack-usage -fcyclomatic-complexity -MMD -MP -MF"drivers/src/stm32f407xx_spi_driver.d" -MT"drivers/src/stm32f407xx_spi_driver.o" --specs=nano.specs -mfpu=fpv4-sp-d16 -mfloat-abi=hard -mthumb -o "drivers/src/stm32f407xx_spi_driver.o"
arm-none-eabi-gcc -mcpu=cortex-m4 -g3 -DDEBUG -c -x assembler-with-cpp -MMD -MP -MF"Startup/startup_stm32f407vgtx.d" -MT"Startup/startup_stm32f407vgtx.o" --specs=nano.specs -mfpu=fpv4-sp-d16 -mfloat-abi=hard -mthumb -o "Startup/startup_stm32f407vgtx.o" "../Startup/startup_stm32f407vgtx.s"
arm-none-eabi-gcc "../Src/009spi_message_rcv_IT.c" -mcpu=cortex-m4 -std=gnu11 -g3 -DDEBUG -DSTM32 -DSTM32F407G_DISC1 -DSTM32F4 -DSTM32F407VGTx -c -I../Inc -I"/Users/mauricewashington/projects/udemy/Embedded-C/My_workspace/target/stm32f4xx_drivers/drivers/inc" -O0 -ffunction-sections -fdata-sections -Wall -fstack-usage -fcyclomatic-complexity -MMD -MP -MF"Src/009spi_message_rcv_IT.d" -MT"Src/009spi_message_rcv_IT.o" --specs=nano.specs -mfpu=fpv4-sp-d16 -mfloat-abi=hard -mthumb -o "Src/009spi_message_rcv_IT.o"
arm-none-eabi-gcc "../Src/syscalls.c" -mcpu=cortex-m4 -std=gnu11 -g3 -DDEBUG -DSTM32 -DSTM32F407G_DISC1 -DSTM32F4 -DSTM32F407VGTx -c -I../Inc -I"/Users/mauricewashington/projects/udemy/Embedded-C/My_workspace/target/stm32f4xx_drivers/drivers/inc" -O0 -ffunction-sections -fdata-sections -Wall -fstack-usage -fcyclomatic-complexity -MMD -MP -MF"Src/syscalls.d" -MT"Src/syscalls.o" --specs=nano.specs -mfpu=fpv4-sp-d16 -mfloat-abi=hard -mthumb -o "Src/syscalls.o"
arm-none-eabi-gcc "../Src/sysmem.c" -mcpu=cortex-m4 -std=gnu11 -g3 -DDEBUG -DSTM32 -DSTM32F407G_DISC1 -DSTM32F4 -DSTM32F407VGTx -c -I../Inc -I"/Users/mauricewashington/projects/udemy/Embedded-C/My_workspace/target/stm32f4xx_drivers/drivers/inc" -O0 -ffunction-sections -fdata-sections -Wall -fstack-usage -fcyclomatic-complexity -MMD -MP -MF"Src/sysmem.d" -MT"Src/sysmem.o" --specs=nano.specs -mfpu=fpv4-sp-d16 -mfloat-abi=hard -mthumb -o "Src/sysmem.o"
../Src/009spi_message_rcv_IT.c: In function 'main':
../Src/009spi_message_rcv_IT.c:166:62: warning: passing argument 2 of 'SPI_ReceiveDataIT' discards 'volatile' qualifier from pointer target type [-Wdiscarded-qualifiers]
  166 |                         while (SPI_ReceiveDataIT(&SPI2handle,&ReadByte,1) == SPI_BUSY_IN_RX);
      |                                                              ^~~~~~~~~
In file included from /Users/mauricewashington/projects/udemy/Embedded-C/My_workspace/target/stm32f4xx_drivers/drivers/inc/stm32f407xx.h:461,
                 from ../Src/009spi_message_rcv_IT.c:30:
/Users/mauricewashington/projects/udemy/Embedded-C/My_workspace/target/stm32f4xx_drivers/drivers/inc/stm32f407xx_spi_driver.h:139:62: note: expected 'uint8_t *' {aka 'unsigned char *'} but argument is of type 'volatile char *'
  139 | uint8_t SPI_ReceiveDataIT(SPI_Handle_t *pSPIHandle, uint8_t *pRxBuffer, uint32_t Len);
      |                                                     ~~~~~~~~~^~~~~~~~~
arm-none-eabi-gcc -o "stm32f4xx_drivers.elf" @"objects.list"   -mcpu=cortex-m4 -T"/Users/mauricewashington/projects/udemy/Embedded-C/My_workspace/target/stm32f4xx_drivers/STM32F407VGTX_FLASH.ld" --specs=nosys.specs -Wl,-Map="stm32f4xx_drivers.map" -Wl,--gc-sections -static --specs=nano.specs -mfpu=fpv4-sp-d16 -mfloat-abi=hard -mthumb -Wl,--start-group -lc -lm -Wl,--end-group
Finished building target: stm32f4xx_drivers.elf
 
arm-none-eabi-size  stm32f4xx_drivers.elf 
arm-none-eabi-objdump -h -S stm32f4xx_drivers.elf  > "stm32f4xx_drivers.list"
   text	   data	    bss	    dec	    hex	filename
   8784	     92	   2444	  11320	   2c38	stm32f4xx_drivers.elf
Finished building: default.size.stdout
 
Finished building: stm32f4xx_drivers.list
 
14:28:23 **** Incremental Build of configuration Debug for project stm32f4xx_drivers ****
make -j11 all 
arm-none-eabi-gcc "../drivers/src/stm32f407xx_gpio_driver.c" -mcpu=cortex-m4 -std=gnu11 -g3 -DDEBUG -DSTM32 -DSTM32F407G_DISC1 -DSTM32F4 -DSTM32F407VGTx -c -I../Inc -I"/Users/mauricewashington/projects/udemy/Embedded-C/My_workspace/target/stm32f4xx_drivers/drivers/inc" -O0 -ffunction-sections -fdata-sections -Wall -fstack-usage -fcyclomatic-complexity -MMD -MP -MF"drivers/src/stm32f407xx_gpio_driver.d" -MT"drivers/src/stm32f407xx_gpio_driver.o" --specs=nano.specs -mfpu=fpv4-sp-d16 -mfloat-abi=hard -mthumb -o "drivers/src/stm32f407xx_gpio_driver.o"
arm-none-eabi-gcc "../drivers/src/stm32f407xx_spi_driver.c" -mcpu=cortex-m4 -std=gnu11 -g3 -DDEBUG -DSTM32 -DSTM32F407G_DISC1 -DSTM32F4 -DSTM32F407VGTx -c -I../Inc -I"/Users/mauricewashington/projects/udemy/Embedded-C/My_workspace/target/stm32f4xx_drivers/drivers/inc" -O0 -ffunction-sections -fdata-sections -Wall -fstack-usage -fcyclomatic-complexity -MMD -MP -MF"drivers/src/stm32f407xx_spi_driver.d" -MT"drivers/src/stm32f407xx_spi_driver.o" --specs=nano.specs -mfpu=fpv4-sp-d16 -mfloat-abi=hard -mthumb -o "drivers/src/stm32f407xx_spi_driver.o"
arm-none-eabi-gcc "../Src/009spi_message_rcv_IT.c" -mcpu=cortex-m4 -std=gnu11 -g3 -DDEBUG -DSTM32 -DSTM32F407G_DISC1 -DSTM32F4 -DSTM32F407VGTx -c -I../Inc -I"/Users/mauricewashington/projects/udemy/Embedded-C/My_workspace/target/stm32f4xx_drivers/drivers/inc" -O0 -ffunction-sections -fdata-sections -Wall -fstack-usage -fcyclomatic-complexity -MMD -MP -MF"Src/009spi_message_rcv_IT.d" -MT"Src/009spi_message_rcv_IT.o" --specs=nano.specs -mfpu=fpv4-sp-d16 -mfloat-abi=hard -mthumb -o "Src/009spi_message_rcv_IT.o"
../Src/009spi_message_rcv_IT.c: In function 'main':
../Src/009spi_message_rcv_IT.c:166:62: warning: passing argument 2 of 'SPI_ReceiveDataIT' discards 'volatile' qualifier from pointer target type [-Wdiscarded-qualifiers]
  166 |                         while (SPI_ReceiveDataIT(&SPI2handle,&ReadByte,1) == SPI_BUSY_IN_RX);
      |                                                              ^~~~~~~~~
In file included from /Users/mauricewashington/projects/udemy/Embedded-C/My_workspace/target/stm32f4xx_drivers/drivers/inc/stm32f407xx.h:461,
                 from ../Src/009spi_message_rcv_IT.c:30:
/Users/mauricewashington/projects/udemy/Embedded-C/My_workspace/target/stm32f4xx_drivers/drivers/inc/stm32f407xx_spi_driver.h:139:62: note: expected 'uint8_t *' {aka 'unsigned char *'} but argument is of type 'volatile char *'
  139 | uint8_t SPI_ReceiveDataIT(SPI_Handle_t *pSPIHandle, uint8_t *pRxBuffer, uint32_t Len);
      |                                                     ~~~~~~~~~^~~~~~~~~
arm-none-eabi-gcc -o "stm32f4xx_drivers.elf" @"objects.list"   -mcpu=cortex-m4 -T"/Users/mauricewashington/projects/udemy/Embedded-C/My_workspace/target/stm32f4xx_drivers/STM32F407VGTX_FLASH.ld" --specs=nosys.specs -Wl,-Map="stm32f4xx_drivers.map" -Wl,--gc-sections -static --specs=nano.specs -mfpu=fpv4-sp-d16 -mfloat-abi=hard -mthumb -Wl,--start-group -lc -lm -Wl,--end-group
Finished building target: stm32f4xx_drivers.elf
 
arm-none-eabi-size  stm32f4xx_drivers.elf 
arm-none-eabi-objdump -h -S stm32f4xx_drivers.elf  > "stm32f4xx_drivers.list"
   text	   data	    bss	    dec	    hex	filename
   8784	     92	   2444	  11320	   2c38	stm32f4xx_drivers.elf
Finished building: default.size.stdout
 
Finished building: stm32f4xx_drivers.list
 
14:43:29 **** Incremental Build of configuration Debug for project stm32f4xx_drivers ****
make -j11 all 
arm-none-eabi-gcc "../drivers/src/stm32f407xx_gpio_driver.c" -mcpu=cortex-m4 -std=gnu11 -g3 -DDEBUG -DSTM32 -DSTM32F407G_DISC1 -DSTM32F4 -DSTM32F407VGTx -c -I../Inc -I"/Users/mauricewashington/projects/udemy/Embedded-C/My_workspace/target/stm32f4xx_drivers/drivers/inc" -O0 -ffunction-sections -fdata-sections -Wall -fstack-usage -fcyclomatic-complexity -MMD -MP -MF"drivers/src/stm32f407xx_gpio_driver.d" -MT"drivers/src/stm32f407xx_gpio_driver.o" --specs=nano.specs -mfpu=fpv4-sp-d16 -mfloat-abi=hard -mthumb -o "drivers/src/stm32f407xx_gpio_driver.o"
arm-none-eabi-gcc "../drivers/src/stm32f407xx_spi_driver.c" -mcpu=cortex-m4 -std=gnu11 -g3 -DDEBUG -DSTM32 -DSTM32F407G_DISC1 -DSTM32F4 -DSTM32F407VGTx -c -I../Inc -I"/Users/mauricewashington/projects/udemy/Embedded-C/My_workspace/target/stm32f4xx_drivers/drivers/inc" -O0 -ffunction-sections -fdata-sections -Wall -fstack-usage -fcyclomatic-complexity -MMD -MP -MF"drivers/src/stm32f407xx_spi_driver.d" -MT"drivers/src/stm32f407xx_spi_driver.o" --specs=nano.specs -mfpu=fpv4-sp-d16 -mfloat-abi=hard -mthumb -o "drivers/src/stm32f407xx_spi_driver.o"
arm-none-eabi-gcc "../Src/009spi_message_rcv_IT.c" -mcpu=cortex-m4 -std=gnu11 -g3 -DDEBUG -DSTM32 -DSTM32F407G_DISC1 -DSTM32F4 -DSTM32F407VGTx -c -I../Inc -I"/Users/mauricewashington/projects/udemy/Embedded-C/My_workspace/target/stm32f4xx_drivers/drivers/inc" -O0 -ffunction-sections -fdata-sections -Wall -fstack-usage -fcyclomatic-complexity -MMD -MP -MF"Src/009spi_message_rcv_IT.d" -MT"Src/009spi_message_rcv_IT.o" --specs=nano.specs -mfpu=fpv4-sp-d16 -mfloat-abi=hard -mthumb -o "Src/009spi_message_rcv_IT.o"
../Src/009spi_message_rcv_IT.c: In function 'main':
../Src/009spi_message_rcv_IT.c:166:62: warning: passing argument 2 of 'SPI_ReceiveDataIT' discards 'volatile' qualifier from pointer target type [-Wdiscarded-qualifiers]
  166 |                         while (SPI_ReceiveDataIT(&SPI2handle,&ReadByte,1) == SPI_BUSY_IN_RX);
      |                                                              ^~~~~~~~~
In file included from /Users/mauricewashington/projects/udemy/Embedded-C/My_workspace/target/stm32f4xx_drivers/drivers/inc/stm32f407xx.h:482,
                 from ../Src/009spi_message_rcv_IT.c:30:
/Users/mauricewashington/projects/udemy/Embedded-C/My_workspace/target/stm32f4xx_drivers/drivers/inc/stm32f407xx_spi_driver.h:139:62: note: expected 'uint8_t *' {aka 'unsigned char *'} but argument is of type 'volatile char *'
  139 | uint8_t SPI_ReceiveDataIT(SPI_Handle_t *pSPIHandle, uint8_t *pRxBuffer, uint32_t Len);
      |                                                     ~~~~~~~~~^~~~~~~~~
arm-none-eabi-gcc -o "stm32f4xx_drivers.elf" @"objects.list"   -mcpu=cortex-m4 -T"/Users/mauricewashington/projects/udemy/Embedded-C/My_workspace/target/stm32f4xx_drivers/STM32F407VGTX_FLASH.ld" --specs=nosys.specs -Wl,-Map="stm32f4xx_drivers.map" -Wl,--gc-sections -static --specs=nano.specs -mfpu=fpv4-sp-d16 -mfloat-abi=hard -mthumb -Wl,--start-group -lc -lm -Wl,--end-group
Finished building target: stm32f4xx_drivers.elf
 
arm-none-eabi-size  stm32f4xx_drivers.elf 
arm-none-eabi-objdump -h -S stm32f4xx_drivers.elf  > "stm32f4xx_drivers.list"
   text	   data	    bss	    dec	    hex	filename
   8784	     92	   2444	  11320	   2c38	stm32f4xx_drivers.elf
Finished building: default.size.stdout
 
Finished building: stm32f4xx_drivers.list
 
15:01:56 **** Incremental Build of configuration Debug for project stm32f4xx_drivers ****
make -j11 all 
arm-none-eabi-gcc "../drivers/src/stm32f407xx_gpio_driver.c" -mcpu=cortex-m4 -std=gnu11 -g3 -DDEBUG -DSTM32 -DSTM32F407G_DISC1 -DSTM32F4 -DSTM32F407VGTx -c -I../Inc -I"/Users/mauricewashington/projects/udemy/Embedded-C/My_workspace/target/stm32f4xx_drivers/drivers/inc" -O0 -ffunction-sections -fdata-sections -Wall -fstack-usage -fcyclomatic-complexity -MMD -MP -MF"drivers/src/stm32f407xx_gpio_driver.d" -MT"drivers/src/stm32f407xx_gpio_driver.o" --specs=nano.specs -mfpu=fpv4-sp-d16 -mfloat-abi=hard -mthumb -o "drivers/src/stm32f407xx_gpio_driver.o"
arm-none-eabi-gcc "../drivers/src/stm32f407xx_spi_driver.c" -mcpu=cortex-m4 -std=gnu11 -g3 -DDEBUG -DSTM32 -DSTM32F407G_DISC1 -DSTM32F4 -DSTM32F407VGTx -c -I../Inc -I"/Users/mauricewashington/projects/udemy/Embedded-C/My_workspace/target/stm32f4xx_drivers/drivers/inc" -O0 -ffunction-sections -fdata-sections -Wall -fstack-usage -fcyclomatic-complexity -MMD -MP -MF"drivers/src/stm32f407xx_spi_driver.d" -MT"drivers/src/stm32f407xx_spi_driver.o" --specs=nano.specs -mfpu=fpv4-sp-d16 -mfloat-abi=hard -mthumb -o "drivers/src/stm32f407xx_spi_driver.o"
arm-none-eabi-gcc "../Src/009spi_message_rcv_IT.c" -mcpu=cortex-m4 -std=gnu11 -g3 -DDEBUG -DSTM32 -DSTM32F407G_DISC1 -DSTM32F4 -DSTM32F407VGTx -c -I../Inc -I"/Users/mauricewashington/projects/udemy/Embedded-C/My_workspace/target/stm32f4xx_drivers/drivers/inc" -O0 -ffunction-sections -fdata-sections -Wall -fstack-usage -fcyclomatic-complexity -MMD -MP -MF"Src/009spi_message_rcv_IT.d" -MT"Src/009spi_message_rcv_IT.o" --specs=nano.specs -mfpu=fpv4-sp-d16 -mfloat-abi=hard -mthumb -o "Src/009spi_message_rcv_IT.o"
../Src/009spi_message_rcv_IT.c: In function 'main':
../Src/009spi_message_rcv_IT.c:166:62: warning: passing argument 2 of 'SPI_ReceiveDataIT' discards 'volatile' qualifier from pointer target type [-Wdiscarded-qualifiers]
  166 |                         while (SPI_ReceiveDataIT(&SPI2handle,&ReadByte,1) == SPI_BUSY_IN_RX);
      |                                                              ^~~~~~~~~
In file included from /Users/mauricewashington/projects/udemy/Embedded-C/My_workspace/target/stm32f4xx_drivers/drivers/inc/stm32f407xx.h:525,
                 from ../Src/009spi_message_rcv_IT.c:30:
/Users/mauricewashington/projects/udemy/Embedded-C/My_workspace/target/stm32f4xx_drivers/drivers/inc/stm32f407xx_spi_driver.h:139:62: note: expected 'uint8_t *' {aka 'unsigned char *'} but argument is of type 'volatile char *'
  139 | uint8_t SPI_ReceiveDataIT(SPI_Handle_t *pSPIHandle, uint8_t *pRxBuffer, uint32_t Len);
      |                                                     ~~~~~~~~~^~~~~~~~~
arm-none-eabi-gcc -o "stm32f4xx_drivers.elf" @"objects.list"   -mcpu=cortex-m4 -T"/Users/mauricewashington/projects/udemy/Embedded-C/My_workspace/target/stm32f4xx_drivers/STM32F407VGTX_FLASH.ld" --specs=nosys.specs -Wl,-Map="stm32f4xx_drivers.map" -Wl,--gc-sections -static --specs=nano.specs -mfpu=fpv4-sp-d16 -mfloat-abi=hard -mthumb -Wl,--start-group -lc -lm -Wl,--end-group
Finished building target: stm32f4xx_drivers.elf
 
arm-none-eabi-size  stm32f4xx_drivers.elf 
arm-none-eabi-objdump -h -S stm32f4xx_drivers.elf  > "stm32f4xx_drivers.list"
   text	   data	    bss	    dec	    hex	filename
   8784	     92	   2444	  11320	   2c38	stm32f4xx_drivers.elf
Finished building: default.size.stdout
 
Finished building: stm32f4xx_drivers.list
 
15:32:40 **** Incremental Build of configuration Debug for project stm32f4xx_drivers ****
make -j11 all 
arm-none-eabi-gcc "../drivers/src/stm32f407xx_gpio_driver.c" -mcpu=cortex-m4 -std=gnu11 -g3 -DDEBUG -DSTM32 -DSTM32F407G_DISC1 -DSTM32F4 -DSTM32F407VGTx -c -I../Inc -I"/Users/mauricewashington/projects/udemy/Embedded-C/My_workspace/target/stm32f4xx_drivers/drivers/inc" -O0 -ffunction-sections -fdata-sections -Wall -fstack-usage -fcyclomatic-complexity -MMD -MP -MF"drivers/src/stm32f407xx_gpio_driver.d" -MT"drivers/src/stm32f407xx_gpio_driver.o" --specs=nano.specs -mfpu=fpv4-sp-d16 -mfloat-abi=hard -mthumb -o "drivers/src/stm32f407xx_gpio_driver.o"
arm-none-eabi-gcc "../drivers/src/stm32f407xx_spi_driver.c" -mcpu=cortex-m4 -std=gnu11 -g3 -DDEBUG -DSTM32 -DSTM32F407G_DISC1 -DSTM32F4 -DSTM32F407VGTx -c -I../Inc -I"/Users/mauricewashington/projects/udemy/Embedded-C/My_workspace/target/stm32f4xx_drivers/drivers/inc" -O0 -ffunction-sections -fdata-sections -Wall -fstack-usage -fcyclomatic-complexity -MMD -MP -MF"drivers/src/stm32f407xx_spi_driver.d" -MT"drivers/src/stm32f407xx_spi_driver.o" --specs=nano.specs -mfpu=fpv4-sp-d16 -mfloat-abi=hard -mthumb -o "drivers/src/stm32f407xx_spi_driver.o"
arm-none-eabi-gcc "../Src/009spi_message_rcv_IT.c" -mcpu=cortex-m4 -std=gnu11 -g3 -DDEBUG -DSTM32 -DSTM32F407G_DISC1 -DSTM32F4 -DSTM32F407VGTx -c -I../Inc -I"/Users/mauricewashington/projects/udemy/Embedded-C/My_workspace/target/stm32f4xx_drivers/drivers/inc" -O0 -ffunction-sections -fdata-sections -Wall -fstack-usage -fcyclomatic-complexity -MMD -MP -MF"Src/009spi_message_rcv_IT.d" -MT"Src/009spi_message_rcv_IT.o" --specs=nano.specs -mfpu=fpv4-sp-d16 -mfloat-abi=hard -mthumb -o "Src/009spi_message_rcv_IT.o"
../Src/009spi_message_rcv_IT.c: In function 'main':
../Src/009spi_message_rcv_IT.c:166:62: warning: passing argument 2 of 'SPI_ReceiveDataIT' discards 'volatile' qualifier from pointer target type [-Wdiscarded-qualifiers]
  166 |                         while (SPI_ReceiveDataIT(&SPI2handle,&ReadByte,1) == SPI_BUSY_IN_RX);
      |                                                              ^~~~~~~~~
In file included from /Users/mauricewashington/projects/udemy/Embedded-C/My_workspace/target/stm32f4xx_drivers/drivers/inc/stm32f407xx.h:529,
                 from ../Src/009spi_message_rcv_IT.c:30:
/Users/mauricewashington/projects/udemy/Embedded-C/My_workspace/target/stm32f4xx_drivers/drivers/inc/stm32f407xx_spi_driver.h:139:62: note: expected 'uint8_t *' {aka 'unsigned char *'} but argument is of type 'volatile char *'
  139 | uint8_t SPI_ReceiveDataIT(SPI_Handle_t *pSPIHandle, uint8_t *pRxBuffer, uint32_t Len);
      |                                                     ~~~~~~~~~^~~~~~~~~
arm-none-eabi-gcc -o "stm32f4xx_drivers.elf" @"objects.list"   -mcpu=cortex-m4 -T"/Users/mauricewashington/projects/udemy/Embedded-C/My_workspace/target/stm32f4xx_drivers/STM32F407VGTX_FLASH.ld" --specs=nosys.specs -Wl,-Map="stm32f4xx_drivers.map" -Wl,--gc-sections -static --specs=nano.specs -mfpu=fpv4-sp-d16 -mfloat-abi=hard -mthumb -Wl,--start-group -lc -lm -Wl,--end-group
Finished building target: stm32f4xx_drivers.elf
 
arm-none-eabi-size  stm32f4xx_drivers.elf 
arm-none-eabi-objdump -h -S stm32f4xx_drivers.elf  > "stm32f4xx_drivers.list"
   text	   data	    bss	    dec	    hex	filename
   8784	     92	   2444	  11320	   2c38	stm32f4xx_drivers.elf
Finished building: default.size.stdout
 
Finished building: stm32f4xx_drivers.list
 
15:38:26 **** Incremental Build of configuration Debug for project stm32f4xx_drivers ****
make -j11 all 
arm-none-eabi-gcc "../drivers/src/stm32f407xx_gpio_driver.c" -mcpu=cortex-m4 -std=gnu11 -g3 -DDEBUG -DSTM32 -DSTM32F407G_DISC1 -DSTM32F4 -DSTM32F407VGTx -c -I../Inc -I"/Users/mauricewashington/projects/udemy/Embedded-C/My_workspace/target/stm32f4xx_drivers/drivers/inc" -O0 -ffunction-sections -fdata-sections -Wall -fstack-usage -fcyclomatic-complexity -MMD -MP -MF"drivers/src/stm32f407xx_gpio_driver.d" -MT"drivers/src/stm32f407xx_gpio_driver.o" --specs=nano.specs -mfpu=fpv4-sp-d16 -mfloat-abi=hard -mthumb -o "drivers/src/stm32f407xx_gpio_driver.o"
arm-none-eabi-gcc "../drivers/src/stm32f407xx_spi_driver.c" -mcpu=cortex-m4 -std=gnu11 -g3 -DDEBUG -DSTM32 -DSTM32F407G_DISC1 -DSTM32F4 -DSTM32F407VGTx -c -I../Inc -I"/Users/mauricewashington/projects/udemy/Embedded-C/My_workspace/target/stm32f4xx_drivers/drivers/inc" -O0 -ffunction-sections -fdata-sections -Wall -fstack-usage -fcyclomatic-complexity -MMD -MP -MF"drivers/src/stm32f407xx_spi_driver.d" -MT"drivers/src/stm32f407xx_spi_driver.o" --specs=nano.specs -mfpu=fpv4-sp-d16 -mfloat-abi=hard -mthumb -o "drivers/src/stm32f407xx_spi_driver.o"
arm-none-eabi-gcc "../Src/009spi_message_rcv_IT.c" -mcpu=cortex-m4 -std=gnu11 -g3 -DDEBUG -DSTM32 -DSTM32F407G_DISC1 -DSTM32F4 -DSTM32F407VGTx -c -I../Inc -I"/Users/mauricewashington/projects/udemy/Embedded-C/My_workspace/target/stm32f4xx_drivers/drivers/inc" -O0 -ffunction-sections -fdata-sections -Wall -fstack-usage -fcyclomatic-complexity -MMD -MP -MF"Src/009spi_message_rcv_IT.d" -MT"Src/009spi_message_rcv_IT.o" --specs=nano.specs -mfpu=fpv4-sp-d16 -mfloat-abi=hard -mthumb -o "Src/009spi_message_rcv_IT.o"
../Src/009spi_message_rcv_IT.c: In function 'main':
../Src/009spi_message_rcv_IT.c:166:62: warning: passing argument 2 of 'SPI_ReceiveDataIT' discards 'volatile' qualifier from pointer target type [-Wdiscarded-qualifiers]
  166 |                         while (SPI_ReceiveDataIT(&SPI2handle,&ReadByte,1) == SPI_BUSY_IN_RX);
      |                                                              ^~~~~~~~~
In file included from /Users/mauricewashington/projects/udemy/Embedded-C/My_workspace/target/stm32f4xx_drivers/drivers/inc/stm32f407xx.h:529,
                 from ../Src/009spi_message_rcv_IT.c:30:
/Users/mauricewashington/projects/udemy/Embedded-C/My_workspace/target/stm32f4xx_drivers/drivers/inc/stm32f407xx_spi_driver.h:139:62: note: expected 'uint8_t *' {aka 'unsigned char *'} but argument is of type 'volatile char *'
  139 | uint8_t SPI_ReceiveDataIT(SPI_Handle_t *pSPIHandle, uint8_t *pRxBuffer, uint32_t Len);
      |                                                     ~~~~~~~~~^~~~~~~~~
arm-none-eabi-gcc -o "stm32f4xx_drivers.elf" @"objects.list"   -mcpu=cortex-m4 -T"/Users/mauricewashington/projects/udemy/Embedded-C/My_workspace/target/stm32f4xx_drivers/STM32F407VGTX_FLASH.ld" --specs=nosys.specs -Wl,-Map="stm32f4xx_drivers.map" -Wl,--gc-sections -static --specs=nano.specs -mfpu=fpv4-sp-d16 -mfloat-abi=hard -mthumb -Wl,--start-group -lc -lm -Wl,--end-group
Finished building target: stm32f4xx_drivers.elf
 
arm-none-eabi-size  stm32f4xx_drivers.elf 
arm-none-eabi-objdump -h -S stm32f4xx_drivers.elf  > "stm32f4xx_drivers.list"
   text	   data	    bss	    dec	    hex	filename
   8784	     92	   2444	  11320	   2c38	stm32f4xx_drivers.elf
Finished building: default.size.stdout
 
Finished building: stm32f4xx_drivers.list
 
16:42:49 **** Incremental Build of configuration Debug for project stm32f4xx_drivers ****
make -j11 all 
arm-none-eabi-gcc "../drivers/src/stm32f407xx_gpio_driver.c" -mcpu=cortex-m4 -std=gnu11 -g3 -DDEBUG -DSTM32 -DSTM32F407G_DISC1 -DSTM32F4 -DSTM32F407VGTx -c -I../Inc -I"/Users/mauricewashington/projects/udemy/Embedded-C/My_workspace/target/stm32f4xx_drivers/drivers/inc" -O0 -ffunction-sections -fdata-sections -Wall -fstack-usage -fcyclomatic-complexity -MMD -MP -MF"drivers/src/stm32f407xx_gpio_driver.d" -MT"drivers/src/stm32f407xx_gpio_driver.o" --specs=nano.specs -mfpu=fpv4-sp-d16 -mfloat-abi=hard -mthumb -o "drivers/src/stm32f407xx_gpio_driver.o"
arm-none-eabi-gcc "../drivers/src/stm32f407xx_i2c_driver.c" -mcpu=cortex-m4 -std=gnu11 -g3 -DDEBUG -DSTM32 -DSTM32F407G_DISC1 -DSTM32F4 -DSTM32F407VGTx -c -I../Inc -I"/Users/mauricewashington/projects/udemy/Embedded-C/My_workspace/target/stm32f4xx_drivers/drivers/inc" -O0 -ffunction-sections -fdata-sections -Wall -fstack-usage -fcyclomatic-complexity -MMD -MP -MF"drivers/src/stm32f407xx_i2c_driver.d" -MT"drivers/src/stm32f407xx_i2c_driver.o" --specs=nano.specs -mfpu=fpv4-sp-d16 -mfloat-abi=hard -mthumb -o "drivers/src/stm32f407xx_i2c_driver.o"
arm-none-eabi-gcc "../drivers/src/stm32f407xx_spi_driver.c" -mcpu=cortex-m4 -std=gnu11 -g3 -DDEBUG -DSTM32 -DSTM32F407G_DISC1 -DSTM32F4 -DSTM32F407VGTx -c -I../Inc -I"/Users/mauricewashington/projects/udemy/Embedded-C/My_workspace/target/stm32f4xx_drivers/drivers/inc" -O0 -ffunction-sections -fdata-sections -Wall -fstack-usage -fcyclomatic-complexity -MMD -MP -MF"drivers/src/stm32f407xx_spi_driver.d" -MT"drivers/src/stm32f407xx_spi_driver.o" --specs=nano.specs -mfpu=fpv4-sp-d16 -mfloat-abi=hard -mthumb -o "drivers/src/stm32f407xx_spi_driver.o"
arm-none-eabi-gcc "../Src/009spi_message_rcv_IT.c" -mcpu=cortex-m4 -std=gnu11 -g3 -DDEBUG -DSTM32 -DSTM32F407G_DISC1 -DSTM32F4 -DSTM32F407VGTx -c -I../Inc -I"/Users/mauricewashington/projects/udemy/Embedded-C/My_workspace/target/stm32f4xx_drivers/drivers/inc" -O0 -ffunction-sections -fdata-sections -Wall -fstack-usage -fcyclomatic-complexity -MMD -MP -MF"Src/009spi_message_rcv_IT.d" -MT"Src/009spi_message_rcv_IT.o" --specs=nano.specs -mfpu=fpv4-sp-d16 -mfloat-abi=hard -mthumb -o "Src/009spi_message_rcv_IT.o"
../Src/009spi_message_rcv_IT.c: In function 'main':
../Src/009spi_message_rcv_IT.c:166:62: warning: passing argument 2 of 'SPI_ReceiveDataIT' discards 'volatile' qualifier from pointer target type [-Wdiscarded-qualifiers]
  166 |                         while (SPI_ReceiveDataIT(&SPI2handle,&ReadByte,1) == SPI_BUSY_IN_RX);
      |                                                              ^~~~~~~~~
In file included from /Users/mauricewashington/projects/udemy/Embedded-C/My_workspace/target/stm32f4xx_drivers/drivers/inc/stm32f407xx.h:537,
                 from ../Src/009spi_message_rcv_IT.c:30:
/Users/mauricewashington/projects/udemy/Embedded-C/My_workspace/target/stm32f4xx_drivers/drivers/inc/stm32f407xx_spi_driver.h:139:62: note: expected 'uint8_t *' {aka 'unsigned char *'} but argument is of type 'volatile char *'
  139 | uint8_t SPI_ReceiveDataIT(SPI_Handle_t *pSPIHandle, uint8_t *pRxBuffer, uint32_t Len);
      |                                                     ~~~~~~~~~^~~~~~~~~
arm-none-eabi-gcc -o "stm32f4xx_drivers.elf" @"objects.list"   -mcpu=cortex-m4 -T"/Users/mauricewashington/projects/udemy/Embedded-C/My_workspace/target/stm32f4xx_drivers/STM32F407VGTX_FLASH.ld" --specs=nosys.specs -Wl,-Map="stm32f4xx_drivers.map" -Wl,--gc-sections -static --specs=nano.specs -mfpu=fpv4-sp-d16 -mfloat-abi=hard -mthumb -Wl,--start-group -lc -lm -Wl,--end-group
Finished building target: stm32f4xx_drivers.elf
 
arm-none-eabi-size  stm32f4xx_drivers.elf 
arm-none-eabi-objdump -h -S stm32f4xx_drivers.elf  > "stm32f4xx_drivers.list"
   text	   data	    bss	    dec	    hex	filename
   8784	     92	   2444	  11320	   2c38	stm32f4xx_drivers.elf
Finished building: default.size.stdout
 
Finished building: stm32f4xx_drivers.list
 
17:36:22 **** Incremental Build of configuration Debug for project stm32f4xx_drivers ****
make -j11 all 
arm-none-eabi-size  stm32f4xx_drivers.elf 
   text	   data	    bss	    dec	    hex	filename
   8784	     92	   2444	  11320	   2c38	stm32f4xx_drivers.elf
Finished building: default.size.stdout
 
18:54:24 **** Incremental Build of configuration Debug for project stm32f4xx_drivers ****
make -j11 all 
arm-none-eabi-gcc "../drivers/src/stm32f407xx_i2c_driver.c" -mcpu=cortex-m4 -std=gnu11 -g3 -DDEBUG -DSTM32 -DSTM32F407G_DISC1 -DSTM32F4 -DSTM32F407VGTx -c -I../Inc -I"/Users/mauricewashington/projects/udemy/Embedded-C/My_workspace/target/stm32f4xx_drivers/drivers/inc" -O0 -ffunction-sections -fdata-sections -Wall -fstack-usage -fcyclomatic-complexity -MMD -MP -MF"drivers/src/stm32f407xx_i2c_driver.d" -MT"drivers/src/stm32f407xx_i2c_driver.o" --specs=nano.specs -mfpu=fpv4-sp-d16 -mfloat-abi=hard -mthumb -o "drivers/src/stm32f407xx_i2c_driver.o"
arm-none-eabi-gcc -o "stm32f4xx_drivers.elf" @"objects.list"   -mcpu=cortex-m4 -T"/Users/mauricewashington/projects/udemy/Embedded-C/My_workspace/target/stm32f4xx_drivers/STM32F407VGTX_FLASH.ld" --specs=nosys.specs -Wl,-Map="stm32f4xx_drivers.map" -Wl,--gc-sections -static --specs=nano.specs -mfpu=fpv4-sp-d16 -mfloat-abi=hard -mthumb -Wl,--start-group -lc -lm -Wl,--end-group
Finished building target: stm32f4xx_drivers.elf
 
arm-none-eabi-size  stm32f4xx_drivers.elf 
arm-none-eabi-objdump -h -S stm32f4xx_drivers.elf  > "stm32f4xx_drivers.list"
   text	   data	    bss	    dec	    hex	filename
   8784	     92	   2444	  11320	   2c38	stm32f4xx_drivers.elf
Finished building: default.size.stdout
 
Finished building: stm32f4xx_drivers.list
 
13:14:08 **** Clean-only build of configuration Debug for project stm32f4xx_drivers ****
make -j11 clean 
rm -rf ./drivers/src/stm32f407xx_gpio_driver.cyclo ./drivers/src/stm32f407xx_gpio_driver.d ./drivers/src/stm32f407xx_gpio_driver.o ./drivers/src/stm32f407xx_gpio_driver.su ./drivers/src/stm32f407xx_i2c_driver.cyclo ./drivers/src/stm32f407xx_i2c_driver.d ./drivers/src/stm32f407xx_i2c_driver.o ./drivers/src/stm32f407xx_i2c_driver.su ./drivers/src/stm32f407xx_spi_driver.cyclo ./drivers/src/stm32f407xx_spi_driver.d ./drivers/src/stm32f407xx_spi_driver.o ./drivers/src/stm32f407xx_spi_driver.su
rm -rf ./Startup/startup_stm32f407vgtx.d ./Startup/startup_stm32f407vgtx.o
rm -rf ./Src/009spi_message_rcv_IT.cyclo ./Src/009spi_message_rcv_IT.d ./Src/009spi_message_rcv_IT.o ./Src/009spi_message_rcv_IT.su ./Src/syscalls.cyclo ./Src/syscalls.d ./Src/syscalls.o ./Src/syscalls.su ./Src/sysmem.cyclo ./Src/sysmem.d ./Src/sysmem.o ./Src/sysmem.su
rm -rf default.size.stdout stm32f4xx_drivers.elf stm32f4xx_drivers.list stm32f4xx_drivers.map
 
13:14:08 **** Incremental Build of configuration Debug for project stm32f4xx_drivers ****
make -j11 all 
arm-none-eabi-gcc "../drivers/src/stm32f407xx_gpio_driver.c" -mcpu=cortex-m4 -std=gnu11 -g3 -DDEBUG -DSTM32 -DSTM32F407G_DISC1 -DSTM32F4 -DSTM32F407VGTx -c -I../Inc -I"/Users/mauricewashington/projects/udemy/Embedded-C/My_workspace/target/stm32f4xx_drivers/drivers/inc" -O0 -ffunction-sections -fdata-sections -Wall -fstack-usage -fcyclomatic-complexity -MMD -MP -MF"drivers/src/stm32f407xx_gpio_driver.d" -MT"drivers/src/stm32f407xx_gpio_driver.o" --specs=nano.specs -mfpu=fpv4-sp-d16 -mfloat-abi=hard -mthumb -o "drivers/src/stm32f407xx_gpio_driver.o"
arm-none-eabi-gcc "../drivers/src/stm32f407xx_i2c_driver.c" -mcpu=cortex-m4 -std=gnu11 -g3 -DDEBUG -DSTM32 -DSTM32F407G_DISC1 -DSTM32F4 -DSTM32F407VGTx -c -I../Inc -I"/Users/mauricewashington/projects/udemy/Embedded-C/My_workspace/target/stm32f4xx_drivers/drivers/inc" -O0 -ffunction-sections -fdata-sections -Wall -fstack-usage -fcyclomatic-complexity -MMD -MP -MF"drivers/src/stm32f407xx_i2c_driver.d" -MT"drivers/src/stm32f407xx_i2c_driver.o" --specs=nano.specs -mfpu=fpv4-sp-d16 -mfloat-abi=hard -mthumb -o "drivers/src/stm32f407xx_i2c_driver.o"
arm-none-eabi-gcc "../drivers/src/stm32f407xx_spi_driver.c" -mcpu=cortex-m4 -std=gnu11 -g3 -DDEBUG -DSTM32 -DSTM32F407G_DISC1 -DSTM32F4 -DSTM32F407VGTx -c -I../Inc -I"/Users/mauricewashington/projects/udemy/Embedded-C/My_workspace/target/stm32f4xx_drivers/drivers/inc" -O0 -ffunction-sections -fdata-sections -Wall -fstack-usage -fcyclomatic-complexity -MMD -MP -MF"drivers/src/stm32f407xx_spi_driver.d" -MT"drivers/src/stm32f407xx_spi_driver.o" --specs=nano.specs -mfpu=fpv4-sp-d16 -mfloat-abi=hard -mthumb -o "drivers/src/stm32f407xx_spi_driver.o"
arm-none-eabi-gcc -mcpu=cortex-m4 -g3 -DDEBUG -c -x assembler-with-cpp -MMD -MP -MF"Startup/startup_stm32f407vgtx.d" -MT"Startup/startup_stm32f407vgtx.o" --specs=nano.specs -mfpu=fpv4-sp-d16 -mfloat-abi=hard -mthumb -o "Startup/startup_stm32f407vgtx.o" "../Startup/startup_stm32f407vgtx.s"
arm-none-eabi-gcc "../Src/009spi_message_rcv_IT.c" -mcpu=cortex-m4 -std=gnu11 -g3 -DDEBUG -DSTM32 -DSTM32F407G_DISC1 -DSTM32F4 -DSTM32F407VGTx -c -I../Inc -I"/Users/mauricewashington/projects/udemy/Embedded-C/My_workspace/target/stm32f4xx_drivers/drivers/inc" -O0 -ffunction-sections -fdata-sections -Wall -fstack-usage -fcyclomatic-complexity -MMD -MP -MF"Src/009spi_message_rcv_IT.d" -MT"Src/009spi_message_rcv_IT.o" --specs=nano.specs -mfpu=fpv4-sp-d16 -mfloat-abi=hard -mthumb -o "Src/009spi_message_rcv_IT.o"
arm-none-eabi-gcc "../Src/syscalls.c" -mcpu=cortex-m4 -std=gnu11 -g3 -DDEBUG -DSTM32 -DSTM32F407G_DISC1 -DSTM32F4 -DSTM32F407VGTx -c -I../Inc -I"/Users/mauricewashington/projects/udemy/Embedded-C/My_workspace/target/stm32f4xx_drivers/drivers/inc" -O0 -ffunction-sections -fdata-sections -Wall -fstack-usage -fcyclomatic-complexity -MMD -MP -MF"Src/syscalls.d" -MT"Src/syscalls.o" --specs=nano.specs -mfpu=fpv4-sp-d16 -mfloat-abi=hard -mthumb -o "Src/syscalls.o"
arm-none-eabi-gcc "../Src/sysmem.c" -mcpu=cortex-m4 -std=gnu11 -g3 -DDEBUG -DSTM32 -DSTM32F407G_DISC1 -DSTM32F4 -DSTM32F407VGTx -c -I../Inc -I"/Users/mauricewashington/projects/udemy/Embedded-C/My_workspace/target/stm32f4xx_drivers/drivers/inc" -O0 -ffunction-sections -fdata-sections -Wall -fstack-usage -fcyclomatic-complexity -MMD -MP -MF"Src/sysmem.d" -MT"Src/sysmem.o" --specs=nano.specs -mfpu=fpv4-sp-d16 -mfloat-abi=hard -mthumb -o "Src/sysmem.o"
../Src/009spi_message_rcv_IT.c: In function 'main':
../Src/009spi_message_rcv_IT.c:166:62: warning: passing argument 2 of 'SPI_ReceiveDataIT' discards 'volatile' qualifier from pointer target type [-Wdiscarded-qualifiers]
  166 |                         while (SPI_ReceiveDataIT(&SPI2handle,&ReadByte,1) == SPI_BUSY_IN_RX);
      |                                                              ^~~~~~~~~
In file included from /Users/mauricewashington/projects/udemy/Embedded-C/My_workspace/target/stm32f4xx_drivers/drivers/inc/stm32f407xx.h:537,
                 from ../Src/009spi_message_rcv_IT.c:30:
/Users/mauricewashington/projects/udemy/Embedded-C/My_workspace/target/stm32f4xx_drivers/drivers/inc/stm32f407xx_spi_driver.h:139:62: note: expected 'uint8_t *' {aka 'unsigned char *'} but argument is of type 'volatile char *'
  139 | uint8_t SPI_ReceiveDataIT(SPI_Handle_t *pSPIHandle, uint8_t *pRxBuffer, uint32_t Len);
      |                                                     ~~~~~~~~~^~~~~~~~~
arm-none-eabi-gcc -o "stm32f4xx_drivers.elf" @"objects.list"   -mcpu=cortex-m4 -T"/Users/mauricewashington/projects/udemy/Embedded-C/My_workspace/target/stm32f4xx_drivers/STM32F407VGTX_FLASH.ld" --specs=nosys.specs -Wl,-Map="stm32f4xx_drivers.map" -Wl,--gc-sections -static --specs=nano.specs -mfpu=fpv4-sp-d16 -mfloat-abi=hard -mthumb -Wl,--start-group -lc -lm -Wl,--end-group
Finished building target: stm32f4xx_drivers.elf
 
arm-none-eabi-size  stm32f4xx_drivers.elf 
arm-none-eabi-objdump -h -S stm32f4xx_drivers.elf  > "stm32f4xx_drivers.list"
   text	   data	    bss	    dec	    hex	filename
   8784	     92	   2444	  11320	   2c38	stm32f4xx_drivers.elf
Finished building: default.size.stdout
 
Finished building: stm32f4xx_drivers.list
 
13:31:22 **** Incremental Build of configuration Debug for project stm32f4xx_drivers ****
make -j11 all 
arm-none-eabi-gcc "../drivers/src/stm32f407xx_gpio_driver.c" -mcpu=cortex-m4 -std=gnu11 -g3 -DDEBUG -DSTM32 -DSTM32F407G_DISC1 -DSTM32F4 -DSTM32F407VGTx -c -I../Inc -I"/Users/mauricewashington/projects/udemy/Embedded-C/My_workspace/target/stm32f4xx_drivers/drivers/inc" -O0 -ffunction-sections -fdata-sections -Wall -fstack-usage -fcyclomatic-complexity -MMD -MP -MF"drivers/src/stm32f407xx_gpio_driver.d" -MT"drivers/src/stm32f407xx_gpio_driver.o" --specs=nano.specs -mfpu=fpv4-sp-d16 -mfloat-abi=hard -mthumb -o "drivers/src/stm32f407xx_gpio_driver.o"
arm-none-eabi-gcc "../drivers/src/stm32f407xx_i2c_driver.c" -mcpu=cortex-m4 -std=gnu11 -g3 -DDEBUG -DSTM32 -DSTM32F407G_DISC1 -DSTM32F4 -DSTM32F407VGTx -c -I../Inc -I"/Users/mauricewashington/projects/udemy/Embedded-C/My_workspace/target/stm32f4xx_drivers/drivers/inc" -O0 -ffunction-sections -fdata-sections -Wall -fstack-usage -fcyclomatic-complexity -MMD -MP -MF"drivers/src/stm32f407xx_i2c_driver.d" -MT"drivers/src/stm32f407xx_i2c_driver.o" --specs=nano.specs -mfpu=fpv4-sp-d16 -mfloat-abi=hard -mthumb -o "drivers/src/stm32f407xx_i2c_driver.o"
arm-none-eabi-gcc "../drivers/src/stm32f407xx_spi_driver.c" -mcpu=cortex-m4 -std=gnu11 -g3 -DDEBUG -DSTM32 -DSTM32F407G_DISC1 -DSTM32F4 -DSTM32F407VGTx -c -I../Inc -I"/Users/mauricewashington/projects/udemy/Embedded-C/My_workspace/target/stm32f4xx_drivers/drivers/inc" -O0 -ffunction-sections -fdata-sections -Wall -fstack-usage -fcyclomatic-complexity -MMD -MP -MF"drivers/src/stm32f407xx_spi_driver.d" -MT"drivers/src/stm32f407xx_spi_driver.o" --specs=nano.specs -mfpu=fpv4-sp-d16 -mfloat-abi=hard -mthumb -o "drivers/src/stm32f407xx_spi_driver.o"
arm-none-eabi-gcc "../Src/009spi_message_rcv_IT.c" -mcpu=cortex-m4 -std=gnu11 -g3 -DDEBUG -DSTM32 -DSTM32F407G_DISC1 -DSTM32F4 -DSTM32F407VGTx -c -I../Inc -I"/Users/mauricewashington/projects/udemy/Embedded-C/My_workspace/target/stm32f4xx_drivers/drivers/inc" -O0 -ffunction-sections -fdata-sections -Wall -fstack-usage -fcyclomatic-complexity -MMD -MP -MF"Src/009spi_message_rcv_IT.d" -MT"Src/009spi_message_rcv_IT.o" --specs=nano.specs -mfpu=fpv4-sp-d16 -mfloat-abi=hard -mthumb -o "Src/009spi_message_rcv_IT.o"
../drivers/src/stm32f407xx_i2c_driver.c: In function 'I2C_ExecuteAddressPhase':
../drivers/src/stm32f407xx_i2c_driver.c:23:19: warning: statement with no effect [-Wunused-value]
   23 |         SlaveAddr << 1; //makes space for R/WR bit
      |         ~~~~~~~~~~^~~~
../Src/009spi_message_rcv_IT.c: In function 'main':
../Src/009spi_message_rcv_IT.c:166:62: warning: passing argument 2 of 'SPI_ReceiveDataIT' discards 'volatile' qualifier from pointer target type [-Wdiscarded-qualifiers]
  166 |                         while (SPI_ReceiveDataIT(&SPI2handle,&ReadByte,1) == SPI_BUSY_IN_RX);
      |                                                              ^~~~~~~~~
In file included from /Users/mauricewashington/projects/udemy/Embedded-C/My_workspace/target/stm32f4xx_drivers/drivers/inc/stm32f407xx.h:537,
                 from ../Src/009spi_message_rcv_IT.c:30:
/Users/mauricewashington/projects/udemy/Embedded-C/My_workspace/target/stm32f4xx_drivers/drivers/inc/stm32f407xx_spi_driver.h:139:62: note: expected 'uint8_t *' {aka 'unsigned char *'} but argument is of type 'volatile char *'
  139 | uint8_t SPI_ReceiveDataIT(SPI_Handle_t *pSPIHandle, uint8_t *pRxBuffer, uint32_t Len);
      |                                                     ~~~~~~~~~^~~~~~~~~
arm-none-eabi-gcc -o "stm32f4xx_drivers.elf" @"objects.list"   -mcpu=cortex-m4 -T"/Users/mauricewashington/projects/udemy/Embedded-C/My_workspace/target/stm32f4xx_drivers/STM32F407VGTX_FLASH.ld" --specs=nosys.specs -Wl,-Map="stm32f4xx_drivers.map" -Wl,--gc-sections -static --specs=nano.specs -mfpu=fpv4-sp-d16 -mfloat-abi=hard -mthumb -Wl,--start-group -lc -lm -Wl,--end-group
Finished building target: stm32f4xx_drivers.elf
 
arm-none-eabi-size  stm32f4xx_drivers.elf 
arm-none-eabi-objdump -h -S stm32f4xx_drivers.elf  > "stm32f4xx_drivers.list"
   text	   data	    bss	    dec	    hex	filename
   8784	     92	   2444	  11320	   2c38	stm32f4xx_drivers.elf
Finished building: default.size.stdout
 
Finished building: stm32f4xx_drivers.list
 
13:32:32 **** Incremental Build of configuration Debug for project stm32f4xx_drivers ****
make -j11 all 
arm-none-eabi-gcc "../drivers/src/stm32f407xx_i2c_driver.c" -mcpu=cortex-m4 -std=gnu11 -g3 -DDEBUG -DSTM32 -DSTM32F407G_DISC1 -DSTM32F4 -DSTM32F407VGTx -c -I../Inc -I"/Users/mauricewashington/projects/udemy/Embedded-C/My_workspace/target/stm32f4xx_drivers/drivers/inc" -O0 -ffunction-sections -fdata-sections -Wall -fstack-usage -fcyclomatic-complexity -MMD -MP -MF"drivers/src/stm32f407xx_i2c_driver.d" -MT"drivers/src/stm32f407xx_i2c_driver.o" --specs=nano.specs -mfpu=fpv4-sp-d16 -mfloat-abi=hard -mthumb -o "drivers/src/stm32f407xx_i2c_driver.o"
arm-none-eabi-gcc -o "stm32f4xx_drivers.elf" @"objects.list"   -mcpu=cortex-m4 -T"/Users/mauricewashington/projects/udemy/Embedded-C/My_workspace/target/stm32f4xx_drivers/STM32F407VGTX_FLASH.ld" --specs=nosys.specs -Wl,-Map="stm32f4xx_drivers.map" -Wl,--gc-sections -static --specs=nano.specs -mfpu=fpv4-sp-d16 -mfloat-abi=hard -mthumb -Wl,--start-group -lc -lm -Wl,--end-group
Finished building target: stm32f4xx_drivers.elf
 
arm-none-eabi-size  stm32f4xx_drivers.elf 
arm-none-eabi-objdump -h -S stm32f4xx_drivers.elf  > "stm32f4xx_drivers.list"
   text	   data	    bss	    dec	    hex	filename
   8784	     92	   2444	  11320	   2c38	stm32f4xx_drivers.elf
Finished building: default.size.stdout
 
Finished building: stm32f4xx_drivers.list
 
15:56:21 **** Incremental Build of configuration Debug for project stm32f4xx_drivers ****
make -j11 all 
arm-none-eabi-gcc "../drivers/src/stm32f407xx_i2c_driver.c" -mcpu=cortex-m4 -std=gnu11 -g3 -DDEBUG -DSTM32 -DSTM32F407G_DISC1 -DSTM32F4 -DSTM32F407VGTx -c -I../Inc -I"/Users/mauricewashington/projects/udemy/Embedded-C/My_workspace/target/stm32f4xx_drivers/drivers/inc" -O0 -ffunction-sections -fdata-sections -Wall -fstack-usage -fcyclomatic-complexity -MMD -MP -MF"drivers/src/stm32f407xx_i2c_driver.d" -MT"drivers/src/stm32f407xx_i2c_driver.o" --specs=nano.specs -mfpu=fpv4-sp-d16 -mfloat-abi=hard -mthumb -o "drivers/src/stm32f407xx_i2c_driver.o"
../drivers/src/stm32f407xx_i2c_driver.c: In function 'I2C_ClearADDRFlag':
../drivers/src/stm32f407xx_i2c_driver.c:34:18: error: redefinition of 'dummyRead'
   34 |         uint32_t dummyRead = pI2Cx->SR2;
      |                  ^~~~~~~~~
../drivers/src/stm32f407xx_i2c_driver.c:33:18: note: previous definition of 'dummyRead' with type 'uint32_t' {aka 'long unsigned int'}
   33 |         uint32_t dummyRead = pI2Cx->SR1;
      |                  ^~~~~~~~~
../drivers/src/stm32f407xx_i2c_driver.c: At top level:
../drivers/src/stm32f407xx_i2c_driver.c:38:13: error: redefinition of 'I2C_GenerateStartCondition'
   38 | static void I2C_GenerateStartCondition(I2C_RegDef_t *pI2Cx)
      |             ^~~~~~~~~~~~~~~~~~~~~~~~~~
../drivers/src/stm32f407xx_i2c_driver.c:19:13: note: previous definition of 'I2C_GenerateStartCondition' with type 'void(I2C_RegDef_t *)'
   19 | static void I2C_GenerateStartCondition(I2C_RegDef_t *pI2Cx)
      |             ^~~~~~~~~~~~~~~~~~~~~~~~~~
../drivers/src/stm32f407xx_i2c_driver.c:16:13: warning: 'I2C_GenerateStopCondition' declared 'static' but never defined [-Wunused-function]
   16 | static void I2C_GenerateStopCondition(I2C_RegDef_t *pI2Cx);
      |             ^~~~~~~~~~~~~~~~~~~~~~~~~
../drivers/src/stm32f407xx_i2c_driver.c:19:13: warning: 'I2C_GenerateStartCondition' defined but not used [-Wunused-function]
   19 | static void I2C_GenerateStartCondition(I2C_RegDef_t *pI2Cx)
      |             ^~~~~~~~~~~~~~~~~~~~~~~~~~
make: *** [drivers/src/subdir.mk:25: drivers/src/stm32f407xx_i2c_driver.o] Error 1
"make -j11 all" terminated with exit code 2. Build might be incomplete.
15:56:55 **** Incremental Build of configuration Debug for project stm32f4xx_drivers ****
make -j11 all 
arm-none-eabi-gcc "../drivers/src/stm32f407xx_i2c_driver.c" -mcpu=cortex-m4 -std=gnu11 -g3 -DDEBUG -DSTM32 -DSTM32F407G_DISC1 -DSTM32F4 -DSTM32F407VGTx -c -I../Inc -I"/Users/mauricewashington/projects/udemy/Embedded-C/My_workspace/target/stm32f4xx_drivers/drivers/inc" -O0 -ffunction-sections -fdata-sections -Wall -fstack-usage -fcyclomatic-complexity -MMD -MP -MF"drivers/src/stm32f407xx_i2c_driver.d" -MT"drivers/src/stm32f407xx_i2c_driver.o" --specs=nano.specs -mfpu=fpv4-sp-d16 -mfloat-abi=hard -mthumb -o "drivers/src/stm32f407xx_i2c_driver.o"
../drivers/src/stm32f407xx_i2c_driver.c: In function 'I2C_ClearADDRFlag':
../drivers/src/stm32f407xx_i2c_driver.c:34:18: error: redefinition of 'dummyRead'
   34 |         uint32_t dummyRead = pI2Cx->SR2;
      |                  ^~~~~~~~~
../drivers/src/stm32f407xx_i2c_driver.c:33:18: note: previous definition of 'dummyRead' with type 'uint32_t' {aka 'long unsigned int'}
   33 |         uint32_t dummyRead = pI2Cx->SR1;
      |                  ^~~~~~~~~
make: *** [drivers/src/subdir.mk:25: drivers/src/stm32f407xx_i2c_driver.o] Error 1
"make -j11 all" terminated with exit code 2. Build might be incomplete.
15:57:16 **** Incremental Build of configuration Debug for project stm32f4xx_drivers ****
make -j11 all 
arm-none-eabi-gcc "../drivers/src/stm32f407xx_i2c_driver.c" -mcpu=cortex-m4 -std=gnu11 -g3 -DDEBUG -DSTM32 -DSTM32F407G_DISC1 -DSTM32F4 -DSTM32F407VGTx -c -I../Inc -I"/Users/mauricewashington/projects/udemy/Embedded-C/My_workspace/target/stm32f4xx_drivers/drivers/inc" -O0 -ffunction-sections -fdata-sections -Wall -fstack-usage -fcyclomatic-complexity -MMD -MP -MF"drivers/src/stm32f407xx_i2c_driver.d" -MT"drivers/src/stm32f407xx_i2c_driver.o" --specs=nano.specs -mfpu=fpv4-sp-d16 -mfloat-abi=hard -mthumb -o "drivers/src/stm32f407xx_i2c_driver.o"
arm-none-eabi-gcc -o "stm32f4xx_drivers.elf" @"objects.list"   -mcpu=cortex-m4 -T"/Users/mauricewashington/projects/udemy/Embedded-C/My_workspace/target/stm32f4xx_drivers/STM32F407VGTX_FLASH.ld" --specs=nosys.specs -Wl,-Map="stm32f4xx_drivers.map" -Wl,--gc-sections -static --specs=nano.specs -mfpu=fpv4-sp-d16 -mfloat-abi=hard -mthumb -Wl,--start-group -lc -lm -Wl,--end-group
Finished building target: stm32f4xx_drivers.elf
 
arm-none-eabi-size  stm32f4xx_drivers.elf 
arm-none-eabi-objdump -h -S stm32f4xx_drivers.elf  > "stm32f4xx_drivers.list"
   text	   data	    bss	    dec	    hex	filename
   8784	     92	   2444	  11320	   2c38	stm32f4xx_drivers.elf
Finished building: default.size.stdout
 
Finished building: stm32f4xx_drivers.list
 
16:56:21 **** Incremental Build of configuration Debug for project stm32f4xx_drivers ****
make -j11 all 
arm-none-eabi-gcc "../drivers/src/stm32f407xx_i2c_driver.c" -mcpu=cortex-m4 -std=gnu11 -g3 -DDEBUG -DSTM32 -DSTM32F407G_DISC1 -DSTM32F4 -DSTM32F407VGTx -c -I../Inc -I"/Users/mauricewashington/projects/udemy/Embedded-C/My_workspace/target/stm32f4xx_drivers/drivers/inc" -O0 -ffunction-sections -fdata-sections -Wall -fstack-usage -fcyclomatic-complexity -MMD -MP -MF"drivers/src/stm32f407xx_i2c_driver.d" -MT"drivers/src/stm32f407xx_i2c_driver.o" --specs=nano.specs -mfpu=fpv4-sp-d16 -mfloat-abi=hard -mthumb -o "drivers/src/stm32f407xx_i2c_driver.o"
../drivers/src/stm32f407xx_i2c_driver.c: In function 'I2C_Init':
../drivers/src/stm32f407xx_i2c_driver.c:179:20: warning: implicit declaration of function 'RCC_GetPCLK1Value'; did you mean 'RCC_GetPCLK11Value'? [-Wimplicit-function-declaration]
  179 |         tempreg |= RCC_GetPCLK1Value() / 1000000U;
      |                    ^~~~~~~~~~~~~~~~~
      |                    RCC_GetPCLK11Value
../drivers/src/stm32f407xx_i2c_driver.c:229:37: error: 'temreg' undeclared (first use in this function); did you mean 'tempreg'?
  229 |         pI2CHandle->pI2Cx->TRISE = (temreg & 0x3F);
      |                                     ^~~~~~
      |                                     tempreg
../drivers/src/stm32f407xx_i2c_driver.c:229:37: note: each undeclared identifier is reported only once for each function it appears in
make: *** [drivers/src/subdir.mk:25: drivers/src/stm32f407xx_i2c_driver.o] Error 1
"make -j11 all" terminated with exit code 2. Build might be incomplete.
16:56:27 **** Incremental Build of configuration Debug for project stm32f4xx_drivers ****
make -j11 all 
arm-none-eabi-gcc "../drivers/src/stm32f407xx_i2c_driver.c" -mcpu=cortex-m4 -std=gnu11 -g3 -DDEBUG -DSTM32 -DSTM32F407G_DISC1 -DSTM32F4 -DSTM32F407VGTx -c -I../Inc -I"/Users/mauricewashington/projects/udemy/Embedded-C/My_workspace/target/stm32f4xx_drivers/drivers/inc" -O0 -ffunction-sections -fdata-sections -Wall -fstack-usage -fcyclomatic-complexity -MMD -MP -MF"drivers/src/stm32f407xx_i2c_driver.d" -MT"drivers/src/stm32f407xx_i2c_driver.o" --specs=nano.specs -mfpu=fpv4-sp-d16 -mfloat-abi=hard -mthumb -o "drivers/src/stm32f407xx_i2c_driver.o"
../drivers/src/stm32f407xx_i2c_driver.c: In function 'I2C_Init':
../drivers/src/stm32f407xx_i2c_driver.c:179:20: warning: implicit declaration of function 'RCC_GetPCLK1Value'; did you mean 'RCC_GetPCLK11Value'? [-Wimplicit-function-declaration]
  179 |         tempreg |= RCC_GetPCLK1Value() / 1000000U;
      |                    ^~~~~~~~~~~~~~~~~
      |                    RCC_GetPCLK11Value
arm-none-eabi-gcc -o "stm32f4xx_drivers.elf" @"objects.list"   -mcpu=cortex-m4 -T"/Users/mauricewashington/projects/udemy/Embedded-C/My_workspace/target/stm32f4xx_drivers/STM32F407VGTX_FLASH.ld" --specs=nosys.specs -Wl,-Map="stm32f4xx_drivers.map" -Wl,--gc-sections -static --specs=nano.specs -mfpu=fpv4-sp-d16 -mfloat-abi=hard -mthumb -Wl,--start-group -lc -lm -Wl,--end-group
Finished building target: stm32f4xx_drivers.elf
 
arm-none-eabi-size  stm32f4xx_drivers.elf 
arm-none-eabi-objdump -h -S stm32f4xx_drivers.elf  > "stm32f4xx_drivers.list"
   text	   data	    bss	    dec	    hex	filename
   8784	     92	   2444	  11320	   2c38	stm32f4xx_drivers.elf
Finished building: default.size.stdout
 
Finished building: stm32f4xx_drivers.list
 
16:57:24 **** Incremental Build of configuration Debug for project stm32f4xx_drivers ****
make -j11 all 
arm-none-eabi-gcc "../drivers/src/stm32f407xx_i2c_driver.c" -mcpu=cortex-m4 -std=gnu11 -g3 -DDEBUG -DSTM32 -DSTM32F407G_DISC1 -DSTM32F4 -DSTM32F407VGTx -c -I../Inc -I"/Users/mauricewashington/projects/udemy/Embedded-C/My_workspace/target/stm32f4xx_drivers/drivers/inc" -O0 -ffunction-sections -fdata-sections -Wall -fstack-usage -fcyclomatic-complexity -MMD -MP -MF"drivers/src/stm32f407xx_i2c_driver.d" -MT"drivers/src/stm32f407xx_i2c_driver.o" --specs=nano.specs -mfpu=fpv4-sp-d16 -mfloat-abi=hard -mthumb -o "drivers/src/stm32f407xx_i2c_driver.o"
arm-none-eabi-gcc -o "stm32f4xx_drivers.elf" @"objects.list"   -mcpu=cortex-m4 -T"/Users/mauricewashington/projects/udemy/Embedded-C/My_workspace/target/stm32f4xx_drivers/STM32F407VGTX_FLASH.ld" --specs=nosys.specs -Wl,-Map="stm32f4xx_drivers.map" -Wl,--gc-sections -static --specs=nano.specs -mfpu=fpv4-sp-d16 -mfloat-abi=hard -mthumb -Wl,--start-group -lc -lm -Wl,--end-group
Finished building target: stm32f4xx_drivers.elf
 
arm-none-eabi-size  stm32f4xx_drivers.elf 
arm-none-eabi-objdump -h -S stm32f4xx_drivers.elf  > "stm32f4xx_drivers.list"
   text	   data	    bss	    dec	    hex	filename
   8784	     92	   2444	  11320	   2c38	stm32f4xx_drivers.elf
Finished building: default.size.stdout
 
Finished building: stm32f4xx_drivers.list
 
